Starting Box2D unit tests
======================================
  subtest passed: BasicHashSetTest
  subtest passed: HashSetCapacityTest
  subtest passed: HashSetAddRemoveTest
  subtest passed: HashSetClearTest
  subtest passed: HashSetGrowthTest
  subtest passed: HashSetEdgeCasesTest
  subtest passed: HashSetRemovalReorganizationTest
  subtest passed: HashSetStressTest
  subtest passed: HashSetShapePairKeyTest
  subtest passed: HashSetBytesTest
set: count = 50086, b2ContainsKey = 0.34275 ms, ave = 0.00684 us
  subtest passed: HashSetTest
test passed: TableTest after 0.00 s
test passed: MathTest after 0.00 s
test passed: BitSetTest after 0.00 s
  subtest passed: AABBTest
  subtest passed: AABBRayCastTest
  subtest passed: LargeWorldManifoldTest
  subtest passed: LargeWorldAABBTest
test passed: CollisionTest after 0.00 s
  subtest passed: TestCreateDestroy
  subtest passed: TestAccess
  subtest passed: TestIteration
  subtest passed: TestArrayOfStruct
  subtest passed: TestStructWithArray
  subtest passed: TestArrayEmplace
  subtest passed: TestArrayRemove
  subtest passed: TestArrayPop
  subtest passed: TestEmptyArrayProperties
  subtest passed: TestArrayReserveNoop
  subtest passed: TestArrayResizeDown
  subtest passed: TestArrayResizeUp
  subtest passed: TestArrayPopOrder
  subtest passed: TestArrayRemoveSwapContents
  subtest passed: TestArrayRemoveSwapAllFromEnd
  subtest passed: TestArrayGrowthIntegrity
  subtest passed: TestArrayInterleavedPushPop
  subtest passed: TestArrayEmplaceStruct
  subtest passed: TestArrayPushAfterReserve
  subtest passed: TestArraySingleElement
  subtest passed: TestArrayCreateN
test passed: ContainerTest after 0.00 s
  subtest passed: MultithreadingTest
  subtest passed: BuiltInSchedulerTest
  subtest passed: CrossPlatformTest
test passed: DeterminismTest after 1.41 s
  subtest passed: SegmentDistanceTest
  subtest passed: ShapeDistanceTest
  subtest passed: ShapeCastTest
  subtest passed: ShapeDistanceShortEdgeTest
  subtest passed: TimeOfImpactTest
test passed: DistanceTest after 0.00 s
  subtest passed: TreeCreateDestroy
  subtest passed: TreeRayCastTest
  subtest passed: TreeMultipleProxiesTest
  subtest passed: TreeQueryTest
  subtest passed: TreeMoveAndEnlargeTest
  subtest passed: TreeRebuildAndValidateTest
  subtest passed: TreeRowHeightTest
  subtest passed: TreeGridHeightTest
  subtest passed: TreeGridMovementTest
test passed: DynamicTreeTest after 0.00 s
test passed: IdTest after 0.00 s
  subtest passed: LargeWorldPyramidTest
  subtest passed: LargeWorldBulletTest
  subtest passed: LargeWorldRayCastTest
  subtest passed: LargeWorldOriginQueryTest
  subtest passed: LargeWorldRecordingTest
test passed: LargeWorldTest after 0.00 s
test passed: RecordingTest after 0.01 s
test passed: RecordingOutlinerTest after 0.00 s
test passed: RecordingKeyframeTest after 0.02 s
test passed: RecordingScrubTest after 0.02 s
test passed: RecordingQueryScrubTest after 0.02 s
test passed: ReStepRaceTest after 6.85 s
    head on density    1.0 worst error 0.0000 momentum drift 0.00e+00
    head on density   10.0 worst error 0.0000 momentum drift -2.21e-07
    head on density  100.0 worst error 0.0000 momentum drift 1.92e-07
  subtest passed: HeadOnTest
    phase e 0.25 -> mean 0.2500 spread 0.0000 [0.2500, 0.2500]
    phase e 0.50 -> mean 0.5000 spread 0.0000 [0.5000, 0.5000]
    phase e 0.90 -> mean 0.9000 spread 0.0000 [0.9000, 0.9000]
  subtest passed: PhaseTest
    supported e 0.50 supports 0 -> 0.5000
    supported e 0.50 supports 1 -> 0.4791
    supported e 0.50 supports 2 -> 0.4747
    supported e 0.50 supports 3 -> 0.5480
    supported e 0.90 supports 0 -> 0.9000
    supported e 0.90 supports 1 -> 0.8541
    supported e 0.90 supports 2 -> 0.8176
    supported e 0.90 supports 3 -> 0.9250
  subtest passed: SupportedTest
    two point e 0.50 substeps 4 -> 0.4985 spin -0.0077
    two point e 0.50 substeps 8 -> 0.5000 spin -0.0000
    two point e 0.90 substeps 4 -> 0.8859 spin -0.0703
    two point e 0.90 substeps 8 -> 0.8993 spin -0.0037
  subtest passed: TwoPointTest
    spin in +0.00 -> vy +4.9206 (want +5.0000)  w -0.0794 (want -0.0000)
    spin in +0.50 -> vy +4.9187 (want +5.0000)  w -0.5814 (want -0.5000)
    spin in +1.00 -> vy +4.9169 (want +5.0000)  w -1.0834 (want -1.0000)
    spin in +2.00 -> vy +4.9804 (want +5.0000)  w -2.0198 (want -2.0000)
  subtest passed: SpinTest
    drop  40.0 ->   39.997   39.995   39.994   39.992   39.991   39.989
    drop  20.0 ->   19.999   19.999   19.998   19.997   19.996   19.996
  subtest passed: DropTest
    single box first bounce spin -0.1421 apexes   9.890   8.418   6.777   6.821
  subtest passed: SingleBoxTest
    threshold 0.50x -> 0.0000
    threshold 0.90x -> 0.0000
    threshold 1.50x -> 1.0000
    threshold 4.00x -> 1.0000
  subtest passed: ThresholdTest
    resting drift 0.00000 peak speed 0.00196
  subtest passed: RestingTest
    worker hashes 0xdc0ed5ba31f15743 0xdc0ed5ba31f15743 0xdc0ed5ba31f15743
  subtest passed: WorkerParityTest
test passed: RestitutionTest after 0.02 s
  subtest passed: ShapeMassTest
  subtest passed: ShapeAABBTest
  subtest passed: PointInShapeTest
  subtest passed: RayCastShapeTest
test passed: ShapeTest after 0.00 s
test passed: SnapshotTest after 0.01 s
  subtest passed: SemaphoreCreateDestroyTest
  subtest passed: SemaphoreSignalWaitTest
  subtest passed: SemaphoreInitialCountTest
  subtest passed: ThreadCreateJoinTest
  subtest passed: ThreadMultipleTest
test passed: ThreadTest after 0.00 s
  subtest passed: HelloWorld
  subtest passed: EmptyWorld
  subtest passed: DestroyAllBodiesWorld
  subtest passed: TestIsValid
  subtest passed: TestWorldRecycle
  subtest passed: TestWorldCoverage
  subtest passed: TestSensor
  subtest passed: TestSetWorkerCount
  subtest passed: ChainSegmentShapeTest
  subtest passed: SetBulletDriftTest
  subtest passed: DeferredMassFlagSyncTest
  subtest passed: EnableSleepFlagSyncTest
  subtest passed: EnableContactRecyclingTest
  subtest passed: EnlargedProxyDestroyedTest
test passed: WorldTest after 0.06 s
======================================
All Box2D tests passed!
Test duration = 8.43 s
