inputs ruling HARVEST_COUNTEREXAMPLE: 4 of 256
  x= 64 bits=['REFUTED']
  x= 65 bits=['BUILT', 'REFUTED']
  x=192 bits=['REFUTED', 'SELF']
  x=193 bits=['BUILT', 'REFUTED', 'SELF']

REFUTED set (128 inputs): ruling distribution
  ADD_STATE                56
  ADD_MATERIAL             32
  RAISE_BUDGET             12
  AUTHOR_SUCCESSOR         8
  RESHAPE                  8
  CHANGE_GRANULARITY       8
  HARVEST_COUNTEREXAMPLE   4

REFUTED alone: HARVEST_COUNTEREXAMPLE
REFUTED+CAPPED: RAISE_BUDGET
REFUTED+BUILT: HARVEST_COUNTEREXAMPLE
REFUTED+UNREAD: ADD_MATERIAL
REFUTED+AMB: ADD_STATE
REFUTED+HIDDEN: CHANGE_GRANULARITY
REFUTED+NOTWIN: AUTHOR_SUCCESSOR
REFUTED+SELF: HARVEST_COUNTEREXAMPLE
nothing set: SHIP

REFUTED + one other bit:
  REFUTED+BUILT   -> HARVEST_COUNTEREXAMPLE
  REFUTED+AMB     -> ADD_STATE
  REFUTED+UNREAD  -> ADD_MATERIAL
  REFUTED+NOTWIN  -> AUTHOR_SUCCESSOR
  REFUTED+HIDDEN  -> CHANGE_GRANULARITY
  REFUTED+CAPPED  -> RAISE_BUDGET
  REFUTED+SELF    -> HARVEST_COUNTEREXAMPLE

HARVEST without REFUTED: []
