[  5%] Building C object CMakeFiles/cglm.dir/src/cam.c.o
[  5%] Building C object CMakeFiles/cglm.dir/src/affine.c.o
[  5%] Building C object CMakeFiles/cglm.dir/src/euler.c.o
[  9%] Building C object CMakeFiles/cglm.dir/src/vec2.c.o
[  9%] Building C object CMakeFiles/cglm.dir/src/io.c.o
[ 10%] Building C object CMakeFiles/cglm.dir/src/ivec2.c.o
[ 12%] Building C object CMakeFiles/cglm.dir/src/quat.c.o
[ 14%] Building C object CMakeFiles/cglm.dir/src/vec3.c.o
[ 16%] Building C object CMakeFiles/cglm.dir/src/ivec3.c.o
[ 18%] Building C object CMakeFiles/cglm.dir/src/vec4.c.o
[ 20%] Building C object CMakeFiles/cglm.dir/src/ivec4.c.o
[ 21%] Building C object CMakeFiles/cglm.dir/src/mat2.c.o
[ 23%] Building C object CMakeFiles/cglm.dir/src/mat2x3.c.o
[ 25%] Building C object CMakeFiles/cglm.dir/src/mat3.c.o
[ 27%] Building C object CMakeFiles/cglm.dir/src/mat2x4.c.o
[ 29%] Building C object CMakeFiles/cglm.dir/src/mat3x2.c.o
[ 30%] Building C object CMakeFiles/cglm.dir/src/mat3x4.c.o
[ 32%] Building C object CMakeFiles/cglm.dir/src/mat4.c.o
[ 34%] Building C object CMakeFiles/cglm.dir/src/mat4x2.c.o
[ 36%] Building C object CMakeFiles/cglm.dir/src/mat4x3.c.o
[ 38%] Building C object CMakeFiles/cglm.dir/src/plane.c.o
[ 40%] Building C object CMakeFiles/cglm.dir/src/noise.c.o
[ 41%] Building C object CMakeFiles/cglm.dir/src/frustum.c.o
[ 43%] Building C object CMakeFiles/cglm.dir/src/box.c.o
[ 45%] Building C object CMakeFiles/cglm.dir/src/aabb2d.c.o
[ 47%] Building C object CMakeFiles/cglm.dir/src/project.c.o
[ 49%] Building C object CMakeFiles/cglm.dir/src/ease.c.o
[ 50%] Building C object CMakeFiles/cglm.dir/src/sphere.c.o
[ 52%] Building C object CMakeFiles/cglm.dir/src/curve.c.o
[ 54%] Building C object CMakeFiles/cglm.dir/src/bezier.c.o
[ 56%] Building C object CMakeFiles/cglm.dir/src/ray.c.o
[ 58%] Building C object CMakeFiles/cglm.dir/src/affine2d.c.o
[ 60%] Linking C shared library libcglm.dylib
[ 85%] Built target cglm
[ 89%] Building C object test/CMakeFiles/tests.dir/src/test_bezier.c.o
[ 89%] Building C object test/CMakeFiles/tests.dir/runner.c.o
[ 90%] Building C object test/CMakeFiles/tests.dir/src/test_clamp.c.o
[ 94%] Building C object test/CMakeFiles/tests.dir/src/test_struct.c.o
[ 94%] Building C object test/CMakeFiles/tests.dir/src/tests.c.o
[ 96%] Building C object test/CMakeFiles/tests.dir/src/test_euler.c.o
[ 98%] Building C object test/CMakeFiles/tests.dir/src/test_common.c.o
/Users/kanchetidevieswar/neo/fluidfix/research/adversarial-2026-09-07/20-end-to-end-hostile/repo/test/runner.c:72:11: warning: implicit conversion from 'clock_t' (aka 'unsigned long') to 'double' may lose precision [-Wimplicit-int-float-conversion]
   72 |       if (elapsed > 0.01)
      |           ^~~~~~~ ~
1 warning generated.
[100%] Linking C executable ../tests
[100%] Built target tests
