[36m
Welcome to cglm tests ( [0m[36march: arm ARM64[0m[36m )

[0m[1m[37m  Test Name                            Elapsed Time                     
[32m  ✔︎[0m glm_mul                            0
[0m[32m  ✔︎[0m glm_mul                            0
[0m[32m  ✔︎[0m glm_inv_tr                         0
[0m[32m  ✔︎[0m glmc_mul                           0
[0m[32m  ✔︎[0m glmc_mul_rot                       0
[0m[32m  ✔︎[0m glmc_inv_tr                        0
[0m[32m  ✔︎[0m glm_translate                      0
[0m[32m  ✔︎[0m glm_translate_to                   0
[0m[32m  ✔︎[0m glm_translate_x                    0
[0m[32m  ✔︎[0m glm_translate_y                    0
[0m[32m  ✔︎[0m glm_translate_z                    0
[0m[32m  ✔︎[0m glm_translate_make                 0
[0m[32m  ✔︎[0m glm_scale_to                       0
[0m[32m  ✔︎[0m glm_scale_make                     0
[0m[32m  ✔︎[0m glm_scale                          0
[0m[32m  ✔︎[0m glm_scale_uni                      0
[0m[32m  ✔︎[0m glm_rotate_x                       0
[0m[32m  ✔︎[0m glm_rotate_y                       0
[0m[32m  ✔︎[0m glm_rotate_z                       0
[0m[32m  ✔︎[0m glm_rotate_make                    0
[0m[32m  ✔︎[0m glm_rotate                         0
[0m[32m  ✔︎[0m glm_rotate_at                      0
[0m[32m  ✔︎[0m glm_rotate_atm                     0
[0m[32m  ✔︎[0m glm_decompose_scalev               0
[0m[32m  ✔︎[0m glm_uniscaled                      0
[0m[32m  ✔︎[0m glm_decompose_rs                   0
[0m[32m  ✔︎[0m glm_decompose                      0
[0m[32m  ✔︎[0m glmc_translate                     0
[0m[32m  ✔︎[0m glmc_translate_to                  0
[0m[32m  ✔︎[0m glmc_translate_x                   0
[0m[32m  ✔︎[0m glmc_translate_y                   0
[0m[32m  ✔︎[0m glmc_translate_z                   0
[0m[32m  ✔︎[0m glmc_translate_make                0
[0m[32m  ✔︎[0m glmc_scale_to                      0
[0m[32m  ✔︎[0m glmc_scale_make                    0
[0m[32m  ✔︎[0m glmc_scale                         0
[0m[32m  ✔︎[0m glmc_scale_uni                     0
[0m[32m  ✔︎[0m glmc_rotate_x                      0
[0m[32m  ✔︎[0m glmc_rotate_y                      0
[0m[32m  ✔︎[0m glmc_rotate_z                      0
[0m[32m  ✔︎[0m glmc_rotate_make                   0
[0m[32m  ✔︎[0m glmc_rotate                        0
[0m[32m  ✔︎[0m glmc_rotate_at                     0
[0m[32m  ✔︎[0m glmc_rotate_atm                    0
[0m[32m  ✔︎[0m glmc_decompose_scalev              0
[0m[32m  ✔︎[0m glmc_uniscaled                     0
[0m[32m  ✔︎[0m glmc_decompose_rs                  0
[0m[32m  ✔︎[0m glmc_decompose                     0
[0m[32m  ✔︎[0m glm_translate2d                    0
[0m[32m  ✔︎[0m glm_translate2d_to                 0
[0m[32m  ✔︎[0m glm_translate2d_x                  0
[0m[32m  ✔︎[0m glm_translate2d_y                  0
[0m[32m  ✔︎[0m glm_translate2d_make               0
[0m[32m  ✔︎[0m glm_scale2d_to                     0
[0m[32m  ✔︎[0m glm_scale2d_make                   0
[0m[32m  ✔︎[0m glm_scale2d                        0
[0m[32m  ✔︎[0m glm_scale2d_uni                    0
[0m[32m  ✔︎[0m glm_rotate2d_make                  0
[0m[32m  ✔︎[0m glm_rotate2d                       0
[0m[32m  ✔︎[0m glm_rotate2d_to                    0
[0m[32m  ✔︎[0m glmc_translate2d                   0
[0m[32m  ✔︎[0m glmc_translate2d_to                0
[0m[32m  ✔︎[0m glmc_translate2d_x                 0
[0m[32m  ✔︎[0m glmc_translate2d_y                 0
[0m[32m  ✔︎[0m glmc_translate2d_make              0
[0m[32m  ✔︎[0m glmc_scale2d_to                    0
[0m[32m  ✔︎[0m glmc_scale2d_make                  0
[0m[32m  ✔︎[0m glmc_scale2d                       0
[0m[32m  ✔︎[0m glmc_scale2d_uni                   0
[0m[32m  ✔︎[0m glmc_rotate2d_make                 0
[0m[32m  ✔︎[0m glmc_rotate2d                      0
[0m[32m  ✔︎[0m glmc_rotate2d_to                   0
[0m[32m  ✔︎[0m glm_translated2d                   0
[0m[32m  ✔︎[0m glm_translated2d_x                 0
[0m[32m  ✔︎[0m glm_translated2d_y                 0
[0m[32m  ✔︎[0m glm_rotated2d                      0
[0m[32m  ✔︎[0m glm_scaled2d                       0
[0m[32m  ✔︎[0m glm_scaled2d_uni                   0
[0m[32m  ✔︎[0m glm_aabb2d_sizev                   0
[0m[32m  ✔︎[0m glm_mat4_ucopy                     0
[0m[32m  ✔︎[0m glm_mat4_copy                      0
[0m[32m  ✔︎[0m glm_mat4_identity                  0
[0m[32m  ✔︎[0m glm_mat4_identity_array            0
[0m[32m  ✔︎[0m glm_mat4_zero                      0
[0m[32m  ✔︎[0m glm_mat4_pick3                     0
[0m[32m  ✔︎[0m glm_mat4_pick3t                    0
[0m[32m  ✔︎[0m glm_mat4_ins3                      0
[0m[32m  ✔︎[0m glm_mat4_mul                       0
[0m[32m  ✔︎[0m glm_mat4_mulN                      0
[0m[32m  ✔︎[0m glm_mat4_mulv                      0
[0m[32m  ✔︎[0m glm_mat4_mulv3                     0
[0m[32m  ✔︎[0m glm_mat4_trace                     0
[0m[32m  ✔︎[0m glm_mat4_trace3                    0
[0m[32m  ✔︎[0m glm_mat4_quat                      0
[0m[32m  ✔︎[0m glm_mat4_transpose_to              0
[0m[32m  ✔︎[0m glm_mat4_transpose                 0
[0m[32m  ✔︎[0m glm_mat4_scale_p                   0
[0m[32m  ✔︎[0m glm_mat4_scale                     0
[0m[32m  ✔︎[0m glm_mat4_det                       0
[0m[32m  ✔︎[0m glm_mat4_inv                       0
[0m[32m  ✔︎[0m glm_mat4_inv_fast                  0
[0m[32m  ✔︎[0m glm_mat4_inv_precise               0
[0m[32m  ✔︎[0m glm_mat4_swap_col                  0
[0m[32m  ✔︎[0m glm_mat4_swap_row                  0
[0m[32m  ✔︎[0m glm_mat4_rmc                       0
[0m[32m  ✔︎[0m glm_mat4_make                      0
[0m[32m  ✔︎[0m glm_mat4_textrans                  0
[0m[32m  ✔︎[0m glmc_mat4_ucopy                    0
[0m[32m  ✔︎[0m glmc_mat4_copy                     0
[0m[32m  ✔︎[0m glmc_mat4_identity                 0
[0m[32m  ✔︎[0m glmc_mat4_identity_array           0
[0m[32m  ✔︎[0m glmc_mat4_zero                     0
[0m[32m  ✔︎[0m glmc_mat4_pick3                    0
[0m[32m  ✔︎[0m glmc_mat4_pick3t                   0
[0m[32m  ✔︎[0m glmc_mat4_ins3                     0
[0m[32m  ✔︎[0m glmc_mat4_mul                      0
[0m[32m  ✔︎[0m glmc_mat4_mulN                     0
[0m[32m  ✔︎[0m glmc_mat4_mulv                     0
[0m[32m  ✔︎[0m glmc_mat4_mulv3                    0
[0m[32m  ✔︎[0m glmc_mat4_trace                    0
[0m[32m  ✔︎[0m glmc_mat4_trace3                   0
[0m[32m  ✔︎[0m glmc_mat4_quat                     0
[0m[32m  ✔︎[0m glmc_mat4_transpose_to             0
[0m[32m  ✔︎[0m glmc_mat4_transpose                0
[0m[32m  ✔︎[0m glmc_mat4_scale_p                  0
[0m[32m  ✔︎[0m glmc_mat4_scale                    0
[0m[32m  ✔︎[0m glmc_mat4_det                      0
[0m[32m  ✔︎[0m glmc_mat4_inv                      0
[0m[32m  ✔︎[0m glmc_mat4_inv_fast                 0
[0m[32m  ✔︎[0m glmc_mat4_swap_col                 0
[0m[32m  ✔︎[0m glmc_mat4_swap_row                 0
[0m[32m  ✔︎[0m glmc_mat4_rmc                      0
[0m[32m  ✔︎[0m glmc_mat4_make                     0
[0m[32m  ✔︎[0m MACRO_GLM_MAT4X2_ZERO_INIT         0
[0m[32m  ✔︎[0m MACRO_GLM_MAT4X2_ZERO              0
[0m[32m  ✔︎[0m glm_mat4x2_copy                    0
[0m[32m  ✔︎[0m glm_mat4x2_zero                    0
[0m[32m  ✔︎[0m glm_mat4x2_make                    0
[0m[32m  ✔︎[0m glm_mat4x2_mul                     0
[0m[32m  ✔︎[0m glm_mat4x2_mulv                    0
[0m[32m  ✔︎[0m glm_mat4x2_transpose               0
[0m[32m  ✔︎[0m glm_mat4x2_scale                   0
[0m[32m  ✔︎[0m glmc_mat4x2_copy                   0
[0m[32m  ✔︎[0m glmc_mat4x2_zero                   0
[0m[32m  ✔︎[0m glmc_mat4x2_make                   0
[0m[32m  ✔︎[0m glmc_mat4x2_mul                    0
[0m[32m  ✔︎[0m glmc_mat4x2_mulv                   0
[0m[32m  ✔︎[0m glmc_mat4x2_transpose              0
[0m[32m  ✔︎[0m glmc_mat4x2_scale                  0
[0m[32m  ✔︎[0m MACRO_GLM_MAT4X3_ZERO_INIT         0
[0m[32m  ✔︎[0m MACRO_GLM_MAT4X3_ZERO              0
[0m[32m  ✔︎[0m glm_mat4x3_copy                    0
[0m[32m  ✔︎[0m glm_mat4x3_zero                    0
[0m[32m  ✔︎[0m glm_mat4x3_make                    0
[0m[32m  ✔︎[0m glm_mat4x3_mul                     0
[0m[32m  ✔︎[0m glm_mat4x3_mulv                    0
[0m[32m  ✔︎[0m glm_mat4x3_transpose               0
[0m[32m  ✔︎[0m glm_mat4x3_scale                   0
[0m[32m  ✔︎[0m glmc_mat4x3_copy                   0
[0m[32m  ✔︎[0m glmc_mat4x3_zero                   0
[0m[32m  ✔︎[0m glmc_mat4x3_make                   0
[0m[32m  ✔︎[0m glmc_mat4x3_mul                    0
[0m[32m  ✔︎[0m glmc_mat4x3_mulv                   0
[0m[32m  ✔︎[0m glmc_mat4x3_transpose              0
[0m[32m  ✔︎[0m glmc_mat4x3_scale                  0
[0m[32m  ✔︎[0m glm_mat3_copy                      0
[0m[32m  ✔︎[0m glm_mat3_identity                  0
[0m[32m  ✔︎[0m glm_mat3_identity_array            0
[0m[32m  ✔︎[0m glm_mat3_zero                      0
[0m[32m  ✔︎[0m glm_mat3_mul                       0
[0m[32m  ✔︎[0m glm_mat3_mulv                      0
[0m[32m  ✔︎[0m glm_mat3_trace                     0
[0m[32m  ✔︎[0m glm_mat3_quat                      0
[0m[32m  ✔︎[0m glm_mat3_transpose_to              0
[0m[32m  ✔︎[0m glm_mat3_transpose                 0
[0m[32m  ✔︎[0m glm_mat3_scale                     0
[0m[32m  ✔︎[0m glm_mat3_det                       0
[0m[32m  ✔︎[0m glm_mat3_inv                       0
[0m[32m  ✔︎[0m glm_mat3_swap_col                  0
[0m[32m  ✔︎[0m glm_mat3_swap_row                  0
[0m[32m  ✔︎[0m glm_mat3_rmc                       0
[0m[32m  ✔︎[0m glm_mat3_make                      0
[0m[32m  ✔︎[0m glm_mat3_textrans                  0
[0m[32m  ✔︎[0m glmc_mat3_copy                     0
[0m[32m  ✔︎[0m glmc_mat3_identity                 0
[0m[32m  ✔︎[0m glmc_mat3_identity_array           0
[0m[32m  ✔︎[0m glmc_mat3_zero                     0
[0m[32m  ✔︎[0m glmc_mat3_mul                      0
[0m[32m  ✔︎[0m glmc_mat3_mulv                     0
[0m[32m  ✔︎[0m glmc_mat3_trace                    0
[0m[32m  ✔︎[0m glmc_mat3_quat                     0
[0m[32m  ✔︎[0m glmc_mat3_transpose_to             0
[0m[32m  ✔︎[0m glmc_mat3_transpose                0
[0m[32m  ✔︎[0m glmc_mat3_scale                    0
[0m[32m  ✔︎[0m glmc_mat3_det                      0
[0m[32m  ✔︎[0m glmc_mat3_inv                      0
[0m[32m  ✔︎[0m glmc_mat3_swap_col                 0
[0m[32m  ✔︎[0m glmc_mat3_swap_row                 0
[0m[32m  ✔︎[0m glmc_mat3_rmc                      0
[0m[32m  ✔︎[0m glmc_mat3_make                     0
[0m[32m  ✔︎[0m MACRO_GLM_MAT3X2_ZERO_INIT         0
[0m[32m  ✔︎[0m MACRO_GLM_MAT3X2_ZERO              0
[0m[32m  ✔︎[0m glm_mat3x2_copy                    0
[0m[32m  ✔︎[0m glm_mat3x2_zero                    0
[0m[32m  ✔︎[0m glm_mat3x2_make                    0
[0m[32m  ✔︎[0m glm_mat3x2_mul                     0
[0m[32m  ✔︎[0m glm_mat3x2_mulv                    0
[0m[32m  ✔︎[0m glm_mat3x2_transpose               0
[0m[32m  ✔︎[0m glm_mat3x2_scale                   0
[0m[32m  ✔︎[0m glmc_mat3x2_copy                   0
[0m[32m  ✔︎[0m glmc_mat3x2_zero                   0
[0m[32m  ✔︎[0m glmc_mat3x2_make                   0
[0m[32m  ✔︎[0m glmc_mat3x2_mul                    0
[0m[32m  ✔︎[0m glmc_mat3x2_mulv                   0
[0m[32m  ✔︎[0m glmc_mat3x2_transpose              0
[0m[32m  ✔︎[0m glmc_mat3x2_scale                  0
[0m[32m  ✔︎[0m MACRO_GLM_MAT3X4_ZERO_INIT         0
[0m[32m  ✔︎[0m MACRO_GLM_MAT3X4_ZERO              0
[0m[32m  ✔︎[0m glm_mat3x4_make                    0
[0m[32m  ✔︎[0m glmc_mat3x4_make                   0
[0m[32m  ✔︎[0m MACRO_GLM_MAT2_IDENTITY_INIT       0
[0m[32m  ✔︎[0m MACRO_GLM_MAT2_ZERO_INIT           0
[0m[32m  ✔︎[0m MACRO_GLM_MAT2_IDENTITY            0
[0m[32m  ✔︎[0m MACRO_GLM_MAT2_ZERO                0
[0m[32m  ✔︎[0m glm_mat2_copy                      0
[0m[32m  ✔︎[0m glm_mat2_identity                  0
[0m[32m  ✔︎[0m glm_mat2_identity_array            0
[0m[32m  ✔︎[0m glm_mat2_zero                      0
[0m[32m  ✔︎[0m glm_mat2_mul                       0
[0m[32m  ✔︎[0m glm_mat2_transpose_to              0
[0m[32m  ✔︎[0m glm_mat2_transpose                 0
[0m[32m  ✔︎[0m glm_mat2_mulv                      0
[0m[32m  ✔︎[0m glm_mat2_trace                     0
[0m[32m  ✔︎[0m glm_mat2_scale                     0
[0m[32m  ✔︎[0m glm_mat2_det                       0
[0m[32m  ✔︎[0m glm_mat2_inv                       0
[0m[32m  ✔︎[0m glm_mat2_swap_col                  0
[0m[32m  ✔︎[0m glm_mat2_swap_row                  0
[0m[32m  ✔︎[0m glm_mat2_rmc                       0
[0m[32m  ✔︎[0m glm_mat2_make                      0
[0m[32m  ✔︎[0m glmc_mat2_copy                     0
[0m[32m  ✔︎[0m glmc_mat2_identity                 0
[0m[32m  ✔︎[0m glmc_mat2_identity_array           0
[0m[32m  ✔︎[0m glmc_mat2_zero                     0
[0m[32m  ✔︎[0m glmc_mat2_mul                      0
[0m[32m  ✔︎[0m glmc_mat2_transpose_to             0
[0m[32m  ✔︎[0m glmc_mat2_transpose                0
[0m[32m  ✔︎[0m glmc_mat2_mulv                     0
[0m[32m  ✔︎[0m glmc_mat2_trace                    0
[0m[32m  ✔︎[0m glmc_mat2_scale                    0
[0m[32m  ✔︎[0m glmc_mat2_det                      0
[0m[32m  ✔︎[0m glmc_mat2_inv                      0
[0m[32m  ✔︎[0m glmc_mat2_swap_col                 0
[0m[32m  ✔︎[0m glmc_mat2_swap_row                 0
[0m[32m  ✔︎[0m glmc_mat2_rmc                      0
[0m[32m  ✔︎[0m glmc_mat2_make                     0
[0m[32m  ✔︎[0m MACRO_GLM_MAT2X3_ZERO_INIT         0
[0m[32m  ✔︎[0m MACRO_GLM_MAT2X3_ZERO              0
[0m[32m  ✔︎[0m glm_mat2x3_copy                    0
[0m[32m  ✔︎[0m glm_mat2x3_zero                    0
[0m[32m  ✔︎[0m glm_mat2x3_make                    0
[0m[32m  ✔︎[0m glm_mat2x3_mul                     0
[0m[32m  ✔︎[0m glm_mat2x3_mulv                    0
[0m[32m  ✔︎[0m glm_mat2x3_transpose               0
[0m[32m  ✔︎[0m glm_mat2x3_scale                   0
[0m[32m  ✔︎[0m glmc_mat2x3_copy                   0
[0m[32m  ✔︎[0m glmc_mat2x3_zero                   0
[0m[32m  ✔︎[0m glmc_mat2x3_make                   0
[0m[32m  ✔︎[0m glmc_mat2x3_mul                    0
[0m[32m  ✔︎[0m glmc_mat2x3_mulv                   0
[0m[32m  ✔︎[0m glmc_mat2x3_transpose              0
[0m[32m  ✔︎[0m glmc_mat2x3_scale                  0
[0m[32m  ✔︎[0m MACRO_GLM_MAT2X4_ZERO_INIT         0
[0m[32m  ✔︎[0m MACRO_GLM_MAT2X4_ZERO              0
[0m[32m  ✔︎[0m glm_mat2x4_copy                    0
[0m[32m  ✔︎[0m glm_mat2x4_zero                    0
[0m[32m  ✔︎[0m glm_mat2x4_make                    0
[0m[32m  ✔︎[0m glm_mat2x4_mul                     0
[0m[32m  ✔︎[0m glm_mat2x4_mulv                    0
[0m[32m  ✔︎[0m glm_mat2x4_transpose               0
[0m[32m  ✔︎[0m glm_mat2x4_scale                   0
[0m[32m  ✔︎[0m glmc_mat2x4_copy                   0
[0m[32m  ✔︎[0m glmc_mat2x4_zero                   0
[0m[32m  ✔︎[0m glmc_mat2x4_make                   0
[0m[32m  ✔︎[0m glmc_mat2x4_mul                    0
[0m[32m  ✔︎[0m glmc_mat2x4_mulv                   0
[0m[32m  ✔︎[0m glmc_mat2x4_transpose              0
[0m[32m  ✔︎[0m glmc_mat2x4_scale                  0
[0m[32m  ✔︎[0m glm_perspective_lh_zo              0
[0m[32m  ✔︎[0m glm_perspective_rh_zo              0
[0m[32m  ✔︎[0m glm_perspective_lh_no              0
[0m[32m  ✔︎[0m glm_perspective_rh_no              0
[0m[32m  ✔︎[0m glm_camera_lookat                  0
[0m[32m  ✔︎[0m glm_camera_decomp                  0
[0m[32m  ✔︎[0m glmc_perspective_lh_zo             0
[0m[32m  ✔︎[0m glmc_perspective_rh_zo             0
[0m[32m  ✔︎[0m glmc_perspective_lh_no             0
[0m[32m  ✔︎[0m glmc_perspective_rh_no             0
[0m[32m  ✔︎[0m glmc_camera_lookat                 0
[0m[32m  ✔︎[0m glmc_camera_decomp                 0
[0m[32m  ✔︎[0m glm_frustum                        0
[0m[32m  ✔︎[0m glmc_frustum                       0
[0m[32m  ✔︎[0m glm_unprojecti                     0
[0m[32m  ✔︎[0m glm_unproject                      0
[0m[32m  ✔︎[0m glm_project                        0
[0m[32m  ✔︎[0m glmc_unprojecti                    0
[0m[32m  ✔︎[0m glmc_unproject                     0
[0m[32m  ✔︎[0m glmc_project                       0
[0m[32m  ✔︎[0m glm_plane_normalize                0
[0m[32m  ✔︎[0m glmc_plane_normalize               0
[0m[32m  ✔︎[0m glm_perlin_vec4                    0
[0m[32m  ✔︎[0m glmc_perlin_vec4                   0
[0m[32m  ✔︎[0m glm_perlin_vec3                    0
[0m[32m  ✔︎[0m glmc_perlin_vec3                   0
[0m[32m  ✔︎[0m glm_perlin_vec2                    0
[0m[32m  ✔︎[0m glmc_perlin_vec2                   0
[0m[32m  ✔︎[0m clamp                              0
[0m[32m  ✔︎[0m glm_euler_xyz_quat_rh              0
[0m[32m  ✔︎[0m glm_euler_xzy_quat_rh              0
[0m[32m  ✔︎[0m glm_euler_yxz_quat_rh              0
[0m[32m  ✔︎[0m glm_euler_yzx_quat_rh              0
[0m[32m  ✔︎[0m glm_euler_zxy_quat_rh              0
[0m[32m  ✔︎[0m glm_euler_zyx_quat_rh              0
[0m[32m  ✔︎[0m glm_euler_xyz_quat_lh              0
[0m[32m  ✔︎[0m glm_euler_xzy_quat_lh              0
[0m[32m  ✔︎[0m glm_euler_yxz_quat_lh              0
[0m[32m  ✔︎[0m glm_euler_yzx_quat_lh              0
[0m[32m  ✔︎[0m glm_euler_zxy_quat_lh              0
[0m[32m  ✔︎[0m glm_euler_zyx_quat_lh              0
[0m[32m  ✔︎[0m glmc_euler_xyz_quat_rh             0
[0m[32m  ✔︎[0m glmc_euler_xzy_quat_rh             0
[0m[32m  ✔︎[0m glmc_euler_yxz_quat_rh             0
[0m[32m  ✔︎[0m glmc_euler_yzx_quat_rh             0
[0m[32m  ✔︎[0m glmc_euler_zxy_quat_rh             0
[0m[32m  ✔︎[0m glmc_euler_zyx_quat_rh             0
[0m[32m  ✔︎[0m glmc_euler_xyz_quat_lh             0
[0m[32m  ✔︎[0m glmc_euler_xzy_quat_lh             0
[0m[32m  ✔︎[0m glmc_euler_yxz_quat_lh             0
[0m[32m  ✔︎[0m glmc_euler_yzx_quat_lh             0
[0m[32m  ✔︎[0m glmc_euler_zxy_quat_lh             0
[0m[32m  ✔︎[0m glmc_euler_zyx_quat_lh             0
[0m[32m  ✔︎[0m euler                              0
[0m[32m  ✔︎[0m glm_ray_triangle                   0
[0m[32m  ✔︎[0m glm_ray_sphere                     0
[0m[32m  ✔︎[0m glm_ray_at                         0
[0m[32m  ✔︎[0m glmc_ray_triangle                  0
[0m[32m  ✔︎[0m glmc_ray_sphere                    0
[0m[32m  ✔︎[0m glmc_ray_at                        0
[0m[32m  ✔︎[0m MACRO_GLM_QUAT_IDENTITY_INIT       0
[0m[32m  ✔︎[0m MACRO_GLM_QUAT_IDENTITY            0
[0m[32m  ✔︎[0m glm_quat_identity                  0
[0m[32m  ✔︎[0m glm_quat_identity_array            0
[0m[32m  ✔︎[0m glm_quat_init                      0
[0m[32m  ✔︎[0m glm_quatv                          0
[0m[32m  ✔︎[0m glm_quat                           0
[0m[32m  ✔︎[0m glm_quat_copy                      0
[0m[32m  ✔︎[0m glm_quat_norm                      0
[0m[32m  ✔︎[0m glm_quat_normalize_to              0
[0m[32m  ✔︎[0m glm_quat_normalize                 0
[0m[32m  ✔︎[0m glm_quat_dot                       0
[0m[32m  ✔︎[0m glm_quat_conjugate                 0
[0m[32m  ✔︎[0m glm_quat_inv                       0
[0m[32m  ✔︎[0m glm_quat_add                       0
[0m[32m  ✔︎[0m glm_quat_sub                       0
[0m[32m  ✔︎[0m glm_quat_real                      0
[0m[32m  ✔︎[0m glm_quat_imag                      0
[0m[32m  ✔︎[0m glm_quat_imagn                     0
[0m[32m  ✔︎[0m glm_quat_imaglen                   0
[0m[32m  ✔︎[0m glm_quat_angle                     0
[0m[32m  ✔︎[0m glm_quat_axis                      0
[0m[32m  ✔︎[0m glm_quat_mul                       0
[0m[32m  ✔︎[0m glm_quat_mat4                      0
[0m[32m  ✔︎[0m glm_quat_mat4t                     0
[0m[32m  ✔︎[0m glm_quat_mat3                      0
[0m[32m  ✔︎[0m glm_quat_mat3t                     0
[0m[32m  ✔︎[0m glm_quat_lerp                      0
[0m[32m  ✔︎[0m glm_quat_lerpc                     0
[0m[32m  ✔︎[0m glm_quat_nlerp                     0
[0m[32m  ✔︎[0m glm_quat_slerp                     0
[0m[32m  ✔︎[0m glm_quat_look                      0
[0m[32m  ✔︎[0m glm_quat_for                       0
[0m[32m  ✔︎[0m glm_quat_forp                      0
[0m[32m  ✔︎[0m glm_quat_rotatev                   0
[0m[32m  ✔︎[0m glm_quat_rotate                    0
[0m[32m  ✔︎[0m glm_quat_rotate_at                 0
[0m[32m  ✔︎[0m glm_quat_rotate_atm                0
[0m[32m  ✔︎[0m glm_quat_from_vecs                 0
[0m[32m  ✔︎[0m glm_quat_make                      0
[0m[32m  ✔︎[0m glmc_quat_identity                 0
[0m[32m  ✔︎[0m glmc_quat_identity_array           0
[0m[32m  ✔︎[0m glmc_quat_init                     0
[0m[32m  ✔︎[0m glmc_quatv                         0
[0m[32m  ✔︎[0m glmc_quat                          0
[0m[32m  ✔︎[0m glmc_quat_copy                     0
[0m[32m  ✔︎[0m glmc_quat_norm                     0
[0m[32m  ✔︎[0m glmc_quat_normalize_to             0
[0m[32m  ✔︎[0m glmc_quat_normalize                0
[0m[32m  ✔︎[0m glmc_quat_dot                      0
[0m[32m  ✔︎[0m glmc_quat_conjugate                0
[0m[32m  ✔︎[0m glmc_quat_inv                      0
[0m[32m  ✔︎[0m glmc_quat_add                      0
[0m[32m  ✔︎[0m glmc_quat_sub                      0
[0m[32m  ✔︎[0m glmc_quat_real                     0
[0m[32m  ✔︎[0m glmc_quat_imag                     0
[0m[32m  ✔︎[0m glmc_quat_imagn                    0
[0m[32m  ✔︎[0m glmc_quat_imaglen                  0
[0m[32m  ✔︎[0m glmc_quat_angle                    0
[0m[32m  ✔︎[0m glmc_quat_axis                     0
[0m[32m  ✔︎[0m glmc_quat_mul                      0
[0m[32m  ✔︎[0m glmc_quat_mat4                     0
[0m[32m  ✔︎[0m glmc_quat_mat4t                    0
[0m[32m  ✔︎[0m glmc_quat_mat3                     0
[0m[32m  ✔︎[0m glmc_quat_mat3t                    0
[0m[32m  ✔︎[0m glmc_quat_lerp                     0
[0m[32m  ✔︎[0m glmc_quat_lerpc                    0
[0m[32m  ✔︎[0m glmc_quat_nlerp                    0
[0m[32m  ✔︎[0m glmc_quat_slerp                    0
[0m[32m  ✔︎[0m glmc_quat_look                     0
[0m[32m  ✔︎[0m glmc_quat_for                      0
[0m[32m  ✔︎[0m glmc_quat_forp                     0
[0m[32m  ✔︎[0m glmc_quat_rotatev                  0
[0m[32m  ✔︎[0m glmc_quat_rotate                   0
[0m[32m  ✔︎[0m glmc_quat_rotate_at                0
[0m[32m  ✔︎[0m glmc_quat_rotate_atm               0
[0m[32m  ✔︎[0m glmc_quat_from_vecs                0
[0m[32m  ✔︎[0m glmc_quat_make                     0
[0m[31m  assert fail[0m in [1m[36m/Users/kanchetidevieswar/neo/fluidfix/research/adversarial-2026-09-07/20-end-to-end-hostile/repo/test/src/test_bezier.c [0mon [1m[35mline 52[0m : [1m[37m ASSERT(test_eq(Bs, Bs_plain))
[0m[1m[31m  𐄂[1m[37m bezier [0m
[32m  ✔︎[0m MACRO_GLM_VEC2_ONE_INIT            0
[0m[32m  ✔︎[0m MACRO_GLM_VEC2_ZERO_INIT           0
[0m[32m  ✔︎[0m MACRO_GLM_VEC2_ONE                 0
[0m[32m  ✔︎[0m MACRO_GLM_VEC2_ZERO                0
[0m[32m  ✔︎[0m glm_vec2                           0
[0m[32m  ✔︎[0m glm_vec2_copy                      0
[0m[32m  ✔︎[0m glm_vec2_zero                      0
[0m[32m  ✔︎[0m glm_vec2_one                       0
[0m[32m  ✔︎[0m glm_vec2_dot                       0
[0m[32m  ✔︎[0m glm_vec2_cross                     0
[0m[32m  ✔︎[0m glm_vec2_norm2                     0
[0m[32m  ✔︎[0m glm_vec2_norm                      0
[0m[32m  ✔︎[0m glm_vec2_add                       0
[0m[32m  ✔︎[0m glm_vec2_adds                      0
[0m[32m  ✔︎[0m glm_vec2_sub                       0
[0m[32m  ✔︎[0m glm_vec2_subs                      0
[0m[32m  ✔︎[0m glm_vec2_mul                       0
[0m[32m  ✔︎[0m glm_vec2_scale                     0
[0m[32m  ✔︎[0m glm_vec2_scale_as                  0
[0m[32m  ✔︎[0m glm_vec2_div                       0
[0m[32m  ✔︎[0m glm_vec2_divs                      0
[0m[32m  ✔︎[0m glm_vec2_addadd                    0
[0m[32m  ✔︎[0m glm_vec2_subadd                    0
[0m[32m  ✔︎[0m glm_vec2_muladd                    0
[0m[32m  ✔︎[0m glm_vec2_muladds                   0
[0m[32m  ✔︎[0m glm_vec2_maxadd                    0
[0m[32m  ✔︎[0m glm_vec2_minadd                    0
[0m[32m  ✔︎[0m glm_vec2_subsub                    0
[0m[32m  ✔︎[0m glm_vec2_addsub                    0
[0m[32m  ✔︎[0m glm_vec2_mulsub                    0
[0m[32m  ✔︎[0m glm_vec2_mulsubs                   0
[0m[32m  ✔︎[0m glm_vec2_maxsub                    0
[0m[32m  ✔︎[0m glm_vec2_minsub                    0
[0m[32m  ✔︎[0m glm_vec2_negate_to                 0
[0m[32m  ✔︎[0m glm_vec2_negate                    0
[0m[32m  ✔︎[0m glm_vec2_normalize                 0
[0m[32m  ✔︎[0m glm_vec2_normalize_to              0
[0m[32m  ✔︎[0m glm_vec2_rotate                    0
[0m[32m  ✔︎[0m glm_vec2_center                    0
[0m[32m  ✔︎[0m glm_vec2_distance2                 0
[0m[32m  ✔︎[0m glm_vec2_distance                  0
[0m[32m  ✔︎[0m glm_vec2_maxv                      0
[0m[32m  ✔︎[0m glm_vec2_minv                      0
[0m[32m  ✔︎[0m glm_vec2_clamp                     0
[0m[32m  ✔︎[0m glm_vec2_abs                       0
[0m[32m  ✔︎[0m glm_vec2_fract                     0
[0m[32m  ✔︎[0m glm_vec2_floor                     0
[0m[32m  ✔︎[0m glm_vec2_mods                      0
[0m[32m  ✔︎[0m glm_vec2_steps                     0
[0m[32m  ✔︎[0m glm_vec2_stepr                     0
[0m[32m  ✔︎[0m glm_vec2_lerp                      0
[0m[32m  ✔︎[0m glm_vec2_complex_mul               0
[0m[32m  ✔︎[0m glm_vec2_complex_div               0
[0m[32m  ✔︎[0m glm_vec2_make                      0
[0m[32m  ✔︎[0m glm_vec2_reflect                   0
[0m[32m  ✔︎[0m glm_vec2_refract                   0
[0m[32m  ✔︎[0m glmc_vec2                          0
[0m[32m  ✔︎[0m glmc_vec2_copy                     0
[0m[32m  ✔︎[0m glmc_vec2_zero                     0
[0m[32m  ✔︎[0m glmc_vec2_one                      0
[0m[32m  ✔︎[0m glmc_vec2_dot                      0
[0m[32m  ✔︎[0m glmc_vec2_cross                    0
[0m[32m  ✔︎[0m glmc_vec2_norm2                    0
[0m[32m  ✔︎[0m glmc_vec2_norm                     0
[0m[32m  ✔︎[0m glmc_vec2_add                      0
[0m[32m  ✔︎[0m glmc_vec2_adds                     0
[0m[32m  ✔︎[0m glmc_vec2_sub                      0
[0m[32m  ✔︎[0m glmc_vec2_subs                     0
[0m[32m  ✔︎[0m glmc_vec2_mul                      0
[0m[32m  ✔︎[0m glmc_vec2_scale                    0
[0m[32m  ✔︎[0m glmc_vec2_scale_as                 0
[0m[32m  ✔︎[0m glmc_vec2_div                      0
[0m[32m  ✔︎[0m glmc_vec2_divs                     0
[0m[32m  ✔︎[0m glmc_vec2_addadd                   0
[0m[32m  ✔︎[0m glmc_vec2_subadd                   0
[0m[32m  ✔︎[0m glmc_vec2_muladd                   0
[0m[32m  ✔︎[0m glmc_vec2_muladds                  0
[0m[32m  ✔︎[0m glmc_vec2_maxadd                   0
[0m[32m  ✔︎[0m glmc_vec2_minadd                   0
[0m[32m  ✔︎[0m glmc_vec2_subsub                   0
[0m[32m  ✔︎[0m glmc_vec2_addsub                   0
[0m[32m  ✔︎[0m glmc_vec2_mulsub                   0
[0m[32m  ✔︎[0m glmc_vec2_mulsubs                  0
[0m[32m  ✔︎[0m glmc_vec2_maxsub                   0
[0m[32m  ✔︎[0m glmc_vec2_minsub                   0
[0m[32m  ✔︎[0m glmc_vec2_negate_to                0
[0m[32m  ✔︎[0m glmc_vec2_negate                   0
[0m[32m  ✔︎[0m glmc_vec2_normalize                0
[0m[32m  ✔︎[0m glmc_vec2_normalize_to             0
[0m[32m  ✔︎[0m glmc_vec2_rotate                   0
[0m[32m  ✔︎[0m glmc_vec2_center                   0
[0m[32m  ✔︎[0m glmc_vec2_distance2                0
[0m[32m  ✔︎[0m glmc_vec2_distance                 0
[0m[32m  ✔︎[0m glmc_vec2_maxv                     0
[0m[32m  ✔︎[0m glmc_vec2_minv                     0
[0m[32m  ✔︎[0m glmc_vec2_clamp                    0
[0m[32m  ✔︎[0m glmc_vec2_abs                      0
[0m[32m  ✔︎[0m glmc_vec2_fract                    0
[0m[32m  ✔︎[0m glmc_vec2_floor                    0
[0m[32m  ✔︎[0m glmc_vec2_mods                     0
[0m[32m  ✔︎[0m glmc_vec2_steps                    0
[0m[32m  ✔︎[0m glmc_vec2_stepr                    0
[0m[32m  ✔︎[0m glmc_vec2_lerp                     0
[0m[32m  ✔︎[0m glmc_vec2_complex_mul              0
[0m[32m  ✔︎[0m glmc_vec2_complex_div              0
[0m[32m  ✔︎[0m glmc_vec2_make                     0
[0m[32m  ✔︎[0m glmc_vec2_reflect                  0
[0m[32m  ✔︎[0m glmc_vec2_refract                  0
[0m[32m  ✔︎[0m MACRO_GLM_VEC3_ONE_INIT            0
[0m[32m  ✔︎[0m MACRO_GLM_VEC3_ZERO_INIT           0
[0m[32m  ✔︎[0m MACRO_GLM_VEC3_ONE                 0
[0m[32m  ✔︎[0m MACRO_GLM_VEC3_ZERO                0
[0m[32m  ✔︎[0m MACRO_GLM_YUP                      0
[0m[32m  ✔︎[0m MACRO_GLM_ZUP                      0
[0m[32m  ✔︎[0m MACRO_GLM_XUP                      0
[0m[32m  ✔︎[0m MACRO_GLM_FORWARD_RH               0
[0m[32m  ✔︎[0m MACRO_GLM_SHUFFLE3                 0
[0m[32m  ✔︎[0m MACRO_GLM_XXX                      0
[0m[32m  ✔︎[0m MACRO_GLM_YYY                      0
[0m[32m  ✔︎[0m MACRO_GLM_ZZZ                      0
[0m[32m  ✔︎[0m MACRO_GLM_ZYX                      0
[0m[32m  ✔︎[0m MACRO_glm_vec3_dup                 0
[0m[32m  ✔︎[0m MACRO_glm_vec3_flipsign            0
[0m[32m  ✔︎[0m MACRO_glm_vec3_flipsign_to         0
[0m[32m  ✔︎[0m MACRO_glm_vec3_inv                 0
[0m[32m  ✔︎[0m MACRO_glm_vec3_inv_to              0
[0m[32m  ✔︎[0m MACRO_glm_vec3_mulv                0
[0m[32m  ✔︎[0m glm_vec3                           0
[0m[32m  ✔︎[0m glm_vec3_copy                      0
[0m[32m  ✔︎[0m glm_vec3_zero                      0
[0m[32m  ✔︎[0m glm_vec3_one                       0
[0m[32m  ✔︎[0m glm_vec3_dot                       0
[0m[32m  ✔︎[0m glm_dot                            0
[0m[32m  ✔︎[0m glm_vec3_norm2                     0
[0m[32m  ✔︎[0m glm_vec3_norm                      0
[0m[32m  ✔︎[0m glm_vec3_norm_one                  0
[0m[32m  ✔︎[0m glm_vec3_norm_inf                  0
[0m[32m  ✔︎[0m glm_vec3_add                       0
[0m[32m  ✔︎[0m glm_vec3_adds                      0
[0m[32m  ✔︎[0m glm_vec3_sub                       0
[0m[32m  ✔︎[0m glm_vec3_subs                      0
[0m[32m  ✔︎[0m glm_vec3_mul                       0
[0m[32m  ✔︎[0m glm_vec3_scale                     0
[0m[32m  ✔︎[0m glm_vec3_scale_as                  0
[0m[32m  ✔︎[0m glm_vec3_div                       0
[0m[32m  ✔︎[0m glm_vec3_divs                      0
[0m[32m  ✔︎[0m glm_vec3_addadd                    0
[0m[32m  ✔︎[0m glm_vec3_subadd                    0
[0m[32m  ✔︎[0m glm_vec3_muladd                    0
[0m[32m  ✔︎[0m glm_vec3_muladds                   0
[0m[32m  ✔︎[0m glm_vec3_maxadd                    0
[0m[32m  ✔︎[0m glm_vec3_minadd                    0
[0m[32m  ✔︎[0m glm_vec3_subsub                    0
[0m[32m  ✔︎[0m glm_vec3_addsub                    0
[0m[32m  ✔︎[0m glm_vec3_mulsub                    0
[0m[32m  ✔︎[0m glm_vec3_mulsubs                   0
[0m[32m  ✔︎[0m glm_vec3_maxsub                    0
[0m[32m  ✔︎[0m glm_vec3_minsub                    0
[0m[32m  ✔︎[0m glm_vec3_negate_to                 0
[0m[32m  ✔︎[0m glm_vec3_negate                    0
[0m[32m  ✔︎[0m glm_vec3_normalize                 0
[0m[32m  ✔︎[0m glm_vec3_normalize_to              0
[0m[32m  ✔︎[0m glm_normalize                      0
[0m[32m  ✔︎[0m glm_normalize_to                   0
[0m[32m  ✔︎[0m glm_vec3_cross                     0
[0m[32m  ✔︎[0m glm_vec3_crossn                    0
[0m[32m  ✔︎[0m glm_cross                          0
[0m[32m  ✔︎[0m glm_vec3_angle                     0
[0m[32m  ✔︎[0m glm_vec3_rotate                    0
[0m[32m  ✔︎[0m glm_vec3_rotate_m4                 0
[0m[32m  ✔︎[0m glm_vec3_rotate_m3                 0
[0m[32m  ✔︎[0m glm_vec3_proj                      0
[0m[32m  ✔︎[0m glm_vec3_center                    0
[0m[32m  ✔︎[0m glmc_vec3_distance2                0
[0m[32m  ✔︎[0m glmc_vec3_distance                 0
[0m[32m  ✔︎[0m glm_vec3_maxv                      0
[0m[32m  ✔︎[0m glm_vec3_minv                      0
[0m[32m  ✔︎[0m glm_vec3_ortho                     0
[0m[32m  ✔︎[0m glm_vec3_clamp                     0
[0m[32m  ✔︎[0m glm_vec3_mix                       0
[0m[32m  ✔︎[0m glm_vec3_mixc                      0
[0m[32m  ✔︎[0m glm_vec3_step                      0
[0m[32m  ✔︎[0m glm_vec3_smoothstep_uni            0
[0m[32m  ✔︎[0m glm_vec3_smoothstep                0
[0m[32m  ✔︎[0m glm_vec3_smoothinterp              0
[0m[32m  ✔︎[0m glm_vec3_smoothinterpc             0
[0m[32m  ✔︎[0m glm_vec3_swizzle                   0
[0m[32m  ✔︎[0m glm_vec3_broadcast                 0
[0m[32m  ✔︎[0m glm_vec3_fill                      0
[0m[32m  ✔︎[0m glm_vec3_eq                        0
[0m[32m  ✔︎[0m glm_vec3_eq_eps                    0
[0m[32m  ✔︎[0m glm_vec3_eq_all                    0
[0m[32m  ✔︎[0m glm_vec3_eqv                       0
[0m[32m  ✔︎[0m glm_vec3_eqv_eps                   0
[0m[32m  ✔︎[0m glm_vec3_max                       0
[0m[32m  ✔︎[0m glm_vec3_min                       0
[0m[32m  ✔︎[0m glm_vec3_isnan                     0
[0m[32m  ✔︎[0m glm_vec3_isinf                     0
[0m[32m  ✔︎[0m glm_vec3_isvalid                   0
[0m[32m  ✔︎[0m glm_vec3_sign                      0
[0m[32m  ✔︎[0m glm_vec3_abs                       0
[0m[32m  ✔︎[0m glm_vec3_fract                     0
[0m[32m  ✔︎[0m glm_vec3_floor                     0
[0m[32m  ✔︎[0m glm_vec3_mods                      0
[0m[32m  ✔︎[0m glm_vec3_steps                     0
[0m[32m  ✔︎[0m glm_vec3_stepr                     0
[0m[32m  ✔︎[0m glm_vec3_hadd                      0
[0m[32m  ✔︎[0m glm_vec3_sqrt                      0
[0m[32m  ✔︎[0m glm_vec3_make                      0
[0m[32m  ✔︎[0m glm_vec3_faceforward               0
[0m[32m  ✔︎[0m glm_vec3_reflect                   0
[0m[32m  ✔︎[0m glm_vec3_refract                   0
[0m[32m  ✔︎[0m glmc_vec3                          0
[0m[32m  ✔︎[0m glmc_vec3_copy                     0
[0m[32m  ✔︎[0m glmc_vec3_zero                     0
[0m[32m  ✔︎[0m glmc_vec3_one                      0
[0m[32m  ✔︎[0m glmc_vec3_dot                      0
[0m[32m  ✔︎[0m glmc_vec3_norm2                    0
[0m[32m  ✔︎[0m glmc_vec3_norm                     0
[0m[32m  ✔︎[0m glmc_vec3_norm_one                 0
[0m[32m  ✔︎[0m glmc_vec3_norm_inf                 0
[0m[32m  ✔︎[0m glmc_vec3_add                      0
[0m[32m  ✔︎[0m glmc_vec3_adds                     0
[0m[32m  ✔︎[0m glmc_vec3_sub                      0
[0m[32m  ✔︎[0m glmc_vec3_subs                     0
[0m[32m  ✔︎[0m glmc_vec3_mul                      0
[0m[32m  ✔︎[0m glmc_vec3_scale                    0
[0m[32m  ✔︎[0m glmc_vec3_scale_as                 0
[0m[32m  ✔︎[0m glmc_vec3_div                      0
[0m[32m  ✔︎[0m glmc_vec3_divs                     0
[0m[32m  ✔︎[0m glmc_vec3_addadd                   0
[0m[32m  ✔︎[0m glmc_vec3_subadd                   0
[0m[32m  ✔︎[0m glmc_vec3_muladd                   0
[0m[32m  ✔︎[0m glmc_vec3_muladds                  0
[0m[32m  ✔︎[0m glmc_vec3_maxadd                   0
[0m[32m  ✔︎[0m glmc_vec3_minadd                   0
[0m[32m  ✔︎[0m glmc_vec3_subsub                   0
[0m[32m  ✔︎[0m glmc_vec3_addsub                   0
[0m[32m  ✔︎[0m glmc_vec3_mulsub                   0
[0m[32m  ✔︎[0m glmc_vec3_mulsubs                  0
[0m[32m  ✔︎[0m glmc_vec3_maxsub                   0
[0m[32m  ✔︎[0m glmc_vec3_minsub                   0
[0m[32m  ✔︎[0m glmc_vec3_negate_to                0
[0m[32m  ✔︎[0m glmc_vec3_negate                   0
[0m[32m  ✔︎[0m glmc_vec3_normalize                0
[0m[32m  ✔︎[0m glmc_vec3_normalize_to             0
[0m[32m  ✔︎[0m glmc_vec3_cross                    0
[0m[32m  ✔︎[0m glmc_vec3_crossn                   0
[0m[32m  ✔︎[0m glmc_vec3_angle                    0
[0m[32m  ✔︎[0m glmc_vec3_rotate                   0
[0m[32m  ✔︎[0m glmc_vec3_rotate_m4                0
[0m[32m  ✔︎[0m glmc_vec3_rotate_m3                0
[0m[32m  ✔︎[0m glmc_vec3_proj                     0
[0m[32m  ✔︎[0m glmc_vec3_center                   0
[0m[32m  ✔︎[0m glmc_vec3_distance2                0
[0m[32m  ✔︎[0m glmc_vec3_distance                 0
[0m[32m  ✔︎[0m glmc_vec3_maxv                     0
[0m[32m  ✔︎[0m glmc_vec3_minv                     0
[0m[32m  ✔︎[0m glmc_vec3_ortho                    0
[0m[32m  ✔︎[0m glmc_vec3_clamp                    0
[0m[32m  ✔︎[0m glmc_vec3_mix                      0
[0m[32m  ✔︎[0m glmc_vec3_mixc                     0
[0m[32m  ✔︎[0m glmc_vec3_step                     0
[0m[32m  ✔︎[0m glmc_vec3_smoothstep_uni           0
[0m[32m  ✔︎[0m glmc_vec3_smoothstep               0
[0m[32m  ✔︎[0m glmc_vec3_smoothinterp             0
[0m[32m  ✔︎[0m glmc_vec3_smoothinterpc            0
[0m[32m  ✔︎[0m glmc_vec3_swizzle                  0
[0m[32m  ✔︎[0m glmc_vec3_broadcast                0
[0m[32m  ✔︎[0m glmc_vec3_fill                     0
[0m[32m  ✔︎[0m glmc_vec3_eq                       0
[0m[32m  ✔︎[0m glmc_vec3_eq_eps                   0
[0m[32m  ✔︎[0m glmc_vec3_eq_all                   0
[0m[32m  ✔︎[0m glmc_vec3_eqv                      0
[0m[32m  ✔︎[0m glmc_vec3_eqv_eps                  0
[0m[32m  ✔︎[0m glmc_vec3_max                      0
[0m[32m  ✔︎[0m glmc_vec3_min                      0
[0m[32m  ✔︎[0m glmc_vec3_isnan                    0
[0m[32m  ✔︎[0m glmc_vec3_isinf                    0
[0m[32m  ✔︎[0m glmc_vec3_isvalid                  0
[0m[32m  ✔︎[0m glmc_vec3_sign                     0
[0m[32m  ✔︎[0m glmc_vec3_abs                      0
[0m[32m  ✔︎[0m glmc_vec3_fract                    0
[0m[32m  ✔︎[0m glmc_vec3_floor                    0
[0m[32m  ✔︎[0m glmc_vec3_mods                     0
[0m[32m  ✔︎[0m glmc_vec3_steps                    0
[0m[32m  ✔︎[0m glmc_vec3_stepr                    0
[0m[32m  ✔︎[0m glmc_vec3_hadd                     0
[0m[32m  ✔︎[0m glmc_vec3_sqrt                     0
[0m[32m  ✔︎[0m glmc_vec3_make                     0
[0m[32m  ✔︎[0m glmc_vec3_faceforward              0
[0m[32m  ✔︎[0m glmc_vec3_reflect                  0
[0m[32m  ✔︎[0m glmc_vec3_refract                  0
[0m[32m  ✔︎[0m MACRO_GLM_VEC4_ONE_INIT            0
[0m[32m  ✔︎[0m MACRO_GLM_VEC4_ZERO_INIT           0
[0m[32m  ✔︎[0m MACRO_GLM_VEC4_ONE                 0
[0m[32m  ✔︎[0m MACRO_GLM_VEC4_ZERO                0
[0m[32m  ✔︎[0m MACRO_GLM_XXXX                     0
[0m[32m  ✔︎[0m MACRO_GLM_YYYY                     0
[0m[32m  ✔︎[0m MACRO_GLM_ZZZZ                     0
[0m[32m  ✔︎[0m MACRO_GLM_WZYX                     0
[0m[32m  ✔︎[0m MACRO_glm_vec4_dup                 0
[0m[32m  ✔︎[0m MACRO_glm_vec4_flipsign            0
[0m[32m  ✔︎[0m MACRO_glm_vec4_flipsign_to         0
[0m[32m  ✔︎[0m MACRO_glm_vec4_inv                 0
[0m[32m  ✔︎[0m MACRO_glm_vec4_inv_to              0
[0m[32m  ✔︎[0m MACRO_glm_vec4_mulv                0
[0m[32m  ✔︎[0m glm_vec4                           0
[0m[32m  ✔︎[0m glm_vec4_copy3                     0
[0m[32m  ✔︎[0m glm_vec4_copy                      0
[0m[32m  ✔︎[0m glm_vec4_ucopy                     0
[0m[32m  ✔︎[0m glm_vec4_zero                      0
[0m[32m  ✔︎[0m glm_vec4_one                       0
[0m[32m  ✔︎[0m glm_vec4_dot                       0
[0m[32m  ✔︎[0m glm_vec4_norm2                     0
[0m[32m  ✔︎[0m glm_vec4_norm                      0
[0m[32m  ✔︎[0m glm_vec4_norm_one                  0
[0m[32m  ✔︎[0m glm_vec4_norm_inf                  0
[0m[32m  ✔︎[0m glm_vec4_add                       0
[0m[32m  ✔︎[0m glm_vec4_adds                      0
[0m[32m  ✔︎[0m glm_vec4_sub                       0
[0m[32m  ✔︎[0m glm_vec4_subs                      0
[0m[32m  ✔︎[0m glm_vec4_mul                       0
[0m[32m  ✔︎[0m glm_vec4_scale                     0
[0m[32m  ✔︎[0m glm_vec4_scale_as                  0
[0m[32m  ✔︎[0m glm_vec4_div                       0
[0m[32m  ✔︎[0m glm_vec4_divs                      0
[0m[32m  ✔︎[0m glm_vec4_addadd                    0
[0m[32m  ✔︎[0m glm_vec4_subadd                    0
[0m[32m  ✔︎[0m glm_vec4_muladd                    0
[0m[32m  ✔︎[0m glm_vec4_muladds                   0
[0m[32m  ✔︎[0m glm_vec4_maxadd                    0
[0m[32m  ✔︎[0m glm_vec4_minadd                    0
[0m[32m  ✔︎[0m glm_vec4_subsub                    0
[0m[32m  ✔︎[0m glm_vec4_addsub                    0
[0m[32m  ✔︎[0m glm_vec4_mulsub                    0
[0m[32m  ✔︎[0m glm_vec4_mulsubs                   0
[0m[32m  ✔︎[0m glm_vec4_maxsub                    0
[0m[32m  ✔︎[0m glm_vec4_minsub                    0
[0m[32m  ✔︎[0m glm_vec4_negate_to                 0
[0m[32m  ✔︎[0m glm_vec4_negate                    0
[0m[32m  ✔︎[0m glm_vec4_normalize                 0
[0m[32m  ✔︎[0m glm_vec4_normalize_to              0
[0m[32m  ✔︎[0m glm_vec4_distance2                 0
[0m[32m  ✔︎[0m glm_vec4_distance                  0
[0m[32m  ✔︎[0m glm_vec4_maxv                      0
[0m[32m  ✔︎[0m glm_vec4_minv                      0
[0m[32m  ✔︎[0m glm_vec4_clamp                     0
[0m[32m  ✔︎[0m glm_vec4_lerp                      0
[0m[32m  ✔︎[0m glm_vec4_lerpc                     0
[0m[32m  ✔︎[0m glm_vec4_mix                       0
[0m[32m  ✔︎[0m glm_vec4_mixc                      0
[0m[32m  ✔︎[0m glm_vec4_step                      0
[0m[32m  ✔︎[0m glm_vec4_smoothstep_uni            0
[0m[32m  ✔︎[0m glm_vec4_smoothstep                0
[0m[32m  ✔︎[0m glm_vec4_smoothinterp              0
[0m[32m  ✔︎[0m glm_vec4_smoothinterpc             0
[0m[32m  ✔︎[0m glm_vec4_cubic                     0
[0m[32m  ✔︎[0m glm_vec4_swizzle                   0
[0m[32m  ✔︎[0m glm_vec4_broadcast                 0
[0m[32m  ✔︎[0m glm_vec4_fill                      0
[0m[32m  ✔︎[0m glm_vec4_eq                        0
[0m[32m  ✔︎[0m glm_vec4_eq_eps                    0
[0m[32m  ✔︎[0m glm_vec4_eq_all                    0
[0m[32m  ✔︎[0m glm_vec4_eqv                       0
[0m[32m  ✔︎[0m glm_vec4_eqv_eps                   0
[0m[32m  ✔︎[0m glm_vec4_max                       0
[0m[32m  ✔︎[0m glm_vec4_min                       0
[0m[32m  ✔︎[0m glm_vec4_isnan                     0
[0m[32m  ✔︎[0m glm_vec4_isinf                     0
[0m[32m  ✔︎[0m glm_vec4_isvalid                   0
[0m[32m  ✔︎[0m glm_vec4_sign                      0
[0m[32m  ✔︎[0m glm_vec4_abs                       0
[0m[32m  ✔︎[0m glm_vec4_fract                     0
[0m[32m  ✔︎[0m glm_vec4_floor                     0
[0m[32m  ✔︎[0m glm_vec4_mods                      0
[0m[32m  ✔︎[0m glm_vec4_steps                     0
[0m[32m  ✔︎[0m glm_vec4_stepr                     0
[0m[32m  ✔︎[0m glm_vec4_hadd                      0
[0m[32m  ✔︎[0m glm_vec4_sqrt                      0
[0m[32m  ✔︎[0m glm_vec4_make                      0
[0m[32m  ✔︎[0m glm_vec4_reflect                   0
[0m[32m  ✔︎[0m glm_vec4_refract                   0
[0m[32m  ✔︎[0m glmc_vec4                          0
[0m[32m  ✔︎[0m glmc_vec4_copy3                    0
[0m[32m  ✔︎[0m glmc_vec4_copy                     0
[0m[32m  ✔︎[0m glmc_vec4_ucopy                    0
[0m[32m  ✔︎[0m glmc_vec4_zero                     0
[0m[32m  ✔︎[0m glmc_vec4_one                      0
[0m[32m  ✔︎[0m glmc_vec4_dot                      0
[0m[32m  ✔︎[0m glmc_vec4_norm2                    0
[0m[32m  ✔︎[0m glmc_vec4_norm                     0
[0m[32m  ✔︎[0m glmc_vec4_norm_one                 0
[0m[32m  ✔︎[0m glmc_vec4_norm_inf                 0
[0m[32m  ✔︎[0m glmc_vec4_add                      0
[0m[32m  ✔︎[0m glmc_vec4_adds                     0
[0m[32m  ✔︎[0m glmc_vec4_sub                      0
[0m[32m  ✔︎[0m glmc_vec4_subs                     0
[0m[32m  ✔︎[0m glmc_vec4_mul                      0
[0m[32m  ✔︎[0m glmc_vec4_scale                    0
[0m[32m  ✔︎[0m glmc_vec4_scale_as                 0
[0m[32m  ✔︎[0m glmc_vec4_div                      0
[0m[32m  ✔︎[0m glmc_vec4_divs                     0
[0m[32m  ✔︎[0m glmc_vec4_addadd                   0
[0m[32m  ✔︎[0m glmc_vec4_subadd                   0
[0m[32m  ✔︎[0m glmc_vec4_muladd                   0
[0m[32m  ✔︎[0m glmc_vec4_muladds                  0
[0m[32m  ✔︎[0m glmc_vec4_maxadd                   0
[0m[32m  ✔︎[0m glmc_vec4_minadd                   0
[0m[32m  ✔︎[0m glmc_vec4_subsub                   0
[0m[32m  ✔︎[0m glmc_vec4_addsub                   0
[0m[32m  ✔︎[0m glmc_vec4_mulsub                   0
[0m[32m  ✔︎[0m glmc_vec4_mulsubs                  0
[0m[32m  ✔︎[0m glmc_vec4_maxsub                   0
[0m[32m  ✔︎[0m glmc_vec4_minsub                   0
[0m[32m  ✔︎[0m glmc_vec4_negate_to                0
[0m[32m  ✔︎[0m glmc_vec4_negate                   0
[0m[32m  ✔︎[0m glmc_vec4_normalize                0
[0m[32m  ✔︎[0m glmc_vec4_normalize_to             0
[0m[32m  ✔︎[0m glmc_vec4_distance2                0
[0m[32m  ✔︎[0m glmc_vec4_distance                 0
[0m[32m  ✔︎[0m glmc_vec4_maxv                     0
[0m[32m  ✔︎[0m glmc_vec4_minv                     0
[0m[32m  ✔︎[0m glmc_vec4_clamp                    0
[0m[32m  ✔︎[0m glmc_vec4_lerp                     0
[0m[32m  ✔︎[0m glmc_vec4_lerpc                    0
[0m[32m  ✔︎[0m glmc_vec4_mix                      0
[0m[32m  ✔︎[0m glmc_vec4_mixc                     0
[0m[32m  ✔︎[0m glmc_vec4_step                     0
[0m[32m  ✔︎[0m glmc_vec4_smoothstep_uni           0
[0m[32m  ✔︎[0m glmc_vec4_smoothstep               0
[0m[32m  ✔︎[0m glmc_vec4_smoothinterp             0
[0m[32m  ✔︎[0m glmc_vec4_smoothinterpc            0
[0m[32m  ✔︎[0m glmc_vec4_cubic                    0
[0m[32m  ✔︎[0m glmc_vec4_swizzle                  0
[0m[32m  ✔︎[0m glmc_vec4_broadcast                0
[0m[32m  ✔︎[0m glmc_vec4_fill                     0
[0m[32m  ✔︎[0m glmc_vec4_eq                       0
[0m[32m  ✔︎[0m glmc_vec4_eq_eps                   0
[0m[32m  ✔︎[0m glmc_vec4_eq_all                   0
[0m[32m  ✔︎[0m glmc_vec4_eqv                      0
[0m[32m  ✔︎[0m glmc_vec4_eqv_eps                  0
[0m[32m  ✔︎[0m glmc_vec4_max                      0
[0m[32m  ✔︎[0m glmc_vec4_min                      0
[0m[32m  ✔︎[0m glmc_vec4_isnan                    0
[0m[32m  ✔︎[0m glmc_vec4_isinf                    0
[0m[32m  ✔︎[0m glmc_vec4_isvalid                  0
[0m[32m  ✔︎[0m glmc_vec4_sign                     0
[0m[32m  ✔︎[0m glmc_vec4_abs                      0
[0m[32m  ✔︎[0m glmc_vec4_fract                    0
[0m[32m  ✔︎[0m glmc_vec4_floor                    0
[0m[32m  ✔︎[0m glmc_vec4_mods                     0
[0m[32m  ✔︎[0m glmc_vec4_steps                    0
[0m[32m  ✔︎[0m glmc_vec4_stepr                    0
[0m[32m  ✔︎[0m glmc_vec4_hadd                     0
[0m[32m  ✔︎[0m glmc_vec4_sqrt                     0
[0m[32m  ✔︎[0m glmc_vec4_make                     0
[0m[32m  ✔︎[0m glmc_vec4_reflect                  0
[0m[32m  ✔︎[0m glmc_vec4_refract                  0
[0m[32m  ✔︎[0m glm_ivec2                          0
[0m[32m  ✔︎[0m glm_ivec2_copy                     0
[0m[32m  ✔︎[0m glm_ivec2_zero                     0
[0m[32m  ✔︎[0m glm_ivec2_one                      0
[0m[32m  ✔︎[0m glm_ivec2_dot                      0
[0m[32m  ✔︎[0m glm_ivec2_cross                    0
[0m[32m  ✔︎[0m glm_ivec2_add                      0
[0m[32m  ✔︎[0m glm_ivec2_adds                     0
[0m[32m  ✔︎[0m glm_ivec2_sub                      0
[0m[32m  ✔︎[0m glm_ivec2_subs                     0
[0m[32m  ✔︎[0m glm_ivec2_mul                      0
[0m[32m  ✔︎[0m glm_ivec2_scale                    0
[0m[32m  ✔︎[0m glm_ivec2_div                      0
[0m[32m  ✔︎[0m glm_ivec2_divs                     0
[0m[32m  ✔︎[0m glm_ivec2_mod                      0
[0m[32m  ✔︎[0m glm_ivec2_addadd                   0
[0m[32m  ✔︎[0m glm_ivec2_addadds                  0
[0m[32m  ✔︎[0m glm_ivec2_subadd                   0
[0m[32m  ✔︎[0m glm_ivec2_subadds                  0
[0m[32m  ✔︎[0m glm_ivec2_muladd                   0
[0m[32m  ✔︎[0m glm_ivec2_muladds                  0
[0m[32m  ✔︎[0m glm_ivec2_maxadd                   0
[0m[32m  ✔︎[0m glm_ivec2_minadd                   0
[0m[32m  ✔︎[0m glm_ivec2_subsub                   0
[0m[32m  ✔︎[0m glm_ivec2_subsubs                  0
[0m[32m  ✔︎[0m glm_ivec2_addsub                   0
[0m[32m  ✔︎[0m glm_ivec2_addsubs                  0
[0m[32m  ✔︎[0m glm_ivec2_mulsub                   0
[0m[32m  ✔︎[0m glm_ivec2_mulsubs                  0
[0m[32m  ✔︎[0m glm_ivec2_maxsub                   0
[0m[32m  ✔︎[0m glm_ivec2_minsub                   0
[0m[32m  ✔︎[0m glm_ivec2_distance2                0
[0m[32m  ✔︎[0m glm_ivec2_distance                 0
[0m[32m  ✔︎[0m glm_ivec2_fill                     0
[0m[32m  ✔︎[0m glm_ivec2_eq                       0
[0m[32m  ✔︎[0m glm_ivec2_eqv                      0
[0m[32m  ✔︎[0m glm_ivec2_maxv                     0
[0m[32m  ✔︎[0m glm_ivec2_minv                     0
[0m[32m  ✔︎[0m glm_ivec2_clamp                    0
[0m[32m  ✔︎[0m glm_ivec2_abs                      0
[0m[32m  ✔︎[0m glmc_ivec2                         0
[0m[32m  ✔︎[0m glmc_ivec2_copy                    0
[0m[32m  ✔︎[0m glmc_ivec2_zero                    0
[0m[32m  ✔︎[0m glmc_ivec2_one                     0
[0m[32m  ✔︎[0m glmc_ivec2_dot                     0
[0m[32m  ✔︎[0m glmc_ivec2_cross                   0
[0m[32m  ✔︎[0m glmc_ivec2_add                     0
[0m[32m  ✔︎[0m glmc_ivec2_adds                    0
[0m[32m  ✔︎[0m glmc_ivec2_sub                     0
[0m[32m  ✔︎[0m glmc_ivec2_subs                    0
[0m[32m  ✔︎[0m glmc_ivec2_mul                     0
[0m[32m  ✔︎[0m glmc_ivec2_scale                   0
[0m[32m  ✔︎[0m glmc_ivec2_div                     0
[0m[32m  ✔︎[0m glmc_ivec2_divs                    0
[0m[32m  ✔︎[0m glmc_ivec2_mod                     0
[0m[32m  ✔︎[0m glmc_ivec2_addadd                  0
[0m[32m  ✔︎[0m glmc_ivec2_addadds                 0
[0m[32m  ✔︎[0m glmc_ivec2_subadd                  0
[0m[32m  ✔︎[0m glmc_ivec2_subadds                 0
[0m[32m  ✔︎[0m glmc_ivec2_muladd                  0
[0m[32m  ✔︎[0m glmc_ivec2_muladds                 0
[0m[32m  ✔︎[0m glmc_ivec2_maxadd                  0
[0m[32m  ✔︎[0m glmc_ivec2_minadd                  0
[0m[32m  ✔︎[0m glmc_ivec2_subsub                  0
[0m[32m  ✔︎[0m glmc_ivec2_subsubs                 0
[0m[32m  ✔︎[0m glmc_ivec2_addsub                  0
[0m[32m  ✔︎[0m glmc_ivec2_addsubs                 0
[0m[32m  ✔︎[0m glmc_ivec2_mulsub                  0
[0m[32m  ✔︎[0m glmc_ivec2_mulsubs                 0
[0m[32m  ✔︎[0m glmc_ivec2_maxsub                  0
[0m[32m  ✔︎[0m glmc_ivec2_minsub                  0
[0m[32m  ✔︎[0m glmc_ivec2_distance2               0
[0m[32m  ✔︎[0m glmc_ivec2_distance                0
[0m[32m  ✔︎[0m glmc_ivec2_fill                    0
[0m[32m  ✔︎[0m glmc_ivec2_eq                      0
[0m[32m  ✔︎[0m glmc_ivec2_eqv                     0
[0m[32m  ✔︎[0m glmc_ivec2_maxv                    0
[0m[32m  ✔︎[0m glmc_ivec2_minv                    0
[0m[32m  ✔︎[0m glmc_ivec2_clamp                   0
[0m[32m  ✔︎[0m glmc_ivec2_abs                     0
[0m[32m  ✔︎[0m glm_ivec3                          0
[0m[32m  ✔︎[0m glm_ivec3_copy                     0
[0m[32m  ✔︎[0m glm_ivec3_zero                     0
[0m[32m  ✔︎[0m glm_ivec3_one                      0
[0m[32m  ✔︎[0m glm_ivec3_dot                      0
[0m[32m  ✔︎[0m glm_ivec3_norm2                    0
[0m[32m  ✔︎[0m glm_ivec3_norm                     0
[0m[32m  ✔︎[0m glm_ivec3_add                      0
[0m[32m  ✔︎[0m glm_ivec3_adds                     0
[0m[32m  ✔︎[0m glm_ivec3_sub                      0
[0m[32m  ✔︎[0m glm_ivec3_subs                     0
[0m[32m  ✔︎[0m glm_ivec3_mul                      0
[0m[32m  ✔︎[0m glm_ivec3_scale                    0
[0m[32m  ✔︎[0m glm_ivec3_div                      0
[0m[32m  ✔︎[0m glm_ivec3_divs                     0
[0m[32m  ✔︎[0m glm_ivec3_mod                      0
[0m[32m  ✔︎[0m glm_ivec3_addadd                   0
[0m[32m  ✔︎[0m glm_ivec3_addadds                  0
[0m[32m  ✔︎[0m glm_ivec3_subadd                   0
[0m[32m  ✔︎[0m glm_ivec3_subadds                  0
[0m[32m  ✔︎[0m glm_ivec3_muladd                   0
[0m[32m  ✔︎[0m glm_ivec3_muladds                  0
[0m[32m  ✔︎[0m glm_ivec3_maxadd                   0
[0m[32m  ✔︎[0m glm_ivec3_minadd                   0
[0m[32m  ✔︎[0m glm_ivec3_subsub                   0
[0m[32m  ✔︎[0m glm_ivec3_subsubs                  0
[0m[32m  ✔︎[0m glm_ivec3_addsub                   0
[0m[32m  ✔︎[0m glm_ivec3_addsubs                  0
[0m[32m  ✔︎[0m glm_ivec3_mulsub                   0
[0m[32m  ✔︎[0m glm_ivec3_mulsubs                  0
[0m[32m  ✔︎[0m glm_ivec3_maxsub                   0
[0m[32m  ✔︎[0m glm_ivec3_minsub                   0
[0m[32m  ✔︎[0m glm_ivec3_distance2                0
[0m[32m  ✔︎[0m glm_ivec3_distance                 0
[0m[32m  ✔︎[0m glm_ivec3_fill                     0
[0m[32m  ✔︎[0m glm_ivec3_eq                       0
[0m[32m  ✔︎[0m glm_ivec3_eqv                      0
[0m[32m  ✔︎[0m glm_ivec3_maxv                     0
[0m[32m  ✔︎[0m glm_ivec3_minv                     0
[0m[32m  ✔︎[0m glm_ivec3_clamp                    0
[0m[32m  ✔︎[0m glmc_ivec3                         0
[0m[32m  ✔︎[0m glmc_ivec3_copy                    0
[0m[32m  ✔︎[0m glmc_ivec3_zero                    0
[0m[32m  ✔︎[0m glmc_ivec3_one                     0
[0m[32m  ✔︎[0m glmc_ivec3_dot                     0
[0m[32m  ✔︎[0m glmc_ivec3_norm2                   0
[0m[32m  ✔︎[0m glmc_ivec3_norm                    0
[0m[32m  ✔︎[0m glmc_ivec3_add                     0
[0m[32m  ✔︎[0m glmc_ivec3_adds                    0
[0m[32m  ✔︎[0m glmc_ivec3_sub                     0
[0m[32m  ✔︎[0m glmc_ivec3_subs                    0
[0m[32m  ✔︎[0m glmc_ivec3_mul                     0
[0m[32m  ✔︎[0m glmc_ivec3_scale                   0
[0m[32m  ✔︎[0m glmc_ivec3_div                     0
[0m[32m  ✔︎[0m glmc_ivec3_divs                    0
[0m[32m  ✔︎[0m glmc_ivec3_mod                     0
[0m[32m  ✔︎[0m glmc_ivec3_addadd                  0
[0m[32m  ✔︎[0m glmc_ivec3_addadds                 0
[0m[32m  ✔︎[0m glmc_ivec3_subadd                  0
[0m[32m  ✔︎[0m glmc_ivec3_subadds                 0
[0m[32m  ✔︎[0m glmc_ivec3_muladd                  0
[0m[32m  ✔︎[0m glmc_ivec3_muladds                 0
[0m[32m  ✔︎[0m glmc_ivec3_maxadd                  0
[0m[32m  ✔︎[0m glmc_ivec3_minadd                  0
[0m[32m  ✔︎[0m glmc_ivec3_subsub                  0
[0m[32m  ✔︎[0m glmc_ivec3_subsubs                 0
[0m[32m  ✔︎[0m glmc_ivec3_addsub                  0
[0m[32m  ✔︎[0m glmc_ivec3_addsubs                 0
[0m[32m  ✔︎[0m glmc_ivec3_mulsub                  0
[0m[32m  ✔︎[0m glmc_ivec3_mulsubs                 0
[0m[32m  ✔︎[0m glmc_ivec3_maxsub                  0
[0m[32m  ✔︎[0m glmc_ivec3_minsub                  0
[0m[32m  ✔︎[0m glmc_ivec3_distance2               0
[0m[32m  ✔︎[0m glmc_ivec3_distance                0
[0m[32m  ✔︎[0m glmc_ivec3_fill                    0
[0m[32m  ✔︎[0m glmc_ivec3_eq                      0
[0m[32m  ✔︎[0m glmc_ivec3_eqv                     0
[0m[32m  ✔︎[0m glmc_ivec3_maxv                    0
[0m[32m  ✔︎[0m glmc_ivec3_minv                    0
[0m[32m  ✔︎[0m glmc_ivec3_clamp                   0
[0m[32m  ✔︎[0m glm_ivec4                          0
[0m[32m  ✔︎[0m glm_ivec4_copy                     0
[0m[32m  ✔︎[0m glm_ivec4_zero                     0
[0m[32m  ✔︎[0m glm_ivec4_one                      0
[0m[32m  ✔︎[0m glm_ivec4_add                      0
[0m[32m  ✔︎[0m glm_ivec4_adds                     0
[0m[32m  ✔︎[0m glm_ivec4_sub                      0
[0m[32m  ✔︎[0m glm_ivec4_subs                     0
[0m[32m  ✔︎[0m glm_ivec4_mul                      0
[0m[32m  ✔︎[0m glm_ivec4_scale                    0
[0m[32m  ✔︎[0m glm_ivec4_addadd                   0
[0m[32m  ✔︎[0m glm_ivec4_addadds                  0
[0m[32m  ✔︎[0m glm_ivec4_subadd                   0
[0m[32m  ✔︎[0m glm_ivec4_subadds                  0
[0m[32m  ✔︎[0m glm_ivec4_muladd                   0
[0m[32m  ✔︎[0m glm_ivec4_muladds                  0
[0m[32m  ✔︎[0m glm_ivec4_maxadd                   0
[0m[32m  ✔︎[0m glm_ivec4_minadd                   0
[0m[32m  ✔︎[0m glm_ivec4_subsub                   0
[0m[32m  ✔︎[0m glm_ivec4_subsubs                  0
[0m[32m  ✔︎[0m glm_ivec4_addsub                   0
[0m[32m  ✔︎[0m glm_ivec4_addsubs                  0
[0m[32m  ✔︎[0m glm_ivec4_mulsub                   0
[0m[32m  ✔︎[0m glm_ivec4_mulsubs                  0
[0m[32m  ✔︎[0m glm_ivec4_maxsub                   0
[0m[32m  ✔︎[0m glm_ivec4_minsub                   0
[0m[32m  ✔︎[0m glm_ivec4_distance2                0
[0m[32m  ✔︎[0m glm_ivec4_distance                 0
[0m[32m  ✔︎[0m glm_ivec4_maxv                     0
[0m[32m  ✔︎[0m glm_ivec4_minv                     0
[0m[32m  ✔︎[0m glm_ivec4_clamp                    0
[0m[32m  ✔︎[0m glmc_ivec4                         0
[0m[32m  ✔︎[0m glmc_ivec4_copy                    0
[0m[32m  ✔︎[0m glmc_ivec4_zero                    0
[0m[32m  ✔︎[0m glmc_ivec4_one                     0
[0m[32m  ✔︎[0m glmc_ivec4_add                     0
[0m[32m  ✔︎[0m glmc_ivec4_adds                    0
[0m[32m  ✔︎[0m glmc_ivec4_sub                     0
[0m[32m  ✔︎[0m glmc_ivec4_subs                    0
[0m[32m  ✔︎[0m glmc_ivec4_mul                     0
[0m[32m  ✔︎[0m glmc_ivec4_scale                   0
[0m[32m  ✔︎[0m glmc_ivec4_addadd                  0
[0m[32m  ✔︎[0m glmc_ivec4_addadds                 0
[0m[32m  ✔︎[0m glmc_ivec4_subadd                  0
[0m[32m  ✔︎[0m glmc_ivec4_subadds                 0
[0m[32m  ✔︎[0m glmc_ivec4_muladd                  0
[0m[32m  ✔︎[0m glmc_ivec4_muladds                 0
[0m[32m  ✔︎[0m glmc_ivec4_maxadd                  0
[0m[32m  ✔︎[0m glmc_ivec4_minadd                  0
[0m[32m  ✔︎[0m glmc_ivec4_subsub                  0
[0m[32m  ✔︎[0m glmc_ivec4_subsubs                 0
[0m[32m  ✔︎[0m glmc_ivec4_addsub                  0
[0m[32m  ✔︎[0m glmc_ivec4_addsubs                 0
[0m[32m  ✔︎[0m glmc_ivec4_mulsub                  0
[0m[32m  ✔︎[0m glmc_ivec4_mulsubs                 0
[0m[32m  ✔︎[0m glmc_ivec4_maxsub                  0
[0m[32m  ✔︎[0m glmc_ivec4_minsub                  0
[0m[32m  ✔︎[0m glmc_ivec4_distance2               0
[0m[32m  ✔︎[0m glmc_ivec4_distance                0
[0m[32m  ✔︎[0m glmc_ivec4_maxv                    0
[0m[32m  ✔︎[0m glmc_ivec4_minv                    0
[0m[32m  ✔︎[0m glmc_ivec4_clamp                   0
[0m[32m  ✔︎[0m glmc_ivec4_abs                     0
[0m[32m  ✔︎[0m mat2x3s_zero_init                  0
[0m[32m  ✔︎[0m mat2x3s_zero                       0
[0m[32m  ✔︎[0m mat2x4s_zero_init                  0
[0m[32m  ✔︎[0m mat2x4s_zero                       0
[0m[32m  ✔︎[0m mat3s_identity_init                0
[0m[32m  ✔︎[0m mat3s_zero_init                    0
[0m[32m  ✔︎[0m mat3x2s_zero_init                  0
[0m[32m  ✔︎[0m mat3x2s_zero                       0
[0m[32m  ✔︎[0m mat3x4s_zero_init                  0
[0m[32m  ✔︎[0m mat3x4s_zero                       0
[0m[32m  ✔︎[0m mat4s_identity_init                0
[0m[32m  ✔︎[0m mat4s_zero_init                    0
[0m[32m  ✔︎[0m mat4x2s_zero_init                  0
[0m[32m  ✔︎[0m mat4x2s_zero                       0
[0m[32m  ✔︎[0m mat4x3s_zero_init                  0
[0m[32m  ✔︎[0m mat4x3s_zero                       0
[0m[32m  ✔︎[0m quats_zero_init                    0
[0m[32m  ✔︎[0m vec3s_one_init                     0
[0m[32m  ✔︎[0m vec3s_zero_init                    0
[0m[32m  ✔︎[0m vec4s_black_init                   0
[0m[32m  ✔︎[0m vec4s_one_init                     0
[0m[32m  ✔︎[0m vec4s_zero_init                    0
[0m[36m
cglm test results (00s):
[0m--------------------------
[35m1131[0m tests ran, [32m1130[0m passed, [31m1[0m failed

[0m