FIXTURE: 75 lines, bug at mod.py:2, packet lines=73 truncated=False bug_in_packet=True
OBSERVATIONS: 72; rank of the bug line = 0 (0 = tried first)

== A. loop.repair(deadline=t+6s) — the law rules on BUILT+CAPPED ==
  GREEN  t=   1.0s  suite run #1 passed
  GREEN  t=   1.4s  suite run #2 passed
  RULING t=   6.3s      BUILT+CAPPED (0x21) -> RAISE_BUDGET           at loop.py:217  [suite runs so far: 26]
  res.repaired=False  res.refused=True  res.ambiguous=False
  res.greens=['    if v >= limit:']
  res.suite_runs=26  observations tried (acts_tried)=25 of 72
  tree_changed=False
  res.reason='a candidate passes, but the search was cut short before it could be shown unique — shipping it would be a guess. Raise the budget and re-run (engine law: BUILT+CAPPED -> RAISE_BUDGET)'

== B. guard_once(budget=18) — the same fixture, the report a user sees ==
  GREEN  t=   1.9s  suite run #1 passed
  GREEN  t=   2.3s  suite run #2 passed
  RULING t=   6.2s      BUILT+CAPPED (0x21) -> RAISE_BUDGET           at loop.py:217  [suite runs so far: 21]
  RULING t=   6.8s           REFUTED (0x40) -> HARVEST_COUNTEREXAMPLE at guard.py:539  [suite runs so far: 21]
  RULING t=   6.8s           REFUTED (0x40) -> HARVEST_COUNTEREXAMPLE at guard.py:618  [suite runs so far: 21]
  status=refused  elapsed=6.8s  suite_runs=21
  report.result=None
  report.hint='every generated candidate was rejected by the suite (engine law: REFUTED -> HARVEST_COUNTEREXAMPLE) — the refusal report lists each one with the test that killed it'
  report.summary()='REFUSED: fault is outside the taught vocabulary (candidate files tried: mod.py). teach it once: docs/TEACHING.md (or run: fluidfix kinds) 19 candidate(s) were tried and rejected — each is logged with the test that failed it in the refusal report.\n  hint: every generated candidate was rejected by the suite (engine law: REFUTED -> HARVEST_COUNTEREXAMPLE) — the refusal report lists each one with the test that killed it'

== C. every caller of repair()/guard_once(), and the fields it reads ==
  cli.py:83:     return 0 if result.repaired else 2
  coracle.py:762:         if result.repaired:
  coracle.py:766:         if result.ambiguous:
  coracle.py:769:                                hint=result.reason, attempts=attempts)
  guard.py:520:         if result.repaired:
  guard.py:525:         if result.ambiguous:                     # engine law: BUILT+AMB -> ADD_STATE
  guard.py:529:                                hint=result.reason, attempts=attempts, evidence=ev)
  guard.py:600:             if result.repaired:
  guard.py:601:                 result.reason += " (engine law: CAPPED -> RAISE_BUDGET, depth-first)"
  guard.py:606:             if result.ambiguous:
  guard.py:610:                                    hint=result.reason, attempts=attempts, evidence=ev)
  javaoracle.py:215:         if result.repaired:
  javaoracle.py:218:         if result.ambiguous:
  javaoracle.py:221:                                hint=result.reason, attempts=attempts)
  loop.py:176:         res.reason = "no failing test — nothing to repair"
  loop.py:220:         res.greens = [g[0] for g in greens]
  loop.py:224:             res.repaired, res.refused = True, False
  loop.py:228:             res.reason = f"engine law: BUILT -> {ruling}"
  loop.py:231:             res.ambiguous = True
  loop.py:232:             res.reason = (
  loop.py:239:             res.reason = (
  loop.py:275:                 res.reason = ("wall-clock deadline reached mid-search — "
  loop.py:294:                     res.reason = ("wall-clock deadline reached mid-search — "
  loop.py:427:         res.reason = ("no observation named a kind this vocabulary can repair"
  loop.py:433:         if wrote and not res.repaired:

  grep -rn 'search was cut' src tests docs:
Binary file /Users/kanchetidevieswar/neo/fluidfix/src/fluidfix/__pycache__/loop.cpython-314.pyc matches
/Users/kanchetidevieswar/neo/fluidfix/src/fluidfix/loop.py:240:                f"a candidate passes, but the search was cut short before it "
