situation the body constructs (loop.py:391): HIDDEN alone -> CHANGE_GRANULARITY

   x bits                                     ruling
  16 HIDDEN                                   CHANGE_GRANULARITY
  17 BUILT+HIDDEN                             CHANGE_GRANULARITY
  18 AMB+HIDDEN                               ADD_STATE
  19 BUILT+AMB+HIDDEN                         ADD_STATE
  20 UNREAD+HIDDEN                            ADD_MATERIAL
  21 BUILT+UNREAD+HIDDEN                      ADD_MATERIAL
  22 AMB+UNREAD+HIDDEN                        ADD_STATE
  23 BUILT+AMB+UNREAD+HIDDEN                  RAISE_BUDGET
  24 NOTWIN+HIDDEN                            AUTHOR_SUCCESSOR
  25 BUILT+NOTWIN+HIDDEN                      RESHAPE
  26 AMB+NOTWIN+HIDDEN                        ADD_STATE
  27 BUILT+AMB+NOTWIN+HIDDEN                  ADD_STATE
  28 UNREAD+NOTWIN+HIDDEN                     ADD_MATERIAL
  29 BUILT+UNREAD+NOTWIN+HIDDEN               ADD_MATERIAL
  30 AMB+UNREAD+NOTWIN+HIDDEN                 ADD_STATE
  31 BUILT+AMB+UNREAD+NOTWIN+HIDDEN           ADD_STATE
  48 HIDDEN+CAPPED                            CHANGE_GRANULARITY
  49 BUILT+HIDDEN+CAPPED                      CHANGE_GRANULARITY
  50 AMB+HIDDEN+CAPPED                        ADD_STATE
  51 BUILT+AMB+HIDDEN+CAPPED                  ADD_STATE
  52 UNREAD+HIDDEN+CAPPED                     ADD_MATERIAL
  53 BUILT+UNREAD+HIDDEN+CAPPED               ADD_MATERIAL
  54 AMB+UNREAD+HIDDEN+CAPPED                 ADD_STATE
  55 BUILT+AMB+UNREAD+HIDDEN+CAPPED           RAISE_BUDGET
  56 NOTWIN+HIDDEN+CAPPED                     AUTHOR_SUCCESSOR
  57 BUILT+NOTWIN+HIDDEN+CAPPED               RESHAPE
  58 AMB+NOTWIN+HIDDEN+CAPPED                 ADD_STATE
  59 BUILT+AMB+NOTWIN+HIDDEN+CAPPED           ADD_STATE
  60 UNREAD+NOTWIN+HIDDEN+CAPPED              ADD_MATERIAL
  61 BUILT+UNREAD+NOTWIN+HIDDEN+CAPPED        ADD_MATERIAL
  62 AMB+UNREAD+NOTWIN+HIDDEN+CAPPED          ADD_STATE
  63 BUILT+AMB+UNREAD+NOTWIN+HIDDEN+CAPPED    ADD_STATE
  80 HIDDEN+REFUTED                           CHANGE_GRANULARITY
  81 BUILT+HIDDEN+REFUTED                     CHANGE_GRANULARITY
  82 AMB+HIDDEN+REFUTED                       ADD_STATE
  83 BUILT+AMB+HIDDEN+REFUTED                 ADD_STATE
  84 UNREAD+HIDDEN+REFUTED                    ADD_MATERIAL
  85 BUILT+UNREAD+HIDDEN+REFUTED              ADD_MATERIAL
  86 AMB+UNREAD+HIDDEN+REFUTED                ADD_STATE
  87 BUILT+AMB+UNREAD+HIDDEN+REFUTED          RAISE_BUDGET
  88 NOTWIN+HIDDEN+REFUTED                    AUTHOR_SUCCESSOR
  89 BUILT+NOTWIN+HIDDEN+REFUTED              RESHAPE
  90 AMB+NOTWIN+HIDDEN+REFUTED                ADD_STATE
  91 BUILT+AMB+NOTWIN+HIDDEN+REFUTED          ADD_STATE
  92 UNREAD+NOTWIN+HIDDEN+REFUTED             ADD_MATERIAL
  93 BUILT+UNREAD+NOTWIN+HIDDEN+REFUTED       ADD_MATERIAL
  94 AMB+UNREAD+NOTWIN+HIDDEN+REFUTED         ADD_STATE
  95 BUILT+AMB+UNREAD+NOTWIN+HIDDEN+REFUTED   ADD_STATE
 112 HIDDEN+CAPPED+REFUTED                    CHANGE_GRANULARITY
 113 BUILT+HIDDEN+CAPPED+REFUTED              CHANGE_GRANULARITY
 114 AMB+HIDDEN+CAPPED+REFUTED                ADD_STATE
 115 BUILT+AMB+HIDDEN+CAPPED+REFUTED          ADD_STATE
 116 UNREAD+HIDDEN+CAPPED+REFUTED             ADD_MATERIAL
 117 BUILT+UNREAD+HIDDEN+CAPPED+REFUTED       ADD_MATERIAL
 118 AMB+UNREAD+HIDDEN+CAPPED+REFUTED         ADD_STATE
 119 BUILT+AMB+UNREAD+HIDDEN+CAPPED+REFUTED   RAISE_BUDGET
 120 NOTWIN+HIDDEN+CAPPED+REFUTED             AUTHOR_SUCCESSOR
 121 BUILT+NOTWIN+HIDDEN+CAPPED+REFUTED       RESHAPE
 122 AMB+NOTWIN+HIDDEN+CAPPED+REFUTED         ADD_STATE
 123 BUILT+AMB+NOTWIN+HIDDEN+CAPPED+REFUTED   ADD_STATE
 124 UNREAD+NOTWIN+HIDDEN+CAPPED+REFUTED      ADD_MATERIAL
 125 BUILT+UNREAD+NOTWIN+HIDDEN+CAPPED+REFUTED ADD_MATERIAL
 126 AMB+UNREAD+NOTWIN+HIDDEN+CAPPED+REFUTED  ADD_STATE
 127 BUILT+AMB+UNREAD+NOTWIN+HIDDEN+CAPPED+REFUTED ADD_STATE
 144 HIDDEN+SELF                              CHANGE_GRANULARITY
 145 BUILT+HIDDEN+SELF                        CHANGE_GRANULARITY
 146 AMB+HIDDEN+SELF                          ADD_STATE
 147 BUILT+AMB+HIDDEN+SELF                    ADD_STATE
 148 UNREAD+HIDDEN+SELF                       ADD_MATERIAL
 149 BUILT+UNREAD+HIDDEN+SELF                 ADD_MATERIAL
 150 AMB+UNREAD+HIDDEN+SELF                   ADD_STATE
 151 BUILT+AMB+UNREAD+HIDDEN+SELF             RAISE_BUDGET
 152 NOTWIN+HIDDEN+SELF                       AUTHOR_SUCCESSOR
 153 BUILT+NOTWIN+HIDDEN+SELF                 RESHAPE
 154 AMB+NOTWIN+HIDDEN+SELF                   ADD_STATE
 155 BUILT+AMB+NOTWIN+HIDDEN+SELF             ADD_STATE
 156 UNREAD+NOTWIN+HIDDEN+SELF                ADD_MATERIAL
 157 BUILT+UNREAD+NOTWIN+HIDDEN+SELF          ADD_MATERIAL
 158 AMB+UNREAD+NOTWIN+HIDDEN+SELF            ADD_STATE
 159 BUILT+AMB+UNREAD+NOTWIN+HIDDEN+SELF      ADD_STATE
 176 HIDDEN+CAPPED+SELF                       CHANGE_GRANULARITY
 177 BUILT+HIDDEN+CAPPED+SELF                 CHANGE_GRANULARITY
 178 AMB+HIDDEN+CAPPED+SELF                   ADD_STATE
 179 BUILT+AMB+HIDDEN+CAPPED+SELF             ADD_STATE
 180 UNREAD+HIDDEN+CAPPED+SELF                ADD_MATERIAL
 181 BUILT+UNREAD+HIDDEN+CAPPED+SELF          ADD_MATERIAL
 182 AMB+UNREAD+HIDDEN+CAPPED+SELF            ADD_STATE
 183 BUILT+AMB+UNREAD+HIDDEN+CAPPED+SELF      RAISE_BUDGET
 184 NOTWIN+HIDDEN+CAPPED+SELF                AUTHOR_SUCCESSOR
 185 BUILT+NOTWIN+HIDDEN+CAPPED+SELF          RESHAPE
 186 AMB+NOTWIN+HIDDEN+CAPPED+SELF            ADD_STATE
 187 BUILT+AMB+NOTWIN+HIDDEN+CAPPED+SELF      ADD_STATE
 188 UNREAD+NOTWIN+HIDDEN+CAPPED+SELF         ADD_MATERIAL
 189 BUILT+UNREAD+NOTWIN+HIDDEN+CAPPED+SELF   ADD_MATERIAL
 190 AMB+UNREAD+NOTWIN+HIDDEN+CAPPED+SELF     ADD_STATE
 191 BUILT+AMB+UNREAD+NOTWIN+HIDDEN+CAPPED+SELF ADD_STATE
 208 HIDDEN+REFUTED+SELF                      CHANGE_GRANULARITY
 209 BUILT+HIDDEN+REFUTED+SELF                CHANGE_GRANULARITY
 210 AMB+HIDDEN+REFUTED+SELF                  ADD_STATE
 211 BUILT+AMB+HIDDEN+REFUTED+SELF            ADD_STATE
 212 UNREAD+HIDDEN+REFUTED+SELF               ADD_MATERIAL
 213 BUILT+UNREAD+HIDDEN+REFUTED+SELF         ADD_MATERIAL
 214 AMB+UNREAD+HIDDEN+REFUTED+SELF           ADD_STATE
 215 BUILT+AMB+UNREAD+HIDDEN+REFUTED+SELF     RAISE_BUDGET
 216 NOTWIN+HIDDEN+REFUTED+SELF               AUTHOR_SUCCESSOR
 217 BUILT+NOTWIN+HIDDEN+REFUTED+SELF         RESHAPE
 218 AMB+NOTWIN+HIDDEN+REFUTED+SELF           ADD_STATE
 219 BUILT+AMB+NOTWIN+HIDDEN+REFUTED+SELF     ADD_STATE
 220 UNREAD+NOTWIN+HIDDEN+REFUTED+SELF        ADD_MATERIAL
 221 BUILT+UNREAD+NOTWIN+HIDDEN+REFUTED+SELF  ADD_MATERIAL
 222 AMB+UNREAD+NOTWIN+HIDDEN+REFUTED+SELF    ADD_STATE
 223 BUILT+AMB+UNREAD+NOTWIN+HIDDEN+REFUTED+SELF ADD_STATE
 240 HIDDEN+CAPPED+REFUTED+SELF               CHANGE_GRANULARITY
 241 BUILT+HIDDEN+CAPPED+REFUTED+SELF         CHANGE_GRANULARITY
 242 AMB+HIDDEN+CAPPED+REFUTED+SELF           ADD_STATE
 243 BUILT+AMB+HIDDEN+CAPPED+REFUTED+SELF     ADD_STATE
 244 UNREAD+HIDDEN+CAPPED+REFUTED+SELF        ADD_MATERIAL
 245 BUILT+UNREAD+HIDDEN+CAPPED+REFUTED+SELF  ADD_MATERIAL
 246 AMB+UNREAD+HIDDEN+CAPPED+REFUTED+SELF    ADD_STATE
 247 BUILT+AMB+UNREAD+HIDDEN+CAPPED+REFUTED+SELF RAISE_BUDGET
 248 NOTWIN+HIDDEN+CAPPED+REFUTED+SELF        AUTHOR_SUCCESSOR
 249 BUILT+NOTWIN+HIDDEN+CAPPED+REFUTED+SELF  RESHAPE
 250 AMB+NOTWIN+HIDDEN+CAPPED+REFUTED+SELF    ADD_STATE
 251 BUILT+AMB+NOTWIN+HIDDEN+CAPPED+REFUTED+SELF ADD_STATE
 252 UNREAD+NOTWIN+HIDDEN+CAPPED+REFUTED+SELF ADD_MATERIAL
 253 BUILT+UNREAD+NOTWIN+HIDDEN+CAPPED+REFUTED+SELF ADD_MATERIAL
 254 AMB+UNREAD+NOTWIN+HIDDEN+CAPPED+REFUTED+SELF ADD_STATE
 255 BUILT+AMB+UNREAD+NOTWIN+HIDDEN+CAPPED+REFUTED+SELF ADD_STATE

rulings over the 128 HIDDEN=1 situations: {'CHANGE_GRANULARITY': 16, 'ADD_STATE': 56, 'ADD_MATERIAL': 32, 'RAISE_BUDGET': 8, 'AUTHOR_SUCCESSOR': 8, 'RESHAPE': 8}
HIDDEN with BUILT and nothing else -> CHANGE_GRANULARITY
HIDDEN with REFUTED -> CHANGE_GRANULARITY
HIDDEN with AMB -> ADD_STATE
HIDDEN with CAPPED -> CHANGE_GRANULARITY
