fixture_b CONFIRM=0 run   0: REFUSED        suite_runs=3 hidden=0 pytest=- 1.47s
fixture_b CONFIRM=0 run   1: CORRECT        suite_runs=3 hidden=0 pytest=- 1.49s
fixture_b CONFIRM=0 run   2: REFUSED        suite_runs=3 hidden=0 pytest=- 1.48s
fixture_b CONFIRM=0 run   3: CORRECT        suite_runs=3 hidden=0 pytest=- 1.47s
fixture_b CONFIRM=0 run   4: CORRECT        suite_runs=3 hidden=0 pytest=- 1.47s
fixture_b CONFIRM=0 run   5: CORRECT        suite_runs=3 hidden=0 pytest=- 1.47s
fixture_b CONFIRM=0 run   6: CORRECT        suite_runs=3 hidden=0 pytest=- 1.47s
fixture_b CONFIRM=0 run   7: REFUSED        suite_runs=3 hidden=0 pytest=- 1.45s
fixture_b CONFIRM=0 run   8: REFUSED        suite_runs=3 hidden=0 pytest=- 1.46s
fixture_b CONFIRM=0 run   9: CORRECT        suite_runs=3 hidden=0 pytest=- 1.46s
fixture_b CONFIRM=0 run  10: REFUSED        suite_runs=3 hidden=0 pytest=- 1.46s
fixture_b CONFIRM=0 run  11: CORRECT        suite_runs=3 hidden=0 pytest=- 1.48s
fixture_b CONFIRM=0 run  12: REFUSED        suite_runs=3 hidden=0 pytest=- 1.46s
fixture_b CONFIRM=0 run  13: REFUSED        suite_runs=3 hidden=0 pytest=- 1.47s
fixture_b CONFIRM=0 run  14: CORRECT        suite_runs=3 hidden=0 pytest=- 1.48s
fixture_b CONFIRM=0 run  15: REFUSED        suite_runs=3 hidden=0 pytest=- 1.45s
fixture_b CONFIRM=0 run  16: CORRECT        suite_runs=3 hidden=0 pytest=- 1.46s
fixture_b CONFIRM=0 run  17: REFUSED        suite_runs=3 hidden=0 pytest=- 1.47s
fixture_b CONFIRM=0 run  18: CORRECT        suite_runs=3 hidden=0 pytest=- 1.48s
fixture_b CONFIRM=0 run  19: REFUSED        suite_runs=3 hidden=0 pytest=- 1.46s
fixture_b CONFIRM=0 run  20: REFUSED        suite_runs=3 hidden=0 pytest=- 1.45s
fixture_b CONFIRM=0 run  21: CORRECT        suite_runs=3 hidden=0 pytest=- 1.48s
fixture_b CONFIRM=0 run  22: CORRECT        suite_runs=3 hidden=0 pytest=- 1.48s
fixture_b CONFIRM=0 run  23: REFUSED        suite_runs=3 hidden=0 pytest=- 1.46s
fixture_b CONFIRM=0 run  24: REFUSED        suite_runs=3 hidden=0 pytest=- 1.47s
fixture_b CONFIRM=0 run  25: CORRECT        suite_runs=3 hidden=0 pytest=- 1.48s
fixture_b CONFIRM=0 run  26: CORRECT        suite_runs=3 hidden=0 pytest=- 1.48s
fixture_b CONFIRM=0 run  27: REFUSED        suite_runs=3 hidden=0 pytest=- 1.49s
fixture_b CONFIRM=0 run  28: REFUSED        suite_runs=3 hidden=0 pytest=- 1.46s
fixture_b CONFIRM=0 run  29: CORRECT        suite_runs=3 hidden=0 pytest=- 1.47s
fixture_b CONFIRM=1 run   0: REFUSED        suite_runs=3 hidden=1 pytest=- 1.63s
fixture_b CONFIRM=1 run   1: REFUSED        suite_runs=3 hidden=1 pytest=- 1.63s
fixture_b CONFIRM=1 run   2: REFUSED        suite_runs=3 hidden=0 pytest=- 1.46s
fixture_b CONFIRM=1 run   3: REFUSED        suite_runs=3 hidden=1 pytest=- 1.64s
fixture_b CONFIRM=1 run   4: REFUSED        suite_runs=3 hidden=1 pytest=- 1.63s
fixture_b CONFIRM=1 run   5: REFUSED        suite_runs=3 hidden=1 pytest=- 1.81s
fixture_b CONFIRM=1 run   6: REFUSED        suite_runs=3 hidden=0 pytest=- 1.44s
fixture_b CONFIRM=1 run   7: REFUSED        suite_runs=3 hidden=0 pytest=- 1.44s
fixture_b CONFIRM=1 run   8: REFUSED        suite_runs=3 hidden=0 pytest=- 1.45s
fixture_b CONFIRM=1 run   9: REFUSED        suite_runs=3 hidden=0 pytest=- 1.46s
fixture_b CONFIRM=1 run  10: REFUSED        suite_runs=3 hidden=0 pytest=- 1.48s
fixture_b CONFIRM=1 run  11: REFUSED        suite_runs=3 hidden=0 pytest=- 1.45s
fixture_b CONFIRM=1 run  12: REFUSED        suite_runs=3 hidden=1 pytest=- 1.67s
fixture_b CONFIRM=1 run  13: REFUSED        suite_runs=3 hidden=1 pytest=- 1.67s
fixture_b CONFIRM=1 run  14: CORRECT        suite_runs=3 hidden=0 pytest=- 1.83s
fixture_b CONFIRM=1 run  15: CORRECT        suite_runs=3 hidden=0 pytest=- 1.85s
fixture_b CONFIRM=1 run  16: REFUSED        suite_runs=3 hidden=0 pytest=- 1.45s
fixture_b CONFIRM=1 run  17: CORRECT        suite_runs=3 hidden=0 pytest=- 1.86s
fixture_b CONFIRM=1 run  18: REFUSED        suite_runs=3 hidden=1 pytest=- 1.66s
fixture_b CONFIRM=1 run  19: REFUSED        suite_runs=3 hidden=0 pytest=- 1.46s
fixture_b CONFIRM=1 run  20: REFUSED        suite_runs=3 hidden=1 pytest=- 1.62s
fixture_b CONFIRM=1 run  21: REFUSED        suite_runs=3 hidden=1 pytest=- 1.64s
fixture_b CONFIRM=1 run  22: REFUSED        suite_runs=3 hidden=0 pytest=- 1.44s
fixture_b CONFIRM=1 run  23: REFUSED        suite_runs=3 hidden=0 pytest=- 1.47s
fixture_b CONFIRM=1 run  24: REFUSED        suite_runs=3 hidden=1 pytest=- 1.82s
fixture_b CONFIRM=1 run  25: REFUSED        suite_runs=3 hidden=1 pytest=- 1.64s
fixture_b CONFIRM=1 run  26: REFUSED        suite_runs=3 hidden=0 pytest=- 1.45s
fixture_b CONFIRM=1 run  27: REFUSED        suite_runs=3 hidden=0 pytest=- 1.43s
fixture_b CONFIRM=1 run  28: REFUSED        suite_runs=3 hidden=1 pytest=- 1.64s
fixture_b CONFIRM=1 run  29: REFUSED        suite_runs=3 hidden=0 pytest=- 1.47s
fixture_b CONFIRM=2 run   0: REFUSED        suite_runs=3 hidden=1 pytest=- 1.68s
fixture_b CONFIRM=2 run   1: REFUSED        suite_runs=3 hidden=0 pytest=- 1.92s
fixture_b CONFIRM=2 run   2: REFUSED        suite_runs=3 hidden=0 pytest=- 1.77s
fixture_b CONFIRM=2 run   3: REFUSED        suite_runs=3 hidden=1 pytest=- 1.87s
fixture_b CONFIRM=2 run   4: REFUSED        suite_runs=3 hidden=0 pytest=- 1.5s
fixture_b CONFIRM=2 run   5: REFUSED        suite_runs=3 hidden=0 pytest=- 1.5s
fixture_b CONFIRM=2 run   6: REFUSED        suite_runs=3 hidden=1 pytest=- 1.89s
fixture_b CONFIRM=2 run   7: REFUSED        suite_runs=3 hidden=1 pytest=- 2.7s
fixture_b CONFIRM=2 run   8: REFUSED        suite_runs=3 hidden=1 pytest=- 2.2s
fixture_b CONFIRM=2 run   9: REFUSED        suite_runs=3 hidden=0 pytest=- 2.28s
fixture_b CONFIRM=2 run  10: REFUSED        suite_runs=3 hidden=1 pytest=- 2.05s
fixture_b CONFIRM=2 run  11: REFUSED        suite_runs=3 hidden=1 pytest=- 1.82s
fixture_b CONFIRM=2 run  12: REFUSED        suite_runs=3 hidden=0 pytest=- 2.19s
fixture_b CONFIRM=2 run  13: REFUSED        suite_runs=3 hidden=1 pytest=- 4.09s
fixture_b CONFIRM=2 run  14: REFUSED        suite_runs=3 hidden=0 pytest=- 2.42s
fixture_b CONFIRM=2 run  15: REFUSED        suite_runs=3 hidden=1 pytest=- 2.73s
fixture_b CONFIRM=2 run  16: REFUSED        suite_runs=3 hidden=1 pytest=- 3.41s
fixture_b CONFIRM=2 run  17: REFUSED        suite_runs=3 hidden=0 pytest=- 2.29s
fixture_b CONFIRM=2 run  18: REFUSED        suite_runs=3 hidden=0 pytest=- 2.5s
fixture_b CONFIRM=2 run  19: REFUSED        suite_runs=3 hidden=0 pytest=- 2.17s
fixture_b CONFIRM=2 run  20: REFUSED        suite_runs=3 hidden=0 pytest=- 2.25s
fixture_b CONFIRM=2 run  21: CORRECT        suite_runs=3 hidden=0 pytest=- 3.84s
fixture_b CONFIRM=2 run  22: REFUSED        suite_runs=3 hidden=1 pytest=- 2.53s
fixture_b CONFIRM=2 run  23: REFUSED        suite_runs=3 hidden=0 pytest=- 3.39s
fixture_b CONFIRM=2 run  24: REFUSED        suite_runs=3 hidden=0 pytest=- 2.34s
fixture_b CONFIRM=2 run  25: REFUSED        suite_runs=3 hidden=0 pytest=- 2.03s
fixture_b CONFIRM=2 run  26: REFUSED        suite_runs=3 hidden=0 pytest=- 1.95s
fixture_b CONFIRM=2 run  27: REFUSED        suite_runs=3 hidden=0 pytest=- 1.96s
fixture_b CONFIRM=2 run  28: REFUSED        suite_runs=3 hidden=1 pytest=- 2.88s
fixture_b CONFIRM=2 run  29: REFUSED        suite_runs=3 hidden=0 pytest=- 1.89s
wrote /Users/kanchetidevieswar/neo/fluidfix/research/laws-2026-09-07/05-engine-hidden-flaky/results_fixture_b.jsonl
