fixture_a CONFIRM=0 run   0: FALSE_ACCEPT   suite_runs=3 hidden=0 pytest=- 1.6s
fixture_a CONFIRM=0 run   1: CORRECT        suite_runs=3 hidden=0 pytest=- 1.62s
fixture_a CONFIRM=0 run   2: FALSE_ACCEPT   suite_runs=3 hidden=0 pytest=- 1.63s
fixture_a CONFIRM=0 run   3: CORRECT        suite_runs=3 hidden=0 pytest=- 1.61s
fixture_a CONFIRM=0 run   4: FALSE_ACCEPT   suite_runs=3 hidden=0 pytest=- 1.61s
fixture_a CONFIRM=0 run   5: FALSE_ACCEPT   suite_runs=3 hidden=0 pytest=- 1.6s
fixture_a CONFIRM=0 run   6: CORRECT        suite_runs=3 hidden=0 pytest=- 1.61s
fixture_a CONFIRM=0 run   7: CORRECT        suite_runs=3 hidden=0 pytest=- 1.62s
fixture_a CONFIRM=0 run   8: FALSE_ACCEPT   suite_runs=3 hidden=0 pytest=- 1.62s
fixture_a CONFIRM=0 run   9: FALSE_ACCEPT   suite_runs=3 hidden=0 pytest=- 1.61s
fixture_a CONFIRM=0 run  10: CORRECT        suite_runs=3 hidden=0 pytest=- 1.61s
fixture_a CONFIRM=0 run  11: CORRECT        suite_runs=3 hidden=0 pytest=- 1.61s
fixture_a CONFIRM=0 run  12: CORRECT        suite_runs=3 hidden=0 pytest=- 1.6s
fixture_a CONFIRM=0 run  13: FALSE_ACCEPT   suite_runs=3 hidden=0 pytest=- 1.6s
fixture_a CONFIRM=0 run  14: FALSE_ACCEPT   suite_runs=3 hidden=0 pytest=- 1.59s
fixture_a CONFIRM=0 run  15: CORRECT        suite_runs=3 hidden=0 pytest=- 1.61s
fixture_a CONFIRM=0 run  16: FALSE_ACCEPT   suite_runs=3 hidden=0 pytest=- 1.6s
fixture_a CONFIRM=0 run  17: FALSE_ACCEPT   suite_runs=3 hidden=0 pytest=- 1.6s
fixture_a CONFIRM=0 run  18: FALSE_ACCEPT   suite_runs=3 hidden=0 pytest=- 1.6s
fixture_a CONFIRM=0 run  19: CORRECT        suite_runs=3 hidden=0 pytest=- 1.6s
fixture_a CONFIRM=0 run  20: FALSE_ACCEPT   suite_runs=3 hidden=0 pytest=- 1.6s
fixture_a CONFIRM=0 run  21: CORRECT        suite_runs=3 hidden=0 pytest=- 1.61s
fixture_a CONFIRM=0 run  22: CORRECT        suite_runs=3 hidden=0 pytest=- 1.62s
fixture_a CONFIRM=0 run  23: FALSE_ACCEPT   suite_runs=3 hidden=0 pytest=- 1.61s
fixture_a CONFIRM=0 run  24: FALSE_ACCEPT   suite_runs=3 hidden=0 pytest=- 1.6s
fixture_a CONFIRM=0 run  25: FALSE_ACCEPT   suite_runs=3 hidden=0 pytest=- 1.61s
fixture_a CONFIRM=0 run  26: FALSE_ACCEPT   suite_runs=3 hidden=0 pytest=- 1.6s
fixture_a CONFIRM=0 run  27: FALSE_ACCEPT   suite_runs=3 hidden=0 pytest=- 1.6s
fixture_a CONFIRM=0 run  28: CORRECT        suite_runs=3 hidden=0 pytest=- 1.61s
fixture_a CONFIRM=0 run  29: CORRECT        suite_runs=3 hidden=0 pytest=- 1.61s
fixture_a CONFIRM=0 run  30: CORRECT        suite_runs=3 hidden=0 pytest=- 1.61s
fixture_a CONFIRM=0 run  31: FALSE_ACCEPT   suite_runs=3 hidden=0 pytest=- 1.6s
fixture_a CONFIRM=0 run  32: CORRECT        suite_runs=3 hidden=0 pytest=- 1.6s
fixture_a CONFIRM=0 run  33: CORRECT        suite_runs=3 hidden=0 pytest=- 1.6s
fixture_a CONFIRM=0 run  34: FALSE_ACCEPT   suite_runs=3 hidden=0 pytest=- 1.61s
fixture_a CONFIRM=0 run  35: FALSE_ACCEPT   suite_runs=3 hidden=0 pytest=- 1.61s
fixture_a CONFIRM=0 run  36: FALSE_ACCEPT   suite_runs=3 hidden=0 pytest=- 1.62s
fixture_a CONFIRM=0 run  37: CORRECT        suite_runs=3 hidden=0 pytest=- 1.6s
fixture_a CONFIRM=0 run  38: CORRECT        suite_runs=3 hidden=0 pytest=- 1.6s
fixture_a CONFIRM=0 run  39: CORRECT        suite_runs=3 hidden=0 pytest=- 1.6s
fixture_a CONFIRM=0 run  40: CORRECT        suite_runs=3 hidden=0 pytest=- 1.61s
fixture_a CONFIRM=0 run  41: CORRECT        suite_runs=3 hidden=0 pytest=- 1.62s
fixture_a CONFIRM=0 run  42: CORRECT        suite_runs=3 hidden=0 pytest=- 1.62s
fixture_a CONFIRM=0 run  43: FALSE_ACCEPT   suite_runs=3 hidden=0 pytest=- 1.61s
fixture_a CONFIRM=0 run  44: FALSE_ACCEPT   suite_runs=3 hidden=0 pytest=- 1.6s
fixture_a CONFIRM=0 run  45: CORRECT        suite_runs=3 hidden=0 pytest=- 1.6s
fixture_a CONFIRM=0 run  46: CORRECT        suite_runs=3 hidden=0 pytest=- 1.6s
fixture_a CONFIRM=0 run  47: FALSE_ACCEPT   suite_runs=3 hidden=0 pytest=- 1.61s
fixture_a CONFIRM=0 run  48: FALSE_ACCEPT   suite_runs=3 hidden=0 pytest=- 1.62s
fixture_a CONFIRM=0 run  49: FALSE_ACCEPT   suite_runs=3 hidden=0 pytest=- 1.62s
fixture_a CONFIRM=1 run   0: CORRECT        suite_runs=3 hidden=1 pytest=- 2.16s
fixture_a CONFIRM=1 run   1: CORRECT        suite_runs=3 hidden=1 pytest=- 2.15s
fixture_a CONFIRM=1 run   2: CORRECT        suite_runs=3 hidden=1 pytest=- 2.16s
fixture_a CONFIRM=1 run   3: CORRECT        suite_runs=3 hidden=0 pytest=- 1.98s
fixture_a CONFIRM=1 run   4: CORRECT        suite_runs=3 hidden=1 pytest=- 2.34s
fixture_a CONFIRM=1 run   5: CORRECT        suite_runs=3 hidden=1 pytest=- 2.33s
fixture_a CONFIRM=1 run   6: CORRECT        suite_runs=3 hidden=0 pytest=- 1.96s
fixture_a CONFIRM=1 run   7: CORRECT        suite_runs=3 hidden=1 pytest=- 2.34s
fixture_a CONFIRM=1 run   8: CORRECT        suite_runs=3 hidden=1 pytest=- 2.17s
fixture_a CONFIRM=1 run   9: CORRECT        suite_runs=3 hidden=1 pytest=- 2.34s
fixture_a CONFIRM=1 run  10: CORRECT        suite_runs=3 hidden=0 pytest=- 1.97s
fixture_a CONFIRM=1 run  11: CORRECT        suite_runs=3 hidden=1 pytest=- 2.16s
fixture_a CONFIRM=1 run  12: CORRECT        suite_runs=3 hidden=1 pytest=- 2.16s
fixture_a CONFIRM=1 run  13: CORRECT        suite_runs=3 hidden=1 pytest=- 2.33s
fixture_a CONFIRM=1 run  14: CORRECT        suite_runs=3 hidden=1 pytest=- 2.17s
fixture_a CONFIRM=1 run  15: CORRECT        suite_runs=3 hidden=1 pytest=- 2.34s
fixture_a CONFIRM=1 run  16: CORRECT        suite_runs=3 hidden=1 pytest=- 2.15s
fixture_a CONFIRM=1 run  17: CORRECT        suite_runs=3 hidden=0 pytest=- 1.97s
fixture_a CONFIRM=1 run  18: CORRECT        suite_runs=3 hidden=1 pytest=- 2.16s
fixture_a CONFIRM=1 run  19: CORRECT        suite_runs=3 hidden=0 pytest=- 1.98s
fixture_a CONFIRM=1 run  20: CORRECT        suite_runs=3 hidden=0 pytest=- 1.97s
fixture_a CONFIRM=1 run  21: CORRECT        suite_runs=3 hidden=1 pytest=- 2.33s
fixture_a CONFIRM=1 run  22: CORRECT        suite_runs=3 hidden=0 pytest=- 1.98s
fixture_a CONFIRM=1 run  23: FALSE_ACCEPT   suite_runs=3 hidden=0 pytest=- 2.35s
fixture_a CONFIRM=1 run  24: CORRECT        suite_runs=3 hidden=1 pytest=- 2.15s
fixture_a CONFIRM=1 run  25: CORRECT        suite_runs=3 hidden=0 pytest=- 1.97s
fixture_a CONFIRM=1 run  26: CORRECT        suite_runs=3 hidden=1 pytest=- 2.15s
fixture_a CONFIRM=1 run  27: CORRECT        suite_runs=3 hidden=1 pytest=- 2.36s
fixture_a CONFIRM=1 run  28: FALSE_ACCEPT   suite_runs=3 hidden=0 pytest=- 2.35s
fixture_a CONFIRM=1 run  29: CORRECT        suite_runs=3 hidden=0 pytest=- 1.97s
fixture_a CONFIRM=1 run  30: FALSE_ACCEPT   suite_runs=3 hidden=0 pytest=- 2.33s
fixture_a CONFIRM=1 run  31: CORRECT        suite_runs=3 hidden=1 pytest=- 2.34s
fixture_a CONFIRM=1 run  32: CORRECT        suite_runs=3 hidden=0 pytest=- 1.98s
fixture_a CONFIRM=1 run  33: CORRECT        suite_runs=3 hidden=0 pytest=- 2.0s
fixture_a CONFIRM=1 run  34: CORRECT        suite_runs=3 hidden=0 pytest=- 1.98s
fixture_a CONFIRM=1 run  35: CORRECT        suite_runs=3 hidden=1 pytest=- 2.33s
fixture_a CONFIRM=1 run  36: CORRECT        suite_runs=3 hidden=0 pytest=- 1.98s
fixture_a CONFIRM=1 run  37: CORRECT        suite_runs=3 hidden=1 pytest=- 2.16s
fixture_a CONFIRM=1 run  38: CORRECT        suite_runs=3 hidden=0 pytest=- 1.99s
fixture_a CONFIRM=1 run  39: CORRECT        suite_runs=3 hidden=1 pytest=- 2.16s
fixture_a CONFIRM=1 run  40: CORRECT        suite_runs=3 hidden=0 pytest=- 1.96s
fixture_a CONFIRM=1 run  41: CORRECT        suite_runs=3 hidden=0 pytest=- 1.97s
fixture_a CONFIRM=1 run  42: CORRECT        suite_runs=3 hidden=0 pytest=- 1.98s
fixture_a CONFIRM=1 run  43: CORRECT        suite_runs=3 hidden=0 pytest=- 1.98s
fixture_a CONFIRM=1 run  44: CORRECT        suite_runs=3 hidden=1 pytest=- 2.16s
fixture_a CONFIRM=1 run  45: CORRECT        suite_runs=3 hidden=0 pytest=- 2.0s
fixture_a CONFIRM=1 run  46: CORRECT        suite_runs=3 hidden=0 pytest=- 1.98s
fixture_a CONFIRM=1 run  47: CORRECT        suite_runs=3 hidden=0 pytest=- 1.99s
fixture_a CONFIRM=1 run  48: CORRECT        suite_runs=3 hidden=1 pytest=- 2.35s
fixture_a CONFIRM=1 run  49: CORRECT        suite_runs=3 hidden=1 pytest=- 2.16s
fixture_a CONFIRM=2 run   0: CORRECT        suite_runs=3 hidden=0 pytest=- 2.34s
fixture_a CONFIRM=2 run   1: CORRECT        suite_runs=3 hidden=0 pytest=- 2.35s
fixture_a CONFIRM=2 run   2: CORRECT        suite_runs=3 hidden=0 pytest=- 2.36s
fixture_a CONFIRM=2 run   3: CORRECT        suite_runs=3 hidden=0 pytest=- 2.34s
fixture_a CONFIRM=2 run   4: CORRECT        suite_runs=3 hidden=1 pytest=- 2.71s
fixture_a CONFIRM=2 run   5: CORRECT        suite_runs=3 hidden=0 pytest=- 2.34s
fixture_a CONFIRM=2 run   6: CORRECT        suite_runs=3 hidden=1 pytest=- 2.72s
fixture_a CONFIRM=2 run   7: CORRECT        suite_runs=3 hidden=0 pytest=- 2.34s
fixture_a CONFIRM=2 run   8: CORRECT        suite_runs=3 hidden=0 pytest=- 2.33s
fixture_a CONFIRM=2 run   9: CORRECT        suite_runs=3 hidden=1 pytest=- 2.52s
fixture_a CONFIRM=2 run  10: CORRECT        suite_runs=3 hidden=1 pytest=- 2.72s
fixture_a CONFIRM=2 run  11: CORRECT        suite_runs=3 hidden=1 pytest=- 3.07s
fixture_a CONFIRM=2 run  12: CORRECT        suite_runs=3 hidden=0 pytest=- 2.34s
fixture_a CONFIRM=2 run  13: CORRECT        suite_runs=3 hidden=0 pytest=- 2.33s
fixture_a CONFIRM=2 run  14: CORRECT        suite_runs=3 hidden=0 pytest=- 2.34s
fixture_a CONFIRM=2 run  15: CORRECT        suite_runs=3 hidden=0 pytest=- 2.35s
fixture_a CONFIRM=2 run  16: CORRECT        suite_runs=3 hidden=0 pytest=- 2.34s
fixture_a CONFIRM=2 run  17: CORRECT        suite_runs=3 hidden=0 pytest=- 2.34s
fixture_a CONFIRM=2 run  18: CORRECT        suite_runs=3 hidden=1 pytest=- 2.52s
fixture_a CONFIRM=2 run  19: CORRECT        suite_runs=3 hidden=1 pytest=- 2.53s
fixture_a CONFIRM=2 run  20: CORRECT        suite_runs=3 hidden=1 pytest=- 2.71s
fixture_a CONFIRM=2 run  21: CORRECT        suite_runs=3 hidden=0 pytest=- 2.34s
fixture_a CONFIRM=2 run  22: CORRECT        suite_runs=3 hidden=0 pytest=- 2.34s
fixture_a CONFIRM=2 run  23: CORRECT        suite_runs=3 hidden=0 pytest=- 2.35s
fixture_a CONFIRM=2 run  24: CORRECT        suite_runs=3 hidden=0 pytest=- 2.34s
fixture_a CONFIRM=2 run  25: CORRECT        suite_runs=3 hidden=0 pytest=- 2.33s
fixture_a CONFIRM=2 run  26: CORRECT        suite_runs=3 hidden=0 pytest=- 2.33s
fixture_a CONFIRM=2 run  27: CORRECT        suite_runs=3 hidden=0 pytest=- 2.35s
fixture_a CONFIRM=2 run  28: CORRECT        suite_runs=3 hidden=0 pytest=- 2.34s
fixture_a CONFIRM=2 run  29: CORRECT        suite_runs=3 hidden=0 pytest=- 2.34s
fixture_a CONFIRM=2 run  30: CORRECT        suite_runs=3 hidden=0 pytest=- 2.33s
fixture_a CONFIRM=2 run  31: CORRECT        suite_runs=3 hidden=1 pytest=- 2.52s
fixture_a CONFIRM=2 run  32: CORRECT        suite_runs=3 hidden=0 pytest=- 2.34s
fixture_a CONFIRM=2 run  33: CORRECT        suite_runs=3 hidden=1 pytest=- 2.52s
fixture_a CONFIRM=2 run  34: CORRECT        suite_runs=3 hidden=0 pytest=- 2.33s
fixture_a CONFIRM=2 run  35: CORRECT        suite_runs=3 hidden=1 pytest=- 2.51s
fixture_a CONFIRM=2 run  36: CORRECT        suite_runs=3 hidden=0 pytest=- 2.35s
fixture_a CONFIRM=2 run  37: CORRECT        suite_runs=3 hidden=0 pytest=- 2.34s
fixture_a CONFIRM=2 run  38: CORRECT        suite_runs=3 hidden=1 pytest=- 2.52s
fixture_a CONFIRM=2 run  39: CORRECT        suite_runs=3 hidden=0 pytest=- 2.32s
fixture_a CONFIRM=2 run  40: CORRECT        suite_runs=3 hidden=0 pytest=- 2.34s
fixture_a CONFIRM=2 run  41: CORRECT        suite_runs=3 hidden=0 pytest=- 2.36s
fixture_a CONFIRM=2 run  42: CORRECT        suite_runs=3 hidden=0 pytest=- 2.34s
fixture_a CONFIRM=2 run  43: CORRECT        suite_runs=3 hidden=1 pytest=- 2.53s
fixture_a CONFIRM=2 run  44: CORRECT        suite_runs=3 hidden=1 pytest=- 2.52s
fixture_a CONFIRM=2 run  45: CORRECT        suite_runs=3 hidden=0 pytest=- 2.35s
fixture_a CONFIRM=2 run  46: CORRECT        suite_runs=3 hidden=0 pytest=- 2.34s
fixture_a CONFIRM=2 run  47: CORRECT        suite_runs=3 hidden=1 pytest=- 2.52s
fixture_a CONFIRM=2 run  48: CORRECT        suite_runs=3 hidden=1 pytest=- 2.7s
fixture_a CONFIRM=2 run  49: CORRECT        suite_runs=3 hidden=0 pytest=- 2.36s
wrote /Users/kanchetidevieswar/neo/fluidfix/research/laws-2026-09-07/05-engine-hidden-flaky/results_fixture_a.jsonl
