fixture_a CONFIRM=0 run   0: FALSE_ACCEPT   suite_runs=3 hidden=0 pytest=- 1.61s
fixture_a CONFIRM=0 run   1: CORRECT        suite_runs=3 hidden=0 pytest=- 1.65s
fixture_a CONFIRM=0 run   2: FALSE_ACCEPT   suite_runs=3 hidden=0 pytest=- 1.61s
fixture_a CONFIRM=0 run   3: FALSE_ACCEPT   suite_runs=3 hidden=0 pytest=- 1.64s
fixture_a CONFIRM=0 run   4: FALSE_ACCEPT   suite_runs=3 hidden=0 pytest=- 1.59s
fixture_a CONFIRM=0 run   5: CORRECT        suite_runs=3 hidden=0 pytest=- 1.66s
fixture_a CONFIRM=0 run   6: CORRECT        suite_runs=3 hidden=0 pytest=- 1.62s
fixture_a CONFIRM=0 run   7: CORRECT        suite_runs=3 hidden=0 pytest=- 1.67s
fixture_a CONFIRM=0 run   8: CORRECT        suite_runs=3 hidden=0 pytest=- 1.65s
fixture_a CONFIRM=0 run   9: CORRECT        suite_runs=3 hidden=0 pytest=- 1.66s
fixture_a CONFIRM=0 run  10: FALSE_ACCEPT   suite_runs=3 hidden=0 pytest=- 1.69s
fixture_a CONFIRM=0 run  11: FALSE_ACCEPT   suite_runs=3 hidden=0 pytest=- 1.67s
fixture_a CONFIRM=0 run  12: CORRECT        suite_runs=3 hidden=0 pytest=- 1.69s
fixture_a CONFIRM=0 run  13: FALSE_ACCEPT   suite_runs=3 hidden=0 pytest=- 1.65s
fixture_a CONFIRM=0 run  14: FALSE_ACCEPT   suite_runs=3 hidden=0 pytest=- 1.73s
fixture_a CONFIRM=0 run  15: FALSE_ACCEPT   suite_runs=3 hidden=0 pytest=- 1.65s
fixture_a CONFIRM=0 run  16: CORRECT        suite_runs=3 hidden=0 pytest=- 1.65s
fixture_a CONFIRM=0 run  17: FALSE_ACCEPT   suite_runs=3 hidden=0 pytest=- 1.66s
fixture_a CONFIRM=0 run  18: FALSE_ACCEPT   suite_runs=3 hidden=0 pytest=- 1.67s
fixture_a CONFIRM=0 run  19: FALSE_ACCEPT   suite_runs=3 hidden=0 pytest=- 1.64s
fixture_a CONFIRM=0 run  20: CORRECT        suite_runs=3 hidden=0 pytest=- 1.65s
fixture_a CONFIRM=0 run  21: CORRECT        suite_runs=3 hidden=0 pytest=- 1.65s
fixture_a CONFIRM=0 run  22: CORRECT        suite_runs=3 hidden=0 pytest=- 1.65s
fixture_a CONFIRM=0 run  23: FALSE_ACCEPT   suite_runs=3 hidden=0 pytest=- 1.64s
fixture_a CONFIRM=0 run  24: FALSE_ACCEPT   suite_runs=3 hidden=0 pytest=- 1.64s
fixture_a CONFIRM=0 run  25: FALSE_ACCEPT   suite_runs=3 hidden=0 pytest=- 1.64s
fixture_a CONFIRM=0 run  26: FALSE_ACCEPT   suite_runs=3 hidden=0 pytest=- 1.65s
fixture_a CONFIRM=0 run  27: FALSE_ACCEPT   suite_runs=3 hidden=0 pytest=- 1.66s
fixture_a CONFIRM=0 run  28: CORRECT        suite_runs=3 hidden=0 pytest=- 1.64s
fixture_a CONFIRM=0 run  29: CORRECT        suite_runs=3 hidden=0 pytest=- 1.63s
fixture_a CONFIRM=0 run  30: FALSE_ACCEPT   suite_runs=3 hidden=0 pytest=- 1.62s
fixture_a CONFIRM=0 run  31: CORRECT        suite_runs=3 hidden=0 pytest=- 1.62s
fixture_a CONFIRM=0 run  32: CORRECT        suite_runs=3 hidden=0 pytest=- 1.64s
fixture_a CONFIRM=0 run  33: FALSE_ACCEPT   suite_runs=3 hidden=0 pytest=- 1.65s
fixture_a CONFIRM=0 run  34: FALSE_ACCEPT   suite_runs=3 hidden=0 pytest=- 1.64s
fixture_a CONFIRM=0 run  35: CORRECT        suite_runs=3 hidden=0 pytest=- 1.67s
fixture_a CONFIRM=0 run  36: FALSE_ACCEPT   suite_runs=3 hidden=0 pytest=- 1.64s
fixture_a CONFIRM=0 run  37: CORRECT        suite_runs=3 hidden=0 pytest=- 1.66s
fixture_a CONFIRM=0 run  38: CORRECT        suite_runs=3 hidden=0 pytest=- 1.68s
fixture_a CONFIRM=0 run  39: FALSE_ACCEPT   suite_runs=3 hidden=0 pytest=- 1.65s
fixture_a CONFIRM=0 run  40: FALSE_ACCEPT   suite_runs=3 hidden=0 pytest=- 1.64s
fixture_a CONFIRM=0 run  41: FALSE_ACCEPT   suite_runs=3 hidden=0 pytest=- 1.67s
fixture_a CONFIRM=0 run  42: CORRECT        suite_runs=3 hidden=0 pytest=- 1.66s
fixture_a CONFIRM=0 run  43: CORRECT        suite_runs=3 hidden=0 pytest=- 1.67s
fixture_a CONFIRM=0 run  44: CORRECT        suite_runs=3 hidden=0 pytest=- 1.66s
fixture_a CONFIRM=0 run  45: CORRECT        suite_runs=3 hidden=0 pytest=- 1.68s
fixture_a CONFIRM=0 run  46: FALSE_ACCEPT   suite_runs=3 hidden=0 pytest=- 1.66s
fixture_a CONFIRM=0 run  47: CORRECT        suite_runs=3 hidden=0 pytest=- 1.71s
fixture_a CONFIRM=0 run  48: CORRECT        suite_runs=3 hidden=0 pytest=- 1.66s
fixture_a CONFIRM=0 run  49: FALSE_ACCEPT   suite_runs=3 hidden=0 pytest=- 1.68s
wrote /Users/kanchetidevieswar/neo/fluidfix/research/laws-2026-09-07/05-engine-hidden-flaky/results_fixture_a_rep0.jsonl
