fixture_a CONFIRM=0 run   0: CORRECT        suite_runs=3 hidden=0 pytest=7 1.79s
fixture_a CONFIRM=0 run   1: CORRECT        suite_runs=3 hidden=0 pytest=7 1.86s
fixture_a CONFIRM=0 run   2: FALSE_ACCEPT   suite_runs=3 hidden=0 pytest=7 2.28s
fixture_a CONFIRM=0 run   3: CORRECT        suite_runs=3 hidden=0 pytest=7 2.03s
fixture_a CONFIRM=0 run   4: CORRECT        suite_runs=3 hidden=0 pytest=7 2.21s
fixture_a CONFIRM=0 run   5: FALSE_ACCEPT   suite_runs=3 hidden=0 pytest=7 2.42s
fixture_a CONFIRM=0 run   6: CORRECT        suite_runs=3 hidden=0 pytest=7 2.11s
fixture_a CONFIRM=0 run   7: FALSE_ACCEPT   suite_runs=3 hidden=0 pytest=7 2.24s
fixture_a CONFIRM=0 run   8: CORRECT        suite_runs=3 hidden=0 pytest=7 2.22s
fixture_a CONFIRM=0 run   9: FALSE_ACCEPT   suite_runs=3 hidden=0 pytest=7 2.26s
fixture_a CONFIRM=0 run  10: CORRECT        suite_runs=3 hidden=0 pytest=7 2.54s
fixture_a CONFIRM=0 run  11: FALSE_ACCEPT   suite_runs=3 hidden=0 pytest=7 2.9s
fixture_a CONFIRM=1 run   0: CORRECT        suite_runs=3 hidden=1 pytest=11 4.32s
fixture_a CONFIRM=1 run   1: FALSE_ACCEPT   suite_runs=3 hidden=0 pytest=11 3.88s
fixture_a CONFIRM=1 run   2: FALSE_ACCEPT   suite_runs=3 hidden=0 pytest=11 4.72s
fixture_a CONFIRM=1 run   3: CORRECT        suite_runs=3 hidden=0 pytest=9 3.48s
fixture_a CONFIRM=1 run   4: CORRECT        suite_runs=3 hidden=0 pytest=9 3.06s
fixture_a CONFIRM=1 run   5: CORRECT        suite_runs=3 hidden=0 pytest=9 3.53s
fixture_a CONFIRM=1 run   6: CORRECT        suite_runs=3 hidden=0 pytest=9 3.37s
fixture_a CONFIRM=1 run   7: CORRECT        suite_runs=3 hidden=0 pytest=9 3.46s
fixture_a CONFIRM=1 run   8: CORRECT        suite_runs=3 hidden=1 pytest=11 4.09s
fixture_a CONFIRM=1 run   9: CORRECT        suite_runs=3 hidden=0 pytest=9 3.43s
fixture_a CONFIRM=1 run  10: CORRECT        suite_runs=3 hidden=0 pytest=9 3.56s
fixture_a CONFIRM=1 run  11: CORRECT        suite_runs=3 hidden=1 pytest=10 3.04s
fixture_a CONFIRM=2 run   0: CORRECT        suite_runs=3 hidden=0 pytest=11 3.21s
fixture_a CONFIRM=2 run   1: CORRECT        suite_runs=3 hidden=1 pytest=12 3.31s
fixture_a CONFIRM=2 run   2: CORRECT        suite_runs=3 hidden=0 pytest=11 3.6s
fixture_a CONFIRM=2 run   3: CORRECT        suite_runs=3 hidden=0 pytest=11 3.52s
fixture_a CONFIRM=2 run   4: CORRECT        suite_runs=3 hidden=0 pytest=11 2.94s
fixture_a CONFIRM=2 run   5: CORRECT        suite_runs=3 hidden=1 pytest=14 3.65s
fixture_a CONFIRM=2 run   6: CORRECT        suite_runs=3 hidden=0 pytest=11 2.67s
fixture_a CONFIRM=2 run   7: CORRECT        suite_runs=3 hidden=0 pytest=11 3.23s
fixture_a CONFIRM=2 run   8: CORRECT        suite_runs=3 hidden=1 pytest=14 3.42s
fixture_a CONFIRM=2 run   9: FALSE_ACCEPT   suite_runs=3 hidden=0 pytest=15 4.44s
fixture_a CONFIRM=2 run  10: CORRECT        suite_runs=3 hidden=1 pytest=15 4.24s
fixture_a CONFIRM=2 run  11: CORRECT        suite_runs=3 hidden=0 pytest=11 3.58s
wrote /Users/kanchetidevieswar/neo/fluidfix/research/laws-2026-09-07/05-engine-hidden-flaky/results_fixture_a_wrapped.jsonl
