fixture_a CONFIRM=1 run   0: CORRECT        suite_runs=3 hidden=0 pytest=- 1.99s
fixture_a CONFIRM=1 run   1: CORRECT        suite_runs=3 hidden=1 pytest=- 2.32s
fixture_a CONFIRM=1 run   2: CORRECT        suite_runs=3 hidden=0 pytest=- 1.96s
fixture_a CONFIRM=1 run   3: CORRECT        suite_runs=3 hidden=0 pytest=- 1.96s
fixture_a CONFIRM=1 run   4: CORRECT        suite_runs=3 hidden=1 pytest=- 2.36s
fixture_a CONFIRM=1 run   5: FALSE_ACCEPT   suite_runs=3 hidden=0 pytest=- 2.46s
fixture_a CONFIRM=1 run   6: FALSE_ACCEPT   suite_runs=3 hidden=0 pytest=- 2.38s
fixture_a CONFIRM=1 run   7: CORRECT        suite_runs=3 hidden=0 pytest=- 1.95s
fixture_a CONFIRM=1 run   8: CORRECT        suite_runs=3 hidden=0 pytest=- 1.97s
fixture_a CONFIRM=1 run   9: CORRECT        suite_runs=3 hidden=1 pytest=- 2.33s
fixture_a CONFIRM=1 run  10: CORRECT        suite_runs=3 hidden=1 pytest=- 2.31s
fixture_a CONFIRM=1 run  11: CORRECT        suite_runs=3 hidden=0 pytest=- 1.96s
fixture_a CONFIRM=1 run  12: CORRECT        suite_runs=3 hidden=0 pytest=- 1.93s
fixture_a CONFIRM=1 run  13: CORRECT        suite_runs=3 hidden=0 pytest=- 2.02s
fixture_a CONFIRM=1 run  14: CORRECT        suite_runs=3 hidden=1 pytest=- 2.36s
fixture_a CONFIRM=1 run  15: CORRECT        suite_runs=3 hidden=0 pytest=- 1.92s
fixture_a CONFIRM=1 run  16: CORRECT        suite_runs=3 hidden=0 pytest=- 1.91s
fixture_a CONFIRM=1 run  17: CORRECT        suite_runs=3 hidden=0 pytest=- 1.97s
fixture_a CONFIRM=1 run  18: CORRECT        suite_runs=3 hidden=0 pytest=- 1.95s
fixture_a CONFIRM=1 run  19: CORRECT        suite_runs=3 hidden=1 pytest=- 2.31s
fixture_a CONFIRM=1 run  20: CORRECT        suite_runs=3 hidden=0 pytest=- 1.96s
fixture_a CONFIRM=1 run  21: CORRECT        suite_runs=3 hidden=0 pytest=- 1.97s
fixture_a CONFIRM=1 run  22: CORRECT        suite_runs=3 hidden=0 pytest=- 1.96s
fixture_a CONFIRM=1 run  23: FALSE_ACCEPT   suite_runs=3 hidden=0 pytest=- 2.35s
fixture_a CONFIRM=1 run  24: FALSE_ACCEPT   suite_runs=3 hidden=0 pytest=- 2.36s
fixture_a CONFIRM=1 run  25: CORRECT        suite_runs=3 hidden=1 pytest=- 2.14s
fixture_a CONFIRM=1 run  26: CORRECT        suite_runs=3 hidden=0 pytest=- 2.0s
fixture_a CONFIRM=1 run  27: CORRECT        suite_runs=3 hidden=0 pytest=- 1.97s
fixture_a CONFIRM=1 run  28: CORRECT        suite_runs=3 hidden=1 pytest=- 2.18s
fixture_a CONFIRM=1 run  29: CORRECT        suite_runs=3 hidden=1 pytest=- 2.12s
fixture_a CONFIRM=1 run  30: CORRECT        suite_runs=3 hidden=0 pytest=- 1.93s
fixture_a CONFIRM=1 run  31: CORRECT        suite_runs=3 hidden=1 pytest=- 2.11s
fixture_a CONFIRM=1 run  32: CORRECT        suite_runs=3 hidden=0 pytest=- 1.93s
fixture_a CONFIRM=1 run  33: CORRECT        suite_runs=3 hidden=0 pytest=- 2.0s
fixture_a CONFIRM=1 run  34: CORRECT        suite_runs=3 hidden=0 pytest=- 1.95s
fixture_a CONFIRM=1 run  35: CORRECT        suite_runs=3 hidden=0 pytest=- 2.01s
fixture_a CONFIRM=1 run  36: CORRECT        suite_runs=3 hidden=0 pytest=- 2.01s
fixture_a CONFIRM=1 run  37: CORRECT        suite_runs=3 hidden=1 pytest=- 2.31s
fixture_a CONFIRM=1 run  38: CORRECT        suite_runs=3 hidden=0 pytest=- 1.97s
fixture_a CONFIRM=1 run  39: CORRECT        suite_runs=3 hidden=1 pytest=- 2.18s
fixture_a CONFIRM=1 run  40: CORRECT        suite_runs=3 hidden=0 pytest=- 2.0s
fixture_a CONFIRM=1 run  41: CORRECT        suite_runs=3 hidden=0 pytest=- 2.05s
fixture_a CONFIRM=1 run  42: CORRECT        suite_runs=3 hidden=1 pytest=- 2.15s
fixture_a CONFIRM=1 run  43: CORRECT        suite_runs=3 hidden=1 pytest=- 2.18s
fixture_a CONFIRM=1 run  44: CORRECT        suite_runs=3 hidden=1 pytest=- 2.21s
fixture_a CONFIRM=1 run  45: CORRECT        suite_runs=3 hidden=0 pytest=- 1.93s
fixture_a CONFIRM=1 run  46: CORRECT        suite_runs=3 hidden=1 pytest=- 2.14s
fixture_a CONFIRM=1 run  47: CORRECT        suite_runs=3 hidden=1 pytest=- 2.38s
fixture_a CONFIRM=1 run  48: CORRECT        suite_runs=3 hidden=0 pytest=- 1.95s
fixture_a CONFIRM=1 run  49: CORRECT        suite_runs=3 hidden=0 pytest=- 1.94s
wrote /Users/kanchetidevieswar/neo/fluidfix/research/laws-2026-09-07/05-engine-hidden-flaky/results_fixture_a_rep1.jsonl
