== suite fails: True
== failing_output (verbatim) ==
F
=================================== FAILURES ===================================
_____________________________ test_ordinal_number ______________________________

    def test_ordinal_number():
>       assert ordinal_number(10) == "st"
E       AssertionError: assert 'th' == 'st'
E         
E         - st
E         + th

test_mod.py:3: AssertionError
=========================== short test summary info ============================
FAILED test_mod.py::test_ordinal_number - AssertionError: assert 'th' == 'st'
!!!!!!!!!!!!!!!!!!!!!!!!!! stopping after 1 failures !!!!!!!!!!!!!!!!!!!!!!!!!!!
1 failed in 0.03s

== end ==
FRAME candidates by basename: {'test_mod.py': {3}}
FRAME for rel='mod.py': set()
NAMED tokens from FAILED/ERROR lines: ['number', 'ordinal']
def-name tokens for 'ordinal_number': ['number', 'ordinal']
