===== A. rich/notdrop-1 — the fixed waves REFUSED this: the cap of six territories hid the file =====
[rich/notdrop-1] survey 4.7s: 54 territories; memory knows nothing; every (territory, class) pair here would be 161 nodes
  round 1: 1 node(s) — console.py:10[1-2699]
    grew: 0 deeper, 8 wider — frontier now 8
  round 2: 8 node(s) — console.py:0[1-2699], console.py:1[1-2699], console.py:4[1-2699], console.py:5[1-2699], table.py:10[1-1016], text.py:10[1-1364], segment.py:10[1-781], color.py:10[1-622]
    grew: 0 deeper, 60 wider — frontier now 34
  round 3: 18 node(s) — console.py:6[1-2699], table.py:0[1-1016], text.py:0[1-1364], segment.py:0[1-781], style.py:0[1-797], console.py:8[1-2699], table.py:1[1-1016], text.py:1[1-1364], segment.py:1[1-781], style.py:1[1-797], console.py:9[1-2699], table.py:4[1-1016], text.py:4[1-1364], segment.py:4[1-781], style.py:4[1-797], console.py:12[1-2699], table.py:2[1-1016], table.py:3[1-1016]
    grew: 0 deeper, 120 wider — frontier now 55
  round 4: 14 node(s) — panel.py:10[1-318], text.py:3[1-1364], align.py:10[1-321], segment.py:3[1-781], columns.py:10[1-188], color.py:0[1-622], color.py:1[1-622], color.py:4[1-622], color.py:6[1-622], padding.py:10[1-142], table.py:6[1-1016], text.py:6[1-1364], segment.py:6[1-781], markdown.py:0[1-803]
    grew: 0 deeper, 106 wider — frontier now 62
  round 5: 18 node(s) — pretty.py:0[1-1017], syntax.py:0[1-989], table.py:8[1-1016], text.py:8[1-1364], segment.py:8[1-781], columns.py:8[1-188], syntax.py:1[1-989], text.py:7[1-1364], segment.py:7[1-781], panel.py:1[1-318], align.py:1[1-321], text.py:9[1-1364], _wrap.py:9[1-94], _ratio.py:9[1-154], table.py:7[1-1016], panel.py:4[1-318], align.py:4[1-321], columns.py:4[1-188]
    grew: 0 deeper, 114 wider — frontier now 78
  round 6: 17 node(s) — table.py:12[1-1016], text.py:12[1-1364], segment.py:12[1-781], markdown.py:12[1-803], table.py:11[1-1016], panel.py:3[1-318], align.py:3[1-321], panel.py:0[1-318], rule.py:10[1-131], columns.py:3[1-188], align.py:0[1-321], measure.py:10[1-152], segment.py:11[1-781], padding.py:3[1-142], columns.py:0[1-188], columns.py:1[1-188], highlighter.py:10[1-233]
    grew: 0 deeper, 101 wider — frontier now 82
  round 7: 14 node(s) — color.py:7[1-622], color.py:12[1-622], box.py:4[1-475], panel.py:6[1-318], padding.py:0[1-142], padding.py:1[1-142], padding.py:6[1-142], cells.py:10[1-353], align.py:6[1-321], columns.py:6[1-188], pretty.py:12[1-1017], syntax.py:12[1-989], box.py:0[1-475], rule.py:8[1-131]
    grew: 0 deeper, 75 wider — frontier now 71
  round 8: 14 node(s) — measure.py:8[1-152], _ratio.py:8[1-154], constrain.py:8[1-38], columns.py:7[1-188], padding.py:7[1-142], rule.py:1[1-131], measure.py:1[1-152], _wrap.py:0[1-94], _wrap.py:1[1-94], _wrap.py:3[1-94], _wrap.py:6[1-94], _ratio.py:0[1-154], _ratio.py:1[1-154], _ratio.py:6[1-154]
    grew: 0 deeper, 77 wider — frontier now 61
  round 9: 11 node(s) — _ratio.py:7[1-154], cells.py:7[1-353], terminal_theme.py:4[1-154], align.py:11[1-321], protocol.py:4[1-42], _pick.py:4[1-18], columns.py:12[1-188], padding.py:11[1-142], rule.py:11[1-131], rule.py:3[1-131], rule.py:0[1-131]
    grew: 0 deeper, 29 wider — frontier now 49
  round 10: 14 node(s) — _wrap.py:10[1-94], terminal_theme.py:3[1-154], measure.py:0[1-152], measure.py:6[1-152], _ratio.py:10[1-154], _wrap.py:11[1-94], cells.py:1[1-353], highlighter.py:0[1-233], __init__.py:10[1-94], box.py:12[1-475], containers.py:1[1-168], cells.py:0[1-353], containers.py:12[1-168], _wrap.py:12[1-94]
    green: rich/measure.py class 6 lines 1-152 (2 suite runs) — the net stops growing
[rich/notdrop-1] EXACT | 129 nodes over 10 rounds (every pair would be 161) | 908 suite runs | 625.7s

===== B. rich/lenm1-1 — the fixed waves cost 45 nodes and 313 suite runs cold =====
[rich/lenm1-1] survey 4.7s: 54 territories; memory knows nothing; every (territory, class) pair here would be 164 nodes
  round 1: 1 node(s) — console.py:10[1-2699]
    grew: 0 deeper, 8 wider — frontier now 8
  round 2: 8 node(s) — console.py:0[1-2699], console.py:1[1-2699], console.py:4[1-2699], console.py:5[1-2699], text.py:10[1-1364], table.py:10[1-1016], segment.py:10[1-781], columns.py:10[1-188]
    grew: 0 deeper, 60 wider — frontier now 34
  round 3: 18 node(s) — console.py:6[1-2699], text.py:0[1-1364], table.py:0[1-1016], segment.py:0[1-781], style.py:0[1-797], console.py:8[1-2699], text.py:1[1-1364], table.py:1[1-1016], segment.py:1[1-781], style.py:1[1-797], console.py:9[1-2699], text.py:4[1-1364], table.py:4[1-1016], segment.py:4[1-781], style.py:4[1-797], console.py:12[1-2699], text.py:3[1-1364], color.py:10[1-622]
    grew: 0 deeper, 125 wider — frontier now 57
  round 4: 15 node(s) — table.py:2[1-1016], table.py:3[1-1016], panel.py:10[1-318], segment.py:3[1-781], align.py:10[1-321], columns.py:0[1-188], columns.py:1[1-188], columns.py:3[1-188], columns.py:4[1-188], padding.py:10[1-142], text.py:6[1-1364], table.py:6[1-1016], segment.py:6[1-781], columns.py:6[1-188], markdown.py:0[1-803]
    grew: 0 deeper, 113 wider — frontier now 64
  round 5: 18 node(s) — pretty.py:0[1-1017], syntax.py:0[1-989], text.py:8[1-1364], table.py:8[1-1016], segment.py:8[1-781], columns.py:8[1-188], text.py:7[1-1364], syntax.py:1[1-989], segment.py:7[1-781], color.py:1[1-622], panel.py:1[1-318], text.py:9[1-1364], columns.py:9[1-188], _wrap.py:9[1-94], _ratio.py:9[1-154], table.py:7[1-1016], color.py:4[1-622], panel.py:4[1-318]
    green: rich/table.py class 7 lines 1-1016 (8 suite runs) — the net stops growing
[rich/lenm1-1] EXACT | 60 nodes over 5 rounds (every pair would be 164) | 656 suite runs | 482.2s

===== C. arrow/lenm1-1 — with the shape already learned by B =====
[arrow/lenm1-1] survey 8.2s: 10 territories; memory knows [7]; every (territory, class) pair here would be 19 nodes
  round 1: 1 node(s) — locales.py:7[1-6655]
    green: arrow/locales.py class 7 lines 1-6655 (2 suite runs) — the net stops growing
[arrow/lenm1-1] EXACT | 1 nodes over 1 rounds (every pair would be 19) | 2 suite runs | 33.3s
NET_DONE
