=== fixture: f03-crlf
=== root:    /Users/kanchetidevieswar/neo/fluidfix/research/adversarial-2026-09-07/13-stale-and-symlink/fixtures/f03-crlf
=== extra:   
BEFORE ./pkg/__init__.py
  content-sha256: e3b0c44298fc1c149afbf4c8996fb92427ae41e4649b934ca495991b7852b855
  stat(name):     mode=-rw-r--r-- inode=154162166 nlink=1 size=0
  lstat(name):    mode=-rw-r--r-- inode=154162166
BEFORE ./pkg/geom.py
  content-sha256: 28b5c69de326d8e816a25827189de0a0d8963b40e5a3e9741dc294ca75d96b1b
  stat(name):     mode=-rw-r--r-- inode=154162170 nlink=1 size=119
  lstat(name):    mode=-rw-r--r-- inode=154162170
BEFORE ./tests/test_geom.py
  content-sha256: 4a7765cd023ca3fbded5cb878a10cb28188aae677b93c0ff6f0fe0aa4b1535c8
  stat(name):     mode=-rw-r--r-- inode=154162168 nlink=1 size=117
  lstat(name):    mode=-rw-r--r-- inode=154162168
=== guard run ===
[14:33:30] pkg/geom.py: repaired line 3 in 3 suite runs (1.3s):
  - return a - b
  + return a + b
=== guard exit: 0 ===
AFTER ./pkg/__init__.py
  content-sha256: e3b0c44298fc1c149afbf4c8996fb92427ae41e4649b934ca495991b7852b855
  stat(name):     mode=-rw-r--r-- inode=154162166 nlink=1 size=0
  lstat(name):    mode=-rw-r--r-- inode=154162166
AFTER ./pkg/geom.py
  content-sha256: e817b0ea8fbd9f05ca3fa0d20e019f6e06f69aa2bd143e31215d856f65504160
  stat(name):     mode=-rw-r--r-- inode=154162170 nlink=1 size=119
  lstat(name):    mode=-rw-r--r-- inode=154162170
AFTER ./tests/test_geom.py
  content-sha256: 4a7765cd023ca3fbded5cb878a10cb28188aae677b93c0ff6f0fe0aa4b1535c8
  stat(name):     mode=-rw-r--r-- inode=154162168 nlink=1 size=117
  lstat(name):    mode=-rw-r--r-- inode=154162168
=== leftovers in .fluidfix ===
total 0
drwxr-xr-x@ 2 kanchetidevieswar  staff   64 Sep  7 14:33 .
drwxr-xr-x@ 7 kanchetidevieswar  staff  224 Sep  7 14:33 ..
