[  1%] Building C object src/CMakeFiles/box2d.dir/arena_allocator.c.o
[  3%] Building C object src/CMakeFiles/box2d.dir/aabb.c.o
[  4%] Building C object src/CMakeFiles/box2d.dir/bitset.c.o
[  6%] Building C object src/CMakeFiles/box2d.dir/body.c.o
[  7%] Building C object src/CMakeFiles/box2d.dir/broad_phase.c.o
[  9%] Building C object src/CMakeFiles/box2d.dir/constraint_graph.c.o
[ 10%] Building C object src/CMakeFiles/box2d.dir/contact.c.o
[ 12%] Building C object src/CMakeFiles/box2d.dir/contact_solver.c.o
[ 14%] Building C object src/CMakeFiles/box2d.dir/core.c.o
[ 15%] Building C object src/CMakeFiles/box2d.dir/distance.c.o
[ 17%] Building C object src/CMakeFiles/box2d.dir/distance_joint.c.o
[ 18%] Building C object src/CMakeFiles/box2d.dir/dynamic_tree.c.o
[ 20%] Building C object src/CMakeFiles/box2d.dir/geometry.c.o
[ 21%] Building C object src/CMakeFiles/box2d.dir/hull.c.o
[ 23%] Building C object src/CMakeFiles/box2d.dir/id_pool.c.o
[ 25%] Building C object src/CMakeFiles/box2d.dir/island.c.o
[ 26%] Building C object src/CMakeFiles/box2d.dir/joint.c.o
[ 28%] Building C object src/CMakeFiles/box2d.dir/manifold.c.o
[ 29%] Building C object src/CMakeFiles/box2d.dir/math_functions.c.o
[ 31%] Building C object src/CMakeFiles/box2d.dir/motor_joint.c.o
[ 32%] Building C object src/CMakeFiles/box2d.dir/mover_joint.c.o
[ 35%] Building C object src/CMakeFiles/box2d.dir/mover.c.o
[ 35%] Building C object src/CMakeFiles/box2d.dir/parallel_for.c.o
[ 37%] Building C object src/CMakeFiles/box2d.dir/physics_world.c.o
[ 39%] Building C object src/CMakeFiles/box2d.dir/pogo_joint.c.o
[ 40%] Building C object src/CMakeFiles/box2d.dir/prismatic_joint.c.o
[ 42%] Building C object src/CMakeFiles/box2d.dir/recording.c.o
[ 43%] Building C object src/CMakeFiles/box2d.dir/recording_replay.c.o
[ 45%] Building C object src/CMakeFiles/box2d.dir/revolute_joint.c.o
[ 46%] Building C object src/CMakeFiles/box2d.dir/scheduler.c.o
[ 48%] Building C object src/CMakeFiles/box2d.dir/sensor.c.o
[ 50%] Building C object src/CMakeFiles/box2d.dir/shape.c.o
[ 51%] Building C object src/CMakeFiles/box2d.dir/solver.c.o
[ 53%] Building C object src/CMakeFiles/box2d.dir/solver_set.c.o
[ 54%] Building C object src/CMakeFiles/box2d.dir/table.c.o
[ 56%] Building C object src/CMakeFiles/box2d.dir/timer.c.o
[ 57%] Building C object src/CMakeFiles/box2d.dir/types.c.o
[ 59%] Building C object src/CMakeFiles/box2d.dir/weld_joint.c.o
[ 60%] Building C object src/CMakeFiles/box2d.dir/wheel_joint.c.o
[ 62%] Building C object src/CMakeFiles/box2d.dir/world_snapshot.c.o
[ 64%] Linking C static library libbox2d.a
[ 64%] Built target box2d
[ 67%] Building C object shared/CMakeFiles/shared.dir/benchmarks.c.o
[ 67%] Building C object shared/CMakeFiles/shared.dir/determinism.c.o
[ 68%] Building C object shared/CMakeFiles/shared.dir/human.c.o
[ 70%] Building C object shared/CMakeFiles/shared.dir/utils.c.o
[ 71%] Linking C static library libshared.a
[ 71%] Built target shared
[ 75%] Building C object test/CMakeFiles/test.dir/main.c.o
[ 75%] Building C object test/CMakeFiles/test.dir/test_bitset.c.o
[ 76%] Building C object test/CMakeFiles/test.dir/test_collision.c.o
[ 78%] Building C object test/CMakeFiles/test.dir/test_container.c.o
[ 79%] Building C object test/CMakeFiles/test.dir/test_determinism.c.o
[ 81%] Building C object test/CMakeFiles/test.dir/test_distance.c.o
[ 82%] Building C object test/CMakeFiles/test.dir/test_dynamic_tree.c.o
[ 84%] Building C object test/CMakeFiles/test.dir/test_id.c.o
[ 85%] Building C object test/CMakeFiles/test.dir/test_large_world.c.o
[ 87%] Building C object test/CMakeFiles/test.dir/test_math.c.o
[ 89%] Building C object test/CMakeFiles/test.dir/test_recording.c.o
[ 90%] Building C object test/CMakeFiles/test.dir/test_restitution.c.o
[ 92%] Building C object test/CMakeFiles/test.dir/test_snapshot.c.o
[ 93%] Building C object test/CMakeFiles/test.dir/test_shape.c.o
[ 95%] Building C object test/CMakeFiles/test.dir/test_table.c.o
[ 96%] Building C object test/CMakeFiles/test.dir/test_thread.c.o
[ 98%] Building C object test/CMakeFiles/test.dir/test_world.c.o
[100%] Linking C executable ../bin/test
ld: warning: ignoring duplicate libraries: '../src/libbox2d.a'
[100%] Built target test
