-- The C compiler identification is AppleClang 21.0.0.21000099
-- The CXX compiler identification is AppleClang 21.0.0.21000099
-- Detecting C compiler ABI info
-- Detecting C compiler ABI info - done
-- Check for working C compiler: /usr/bin/cc - skipped
-- Detecting C compile features
-- Detecting C compile features - done
-- Detecting CXX compiler ABI info
-- Detecting CXX compiler ABI info - done
-- Check for working CXX compiler: /usr/bin/c++ - skipped
-- Detecting CXX compile features
-- Detecting CXX compile features - done
-- CMake C compiler: AppleClang
-- CMake C++ compiler: AppleClang
-- CMake system name: Darwin
-- CMake host system processor: arm64
-- Box2D validation ON (debug builds)
-- Box2D on Apple
-- Adding Box2D unit tests
-- Configuring done (0.7s)
-- Generating done (0.0s)
-- Build files have been written to: /Users/kanchetidevieswar/neo/fluidfix/research/laws-2026-09-07/25-pair-cost-model/box2d_copy/build
