  0  <empty>                                                 SHIP                   REACHABLE
  1  BUILT                                                   SHIP                   REACHABLE
  2  AMB                                                     ADD_STATE              
  3  BUILT+AMB                                               ADD_STATE              REACHABLE
  4  UNREAD                                                  ADD_MATERIAL           REACHABLE
  5  BUILT+UNREAD                                            ADD_MATERIAL           
  6  AMB+UNREAD                                              ADD_STATE              
  7  BUILT+AMB+UNREAD                                        ADD_STATE              
  8  NOTWIN                                                  RESHAPE                
  9  BUILT+NOTWIN                                            RESHAPE                
 10  AMB+NOTWIN                                              ADD_STATE              
 11  BUILT+AMB+NOTWIN                                        ADD_STATE              
 12  UNREAD+NOTWIN                                           ADD_MATERIAL           
 13  BUILT+UNREAD+NOTWIN                                     ADD_MATERIAL           
 14  AMB+UNREAD+NOTWIN                                       ADD_STATE              
 15  BUILT+AMB+UNREAD+NOTWIN                                 ADD_STATE              
 16  HIDDEN                                                  CHANGE_GRANULARITY     REACHABLE
 17  BUILT+HIDDEN                                            CHANGE_GRANULARITY     
 18  AMB+HIDDEN                                              ADD_STATE              
 19  BUILT+AMB+HIDDEN                                        ADD_STATE              
 20  UNREAD+HIDDEN                                           ADD_MATERIAL           
 21  BUILT+UNREAD+HIDDEN                                     ADD_MATERIAL           
 22  AMB+UNREAD+HIDDEN                                       ADD_STATE              
 23  BUILT+AMB+UNREAD+HIDDEN                                 RAISE_BUDGET           
 24  NOTWIN+HIDDEN                                           AUTHOR_SUCCESSOR       
 25  BUILT+NOTWIN+HIDDEN                                     RESHAPE                
 26  AMB+NOTWIN+HIDDEN                                       ADD_STATE              
 27  BUILT+AMB+NOTWIN+HIDDEN                                 ADD_STATE              
 28  UNREAD+NOTWIN+HIDDEN                                    ADD_MATERIAL           
 29  BUILT+UNREAD+NOTWIN+HIDDEN                              ADD_MATERIAL           
 30  AMB+UNREAD+NOTWIN+HIDDEN                                ADD_STATE              
 31  BUILT+AMB+UNREAD+NOTWIN+HIDDEN                          ADD_STATE              
 32  CAPPED                                                  RAISE_BUDGET           REACHABLE
 33  BUILT+CAPPED                                            RAISE_BUDGET           REACHABLE
 34  AMB+CAPPED                                              ADD_STATE              
 35  BUILT+AMB+CAPPED                                        ADD_STATE              
 36  UNREAD+CAPPED                                           ADD_MATERIAL           
 37  BUILT+UNREAD+CAPPED                                     ADD_MATERIAL           
 38  AMB+UNREAD+CAPPED                                       ADD_STATE              
 39  BUILT+AMB+UNREAD+CAPPED                                 RAISE_BUDGET           
 40  NOTWIN+CAPPED                                           AUTHOR_SUCCESSOR       
 41  BUILT+NOTWIN+CAPPED                                     RESHAPE                
 42  AMB+NOTWIN+CAPPED                                       ADD_STATE              
 43  BUILT+AMB+NOTWIN+CAPPED                                 ADD_STATE              
 44  UNREAD+NOTWIN+CAPPED                                    ADD_MATERIAL           
 45  BUILT+UNREAD+NOTWIN+CAPPED                              ADD_MATERIAL           
 46  AMB+UNREAD+NOTWIN+CAPPED                                ADD_STATE              
 47  BUILT+AMB+UNREAD+NOTWIN+CAPPED                          ADD_STATE              
 48  HIDDEN+CAPPED                                           CHANGE_GRANULARITY     
 49  BUILT+HIDDEN+CAPPED                                     CHANGE_GRANULARITY     
 50  AMB+HIDDEN+CAPPED                                       ADD_STATE              
 51  BUILT+AMB+HIDDEN+CAPPED                                 ADD_STATE              
 52  UNREAD+HIDDEN+CAPPED                                    ADD_MATERIAL           
 53  BUILT+UNREAD+HIDDEN+CAPPED                              ADD_MATERIAL           
 54  AMB+UNREAD+HIDDEN+CAPPED                                ADD_STATE              
 55  BUILT+AMB+UNREAD+HIDDEN+CAPPED                          RAISE_BUDGET           
 56  NOTWIN+HIDDEN+CAPPED                                    AUTHOR_SUCCESSOR       
 57  BUILT+NOTWIN+HIDDEN+CAPPED                              RESHAPE                
 58  AMB+NOTWIN+HIDDEN+CAPPED                                ADD_STATE              
 59  BUILT+AMB+NOTWIN+HIDDEN+CAPPED                          ADD_STATE              
 60  UNREAD+NOTWIN+HIDDEN+CAPPED                             ADD_MATERIAL           
 61  BUILT+UNREAD+NOTWIN+HIDDEN+CAPPED                       ADD_MATERIAL           
 62  AMB+UNREAD+NOTWIN+HIDDEN+CAPPED                         ADD_STATE              
 63  BUILT+AMB+UNREAD+NOTWIN+HIDDEN+CAPPED                   ADD_STATE              
 64  REFUTED                                                 HARVEST_COUNTEREXAMPLE REACHABLE
 65  BUILT+REFUTED                                           HARVEST_COUNTEREXAMPLE 
 66  AMB+REFUTED                                             ADD_STATE              
 67  BUILT+AMB+REFUTED                                       ADD_STATE              
 68  UNREAD+REFUTED                                          ADD_MATERIAL           
 69  BUILT+UNREAD+REFUTED                                    ADD_MATERIAL           
 70  AMB+UNREAD+REFUTED                                      ADD_STATE              
 71  BUILT+AMB+UNREAD+REFUTED                                RAISE_BUDGET           
 72  NOTWIN+REFUTED                                          AUTHOR_SUCCESSOR       
 73  BUILT+NOTWIN+REFUTED                                    RESHAPE                
 74  AMB+NOTWIN+REFUTED                                      ADD_STATE              
 75  BUILT+AMB+NOTWIN+REFUTED                                ADD_STATE              
 76  UNREAD+NOTWIN+REFUTED                                   ADD_MATERIAL           
 77  BUILT+UNREAD+NOTWIN+REFUTED                             ADD_MATERIAL           
 78  AMB+UNREAD+NOTWIN+REFUTED                               ADD_STATE              
 79  BUILT+AMB+UNREAD+NOTWIN+REFUTED                         ADD_STATE              
 80  HIDDEN+REFUTED                                          CHANGE_GRANULARITY     
 81  BUILT+HIDDEN+REFUTED                                    CHANGE_GRANULARITY     
 82  AMB+HIDDEN+REFUTED                                      ADD_STATE              
 83  BUILT+AMB+HIDDEN+REFUTED                                ADD_STATE              
 84  UNREAD+HIDDEN+REFUTED                                   ADD_MATERIAL           
 85  BUILT+UNREAD+HIDDEN+REFUTED                             ADD_MATERIAL           
 86  AMB+UNREAD+HIDDEN+REFUTED                               ADD_STATE              
 87  BUILT+AMB+UNREAD+HIDDEN+REFUTED                         RAISE_BUDGET           
 88  NOTWIN+HIDDEN+REFUTED                                   AUTHOR_SUCCESSOR       
 89  BUILT+NOTWIN+HIDDEN+REFUTED                             RESHAPE                
 90  AMB+NOTWIN+HIDDEN+REFUTED                               ADD_STATE              
 91  BUILT+AMB+NOTWIN+HIDDEN+REFUTED                         ADD_STATE              
 92  UNREAD+NOTWIN+HIDDEN+REFUTED                            ADD_MATERIAL           
 93  BUILT+UNREAD+NOTWIN+HIDDEN+REFUTED                      ADD_MATERIAL           
 94  AMB+UNREAD+NOTWIN+HIDDEN+REFUTED                        ADD_STATE              
 95  BUILT+AMB+UNREAD+NOTWIN+HIDDEN+REFUTED                  ADD_STATE              
 96  CAPPED+REFUTED                                          RAISE_BUDGET           REACHABLE
 97  BUILT+CAPPED+REFUTED                                    RAISE_BUDGET           
 98  AMB+CAPPED+REFUTED                                      ADD_STATE              
 99  BUILT+AMB+CAPPED+REFUTED                                ADD_STATE              
100  UNREAD+CAPPED+REFUTED                                   ADD_MATERIAL           
101  BUILT+UNREAD+CAPPED+REFUTED                             ADD_MATERIAL           
102  AMB+UNREAD+CAPPED+REFUTED                               ADD_STATE              
103  BUILT+AMB+UNREAD+CAPPED+REFUTED                         RAISE_BUDGET           
104  NOTWIN+CAPPED+REFUTED                                   AUTHOR_SUCCESSOR       
105  BUILT+NOTWIN+CAPPED+REFUTED                             RESHAPE                
106  AMB+NOTWIN+CAPPED+REFUTED                               ADD_STATE              
107  BUILT+AMB+NOTWIN+CAPPED+REFUTED                         ADD_STATE              
108  UNREAD+NOTWIN+CAPPED+REFUTED                            ADD_MATERIAL           
109  BUILT+UNREAD+NOTWIN+CAPPED+REFUTED                      ADD_MATERIAL           
110  AMB+UNREAD+NOTWIN+CAPPED+REFUTED                        ADD_STATE              
111  BUILT+AMB+UNREAD+NOTWIN+CAPPED+REFUTED                  ADD_STATE              
112  HIDDEN+CAPPED+REFUTED                                   CHANGE_GRANULARITY     
113  BUILT+HIDDEN+CAPPED+REFUTED                             CHANGE_GRANULARITY     
114  AMB+HIDDEN+CAPPED+REFUTED                               ADD_STATE              
115  BUILT+AMB+HIDDEN+CAPPED+REFUTED                         ADD_STATE              
116  UNREAD+HIDDEN+CAPPED+REFUTED                            ADD_MATERIAL           
117  BUILT+UNREAD+HIDDEN+CAPPED+REFUTED                      ADD_MATERIAL           
118  AMB+UNREAD+HIDDEN+CAPPED+REFUTED                        ADD_STATE              
119  BUILT+AMB+UNREAD+HIDDEN+CAPPED+REFUTED                  RAISE_BUDGET           
120  NOTWIN+HIDDEN+CAPPED+REFUTED                            AUTHOR_SUCCESSOR       
121  BUILT+NOTWIN+HIDDEN+CAPPED+REFUTED                      RESHAPE                
122  AMB+NOTWIN+HIDDEN+CAPPED+REFUTED                        ADD_STATE              
123  BUILT+AMB+NOTWIN+HIDDEN+CAPPED+REFUTED                  ADD_STATE              
124  UNREAD+NOTWIN+HIDDEN+CAPPED+REFUTED                     ADD_MATERIAL           
125  BUILT+UNREAD+NOTWIN+HIDDEN+CAPPED+REFUTED               ADD_MATERIAL           
126  AMB+UNREAD+NOTWIN+HIDDEN+CAPPED+REFUTED                 ADD_STATE              
127  BUILT+AMB+UNREAD+NOTWIN+HIDDEN+CAPPED+REFUTED           ADD_STATE              
128  SELF                                                    SHIP                   
129  BUILT+SELF                                              SHIP                   
130  AMB+SELF                                                ADD_STATE              
131  BUILT+AMB+SELF                                          ADD_STATE              
132  UNREAD+SELF                                             ADD_MATERIAL           
133  BUILT+UNREAD+SELF                                       ADD_MATERIAL           
134  AMB+UNREAD+SELF                                         ADD_STATE              
135  BUILT+AMB+UNREAD+SELF                                   RAISE_BUDGET           
136  NOTWIN+SELF                                             AUTHOR_SUCCESSOR       
137  BUILT+NOTWIN+SELF                                       RESHAPE                
138  AMB+NOTWIN+SELF                                         ADD_STATE              
139  BUILT+AMB+NOTWIN+SELF                                   ADD_STATE              
140  UNREAD+NOTWIN+SELF                                      ADD_MATERIAL           
141  BUILT+UNREAD+NOTWIN+SELF                                ADD_MATERIAL           
142  AMB+UNREAD+NOTWIN+SELF                                  ADD_STATE              
143  BUILT+AMB+UNREAD+NOTWIN+SELF                            ADD_STATE              
144  HIDDEN+SELF                                             CHANGE_GRANULARITY     
145  BUILT+HIDDEN+SELF                                       CHANGE_GRANULARITY     
146  AMB+HIDDEN+SELF                                         ADD_STATE              
147  BUILT+AMB+HIDDEN+SELF                                   ADD_STATE              
148  UNREAD+HIDDEN+SELF                                      ADD_MATERIAL           
149  BUILT+UNREAD+HIDDEN+SELF                                ADD_MATERIAL           
150  AMB+UNREAD+HIDDEN+SELF                                  ADD_STATE              
151  BUILT+AMB+UNREAD+HIDDEN+SELF                            RAISE_BUDGET           
152  NOTWIN+HIDDEN+SELF                                      AUTHOR_SUCCESSOR       
153  BUILT+NOTWIN+HIDDEN+SELF                                RESHAPE                
154  AMB+NOTWIN+HIDDEN+SELF                                  ADD_STATE              
155  BUILT+AMB+NOTWIN+HIDDEN+SELF                            ADD_STATE              
156  UNREAD+NOTWIN+HIDDEN+SELF                               ADD_MATERIAL           
157  BUILT+UNREAD+NOTWIN+HIDDEN+SELF                         ADD_MATERIAL           
158  AMB+UNREAD+NOTWIN+HIDDEN+SELF                           ADD_STATE              
159  BUILT+AMB+UNREAD+NOTWIN+HIDDEN+SELF                     ADD_STATE              
160  CAPPED+SELF                                             RAISE_BUDGET           
161  BUILT+CAPPED+SELF                                       RAISE_BUDGET           
162  AMB+CAPPED+SELF                                         ADD_STATE              
163  BUILT+AMB+CAPPED+SELF                                   ADD_STATE              
164  UNREAD+CAPPED+SELF                                      ADD_MATERIAL           
165  BUILT+UNREAD+CAPPED+SELF                                ADD_MATERIAL           
166  AMB+UNREAD+CAPPED+SELF                                  ADD_STATE              
167  BUILT+AMB+UNREAD+CAPPED+SELF                            RAISE_BUDGET           
168  NOTWIN+CAPPED+SELF                                      AUTHOR_SUCCESSOR       
169  BUILT+NOTWIN+CAPPED+SELF                                RESHAPE                
170  AMB+NOTWIN+CAPPED+SELF                                  ADD_STATE              
171  BUILT+AMB+NOTWIN+CAPPED+SELF                            ADD_STATE              
172  UNREAD+NOTWIN+CAPPED+SELF                               ADD_MATERIAL           
173  BUILT+UNREAD+NOTWIN+CAPPED+SELF                         ADD_MATERIAL           
174  AMB+UNREAD+NOTWIN+CAPPED+SELF                           ADD_STATE              
175  BUILT+AMB+UNREAD+NOTWIN+CAPPED+SELF                     ADD_STATE              
176  HIDDEN+CAPPED+SELF                                      CHANGE_GRANULARITY     
177  BUILT+HIDDEN+CAPPED+SELF                                CHANGE_GRANULARITY     
178  AMB+HIDDEN+CAPPED+SELF                                  ADD_STATE              
179  BUILT+AMB+HIDDEN+CAPPED+SELF                            ADD_STATE              
180  UNREAD+HIDDEN+CAPPED+SELF                               ADD_MATERIAL           
181  BUILT+UNREAD+HIDDEN+CAPPED+SELF                         ADD_MATERIAL           
182  AMB+UNREAD+HIDDEN+CAPPED+SELF                           ADD_STATE              
183  BUILT+AMB+UNREAD+HIDDEN+CAPPED+SELF                     RAISE_BUDGET           
184  NOTWIN+HIDDEN+CAPPED+SELF                               AUTHOR_SUCCESSOR       
185  BUILT+NOTWIN+HIDDEN+CAPPED+SELF                         RESHAPE                
186  AMB+NOTWIN+HIDDEN+CAPPED+SELF                           ADD_STATE              
187  BUILT+AMB+NOTWIN+HIDDEN+CAPPED+SELF                     ADD_STATE              
188  UNREAD+NOTWIN+HIDDEN+CAPPED+SELF                        ADD_MATERIAL           
189  BUILT+UNREAD+NOTWIN+HIDDEN+CAPPED+SELF                  ADD_MATERIAL           
190  AMB+UNREAD+NOTWIN+HIDDEN+CAPPED+SELF                    ADD_STATE              
191  BUILT+AMB+UNREAD+NOTWIN+HIDDEN+CAPPED+SELF              ADD_STATE              
192  REFUTED+SELF                                            HARVEST_COUNTEREXAMPLE 
193  BUILT+REFUTED+SELF                                      HARVEST_COUNTEREXAMPLE 
194  AMB+REFUTED+SELF                                        ADD_STATE              
195  BUILT+AMB+REFUTED+SELF                                  ADD_STATE              
196  UNREAD+REFUTED+SELF                                     ADD_MATERIAL           
197  BUILT+UNREAD+REFUTED+SELF                               ADD_MATERIAL           
198  AMB+UNREAD+REFUTED+SELF                                 ADD_STATE              
199  BUILT+AMB+UNREAD+REFUTED+SELF                           RAISE_BUDGET           
200  NOTWIN+REFUTED+SELF                                     AUTHOR_SUCCESSOR       
201  BUILT+NOTWIN+REFUTED+SELF                               RESHAPE                
202  AMB+NOTWIN+REFUTED+SELF                                 ADD_STATE              
203  BUILT+AMB+NOTWIN+REFUTED+SELF                           ADD_STATE              
204  UNREAD+NOTWIN+REFUTED+SELF                              ADD_MATERIAL           
205  BUILT+UNREAD+NOTWIN+REFUTED+SELF                        ADD_MATERIAL           
206  AMB+UNREAD+NOTWIN+REFUTED+SELF                          ADD_STATE              
207  BUILT+AMB+UNREAD+NOTWIN+REFUTED+SELF                    ADD_STATE              
208  HIDDEN+REFUTED+SELF                                     CHANGE_GRANULARITY     
209  BUILT+HIDDEN+REFUTED+SELF                               CHANGE_GRANULARITY     
210  AMB+HIDDEN+REFUTED+SELF                                 ADD_STATE              
211  BUILT+AMB+HIDDEN+REFUTED+SELF                           ADD_STATE              
212  UNREAD+HIDDEN+REFUTED+SELF                              ADD_MATERIAL           
213  BUILT+UNREAD+HIDDEN+REFUTED+SELF                        ADD_MATERIAL           
214  AMB+UNREAD+HIDDEN+REFUTED+SELF                          ADD_STATE              
215  BUILT+AMB+UNREAD+HIDDEN+REFUTED+SELF                    RAISE_BUDGET           
216  NOTWIN+HIDDEN+REFUTED+SELF                              AUTHOR_SUCCESSOR       
217  BUILT+NOTWIN+HIDDEN+REFUTED+SELF                        RESHAPE                
218  AMB+NOTWIN+HIDDEN+REFUTED+SELF                          ADD_STATE              
219  BUILT+AMB+NOTWIN+HIDDEN+REFUTED+SELF                    ADD_STATE              
220  UNREAD+NOTWIN+HIDDEN+REFUTED+SELF                       ADD_MATERIAL           
221  BUILT+UNREAD+NOTWIN+HIDDEN+REFUTED+SELF                 ADD_MATERIAL           
222  AMB+UNREAD+NOTWIN+HIDDEN+REFUTED+SELF                   ADD_STATE              
223  BUILT+AMB+UNREAD+NOTWIN+HIDDEN+REFUTED+SELF             ADD_STATE              
224  CAPPED+REFUTED+SELF                                     RAISE_BUDGET           
225  BUILT+CAPPED+REFUTED+SELF                               RAISE_BUDGET           
226  AMB+CAPPED+REFUTED+SELF                                 ADD_STATE              
227  BUILT+AMB+CAPPED+REFUTED+SELF                           ADD_STATE              
228  UNREAD+CAPPED+REFUTED+SELF                              ADD_MATERIAL           
229  BUILT+UNREAD+CAPPED+REFUTED+SELF                        ADD_MATERIAL           
230  AMB+UNREAD+CAPPED+REFUTED+SELF                          ADD_STATE              
231  BUILT+AMB+UNREAD+CAPPED+REFUTED+SELF                    RAISE_BUDGET           
232  NOTWIN+CAPPED+REFUTED+SELF                              AUTHOR_SUCCESSOR       
233  BUILT+NOTWIN+CAPPED+REFUTED+SELF                        RESHAPE                
234  AMB+NOTWIN+CAPPED+REFUTED+SELF                          ADD_STATE              
235  BUILT+AMB+NOTWIN+CAPPED+REFUTED+SELF                    ADD_STATE              
236  UNREAD+NOTWIN+CAPPED+REFUTED+SELF                       ADD_MATERIAL           
237  BUILT+UNREAD+NOTWIN+CAPPED+REFUTED+SELF                 ADD_MATERIAL           
238  AMB+UNREAD+NOTWIN+CAPPED+REFUTED+SELF                   ADD_STATE              
239  BUILT+AMB+UNREAD+NOTWIN+CAPPED+REFUTED+SELF             ADD_STATE              
240  HIDDEN+CAPPED+REFUTED+SELF                              CHANGE_GRANULARITY     
241  BUILT+HIDDEN+CAPPED+REFUTED+SELF                        CHANGE_GRANULARITY     
242  AMB+HIDDEN+CAPPED+REFUTED+SELF                          ADD_STATE              
243  BUILT+AMB+HIDDEN+CAPPED+REFUTED+SELF                    ADD_STATE              
244  UNREAD+HIDDEN+CAPPED+REFUTED+SELF                       ADD_MATERIAL           
245  BUILT+UNREAD+HIDDEN+CAPPED+REFUTED+SELF                 ADD_MATERIAL           
246  AMB+UNREAD+HIDDEN+CAPPED+REFUTED+SELF                   ADD_STATE              
247  BUILT+AMB+UNREAD+HIDDEN+CAPPED+REFUTED+SELF             RAISE_BUDGET           
248  NOTWIN+HIDDEN+CAPPED+REFUTED+SELF                       AUTHOR_SUCCESSOR       
249  BUILT+NOTWIN+HIDDEN+CAPPED+REFUTED+SELF                 RESHAPE                
250  AMB+NOTWIN+HIDDEN+CAPPED+REFUTED+SELF                   ADD_STATE              
251  BUILT+AMB+NOTWIN+HIDDEN+CAPPED+REFUTED+SELF             ADD_STATE              
252  UNREAD+NOTWIN+HIDDEN+CAPPED+REFUTED+SELF                ADD_MATERIAL           
253  BUILT+UNREAD+NOTWIN+HIDDEN+CAPPED+REFUTED+SELF          ADD_MATERIAL           
254  AMB+UNREAD+NOTWIN+HIDDEN+CAPPED+REFUTED+SELF            ADD_STATE              
255  BUILT+AMB+UNREAD+NOTWIN+HIDDEN+CAPPED+REFUTED+SELF      ADD_STATE              

=== situations per act, with NOTWIN/SELF involvement ===
SHIP                     4 total;   2 without NOTWIN/SELF: [0, 1]
ADD_STATE              113 total;  25 without NOTWIN/SELF: [2, 3, 6, 7, 18, 19, 22, 34, 35, 38, 50, 51, 54, 66, 67, 70, 82, 83, 86, 98, 99, 102, 114, 115, 118]
ADD_MATERIAL            64 total;  16 without NOTWIN/SELF: [4, 5, 20, 21, 36, 37, 52, 53, 68, 69, 84, 85, 100, 101, 116, 117]
RESHAPE                 17 total;   0 without NOTWIN/SELF: []
CHANGE_GRANULARITY      16 total;   8 without NOTWIN/SELF: [16, 17, 48, 49, 80, 81, 112, 113]
RAISE_BUDGET            23 total;  11 without NOTWIN/SELF: [23, 32, 33, 39, 55, 71, 87, 96, 97, 103, 119]
HARVEST_COUNTEREXAMPLE   4 total;   2 without NOTWIN/SELF: [64, 65]
AUTHOR_SUCCESSOR        15 total;   0 without NOTWIN/SELF: []

=== the 15 AUTHOR_SUCCESSOR and 17 RESHAPE situations ===
  AUTHOR_SUCCESSOR  x= 24 NOTWIN+HIDDEN
  AUTHOR_SUCCESSOR  x= 40 NOTWIN+CAPPED
  AUTHOR_SUCCESSOR  x= 56 NOTWIN+HIDDEN+CAPPED
  AUTHOR_SUCCESSOR  x= 72 NOTWIN+REFUTED
  AUTHOR_SUCCESSOR  x= 88 NOTWIN+HIDDEN+REFUTED
  AUTHOR_SUCCESSOR  x=104 NOTWIN+CAPPED+REFUTED
  AUTHOR_SUCCESSOR  x=120 NOTWIN+HIDDEN+CAPPED+REFUTED
  AUTHOR_SUCCESSOR  x=136 NOTWIN+SELF
  AUTHOR_SUCCESSOR  x=152 NOTWIN+HIDDEN+SELF
  AUTHOR_SUCCESSOR  x=168 NOTWIN+CAPPED+SELF
  AUTHOR_SUCCESSOR  x=184 NOTWIN+HIDDEN+CAPPED+SELF
  AUTHOR_SUCCESSOR  x=200 NOTWIN+REFUTED+SELF
  AUTHOR_SUCCESSOR  x=216 NOTWIN+HIDDEN+REFUTED+SELF
  AUTHOR_SUCCESSOR  x=232 NOTWIN+CAPPED+REFUTED+SELF
  AUTHOR_SUCCESSOR  x=248 NOTWIN+HIDDEN+CAPPED+REFUTED+SELF
  RESHAPE           x=  8 NOTWIN
  RESHAPE           x=  9 BUILT+NOTWIN
  RESHAPE           x= 25 BUILT+NOTWIN+HIDDEN
  RESHAPE           x= 41 BUILT+NOTWIN+CAPPED
  RESHAPE           x= 57 BUILT+NOTWIN+HIDDEN+CAPPED
  RESHAPE           x= 73 BUILT+NOTWIN+REFUTED
  RESHAPE           x= 89 BUILT+NOTWIN+HIDDEN+REFUTED
  RESHAPE           x=105 BUILT+NOTWIN+CAPPED+REFUTED
  RESHAPE           x=121 BUILT+NOTWIN+HIDDEN+CAPPED+REFUTED
  RESHAPE           x=137 BUILT+NOTWIN+SELF
  RESHAPE           x=153 BUILT+NOTWIN+HIDDEN+SELF
  RESHAPE           x=169 BUILT+NOTWIN+CAPPED+SELF
  RESHAPE           x=185 BUILT+NOTWIN+HIDDEN+CAPPED+SELF
  RESHAPE           x=201 BUILT+NOTWIN+REFUTED+SELF
  RESHAPE           x=217 BUILT+NOTWIN+HIDDEN+REFUTED+SELF
  RESHAPE           x=233 BUILT+NOTWIN+CAPPED+REFUTED+SELF
  RESHAPE           x=249 BUILT+NOTWIN+HIDDEN+CAPPED+REFUTED+SELF

=== every SELF combination ===
  x=128 SELF                                                    -> SHIP
  x=129 BUILT+SELF                                              -> SHIP
  x=130 AMB+SELF                                                -> ADD_STATE
  x=131 BUILT+AMB+SELF                                          -> ADD_STATE
  x=132 UNREAD+SELF                                             -> ADD_MATERIAL
  x=133 BUILT+UNREAD+SELF                                       -> ADD_MATERIAL
  x=134 AMB+UNREAD+SELF                                         -> ADD_STATE
  x=135 BUILT+AMB+UNREAD+SELF                                   -> RAISE_BUDGET
  x=136 NOTWIN+SELF                                             -> AUTHOR_SUCCESSOR
  x=137 BUILT+NOTWIN+SELF                                       -> RESHAPE
  x=138 AMB+NOTWIN+SELF                                         -> ADD_STATE
  x=139 BUILT+AMB+NOTWIN+SELF                                   -> ADD_STATE
  x=140 UNREAD+NOTWIN+SELF                                      -> ADD_MATERIAL
  x=141 BUILT+UNREAD+NOTWIN+SELF                                -> ADD_MATERIAL
  x=142 AMB+UNREAD+NOTWIN+SELF                                  -> ADD_STATE
  x=143 BUILT+AMB+UNREAD+NOTWIN+SELF                            -> ADD_STATE
  x=144 HIDDEN+SELF                                             -> CHANGE_GRANULARITY
  x=145 BUILT+HIDDEN+SELF                                       -> CHANGE_GRANULARITY
  x=146 AMB+HIDDEN+SELF                                         -> ADD_STATE
  x=147 BUILT+AMB+HIDDEN+SELF                                   -> ADD_STATE
  x=148 UNREAD+HIDDEN+SELF                                      -> ADD_MATERIAL
  x=149 BUILT+UNREAD+HIDDEN+SELF                                -> ADD_MATERIAL
  x=150 AMB+UNREAD+HIDDEN+SELF                                  -> ADD_STATE
  x=151 BUILT+AMB+UNREAD+HIDDEN+SELF                            -> RAISE_BUDGET
  x=152 NOTWIN+HIDDEN+SELF                                      -> AUTHOR_SUCCESSOR
  x=153 BUILT+NOTWIN+HIDDEN+SELF                                -> RESHAPE
  x=154 AMB+NOTWIN+HIDDEN+SELF                                  -> ADD_STATE
  x=155 BUILT+AMB+NOTWIN+HIDDEN+SELF                            -> ADD_STATE
  x=156 UNREAD+NOTWIN+HIDDEN+SELF                               -> ADD_MATERIAL
  x=157 BUILT+UNREAD+NOTWIN+HIDDEN+SELF                         -> ADD_MATERIAL
  x=158 AMB+UNREAD+NOTWIN+HIDDEN+SELF                           -> ADD_STATE
  x=159 BUILT+AMB+UNREAD+NOTWIN+HIDDEN+SELF                     -> ADD_STATE
  x=160 CAPPED+SELF                                             -> RAISE_BUDGET
  x=161 BUILT+CAPPED+SELF                                       -> RAISE_BUDGET
  x=162 AMB+CAPPED+SELF                                         -> ADD_STATE
  x=163 BUILT+AMB+CAPPED+SELF                                   -> ADD_STATE
  x=164 UNREAD+CAPPED+SELF                                      -> ADD_MATERIAL
  x=165 BUILT+UNREAD+CAPPED+SELF                                -> ADD_MATERIAL
  x=166 AMB+UNREAD+CAPPED+SELF                                  -> ADD_STATE
  x=167 BUILT+AMB+UNREAD+CAPPED+SELF                            -> RAISE_BUDGET
  x=168 NOTWIN+CAPPED+SELF                                      -> AUTHOR_SUCCESSOR
  x=169 BUILT+NOTWIN+CAPPED+SELF                                -> RESHAPE
  x=170 AMB+NOTWIN+CAPPED+SELF                                  -> ADD_STATE
  x=171 BUILT+AMB+NOTWIN+CAPPED+SELF                            -> ADD_STATE
  x=172 UNREAD+NOTWIN+CAPPED+SELF                               -> ADD_MATERIAL
  x=173 BUILT+UNREAD+NOTWIN+CAPPED+SELF                         -> ADD_MATERIAL
  x=174 AMB+UNREAD+NOTWIN+CAPPED+SELF                           -> ADD_STATE
  x=175 BUILT+AMB+UNREAD+NOTWIN+CAPPED+SELF                     -> ADD_STATE
  x=176 HIDDEN+CAPPED+SELF                                      -> CHANGE_GRANULARITY
  x=177 BUILT+HIDDEN+CAPPED+SELF                                -> CHANGE_GRANULARITY
  x=178 AMB+HIDDEN+CAPPED+SELF                                  -> ADD_STATE
  x=179 BUILT+AMB+HIDDEN+CAPPED+SELF                            -> ADD_STATE
  x=180 UNREAD+HIDDEN+CAPPED+SELF                               -> ADD_MATERIAL
  x=181 BUILT+UNREAD+HIDDEN+CAPPED+SELF                         -> ADD_MATERIAL
  x=182 AMB+UNREAD+HIDDEN+CAPPED+SELF                           -> ADD_STATE
  x=183 BUILT+AMB+UNREAD+HIDDEN+CAPPED+SELF                     -> RAISE_BUDGET
  x=184 NOTWIN+HIDDEN+CAPPED+SELF                               -> AUTHOR_SUCCESSOR
  x=185 BUILT+NOTWIN+HIDDEN+CAPPED+SELF                         -> RESHAPE
  x=186 AMB+NOTWIN+HIDDEN+CAPPED+SELF                           -> ADD_STATE
  x=187 BUILT+AMB+NOTWIN+HIDDEN+CAPPED+SELF                     -> ADD_STATE
  x=188 UNREAD+NOTWIN+HIDDEN+CAPPED+SELF                        -> ADD_MATERIAL
  x=189 BUILT+UNREAD+NOTWIN+HIDDEN+CAPPED+SELF                  -> ADD_MATERIAL
  x=190 AMB+UNREAD+NOTWIN+HIDDEN+CAPPED+SELF                    -> ADD_STATE
  x=191 BUILT+AMB+UNREAD+NOTWIN+HIDDEN+CAPPED+SELF              -> ADD_STATE
  x=192 REFUTED+SELF                                            -> HARVEST_COUNTEREXAMPLE
  x=193 BUILT+REFUTED+SELF                                      -> HARVEST_COUNTEREXAMPLE
  x=194 AMB+REFUTED+SELF                                        -> ADD_STATE
  x=195 BUILT+AMB+REFUTED+SELF                                  -> ADD_STATE
  x=196 UNREAD+REFUTED+SELF                                     -> ADD_MATERIAL
  x=197 BUILT+UNREAD+REFUTED+SELF                               -> ADD_MATERIAL
  x=198 AMB+UNREAD+REFUTED+SELF                                 -> ADD_STATE
  x=199 BUILT+AMB+UNREAD+REFUTED+SELF                           -> RAISE_BUDGET
  x=200 NOTWIN+REFUTED+SELF                                     -> AUTHOR_SUCCESSOR
  x=201 BUILT+NOTWIN+REFUTED+SELF                               -> RESHAPE
  x=202 AMB+NOTWIN+REFUTED+SELF                                 -> ADD_STATE
  x=203 BUILT+AMB+NOTWIN+REFUTED+SELF                           -> ADD_STATE
  x=204 UNREAD+NOTWIN+REFUTED+SELF                              -> ADD_MATERIAL
  x=205 BUILT+UNREAD+NOTWIN+REFUTED+SELF                        -> ADD_MATERIAL
  x=206 AMB+UNREAD+NOTWIN+REFUTED+SELF                          -> ADD_STATE
  x=207 BUILT+AMB+UNREAD+NOTWIN+REFUTED+SELF                    -> ADD_STATE
  x=208 HIDDEN+REFUTED+SELF                                     -> CHANGE_GRANULARITY
  x=209 BUILT+HIDDEN+REFUTED+SELF                               -> CHANGE_GRANULARITY
  x=210 AMB+HIDDEN+REFUTED+SELF                                 -> ADD_STATE
  x=211 BUILT+AMB+HIDDEN+REFUTED+SELF                           -> ADD_STATE
  x=212 UNREAD+HIDDEN+REFUTED+SELF                              -> ADD_MATERIAL
  x=213 BUILT+UNREAD+HIDDEN+REFUTED+SELF                        -> ADD_MATERIAL
  x=214 AMB+UNREAD+HIDDEN+REFUTED+SELF                          -> ADD_STATE
  x=215 BUILT+AMB+UNREAD+HIDDEN+REFUTED+SELF                    -> RAISE_BUDGET
  x=216 NOTWIN+HIDDEN+REFUTED+SELF                              -> AUTHOR_SUCCESSOR
  x=217 BUILT+NOTWIN+HIDDEN+REFUTED+SELF                        -> RESHAPE
  x=218 AMB+NOTWIN+HIDDEN+REFUTED+SELF                          -> ADD_STATE
  x=219 BUILT+AMB+NOTWIN+HIDDEN+REFUTED+SELF                    -> ADD_STATE
  x=220 UNREAD+NOTWIN+HIDDEN+REFUTED+SELF                       -> ADD_MATERIAL
  x=221 BUILT+UNREAD+NOTWIN+HIDDEN+REFUTED+SELF                 -> ADD_MATERIAL
  x=222 AMB+UNREAD+NOTWIN+HIDDEN+REFUTED+SELF                   -> ADD_STATE
  x=223 BUILT+AMB+UNREAD+NOTWIN+HIDDEN+REFUTED+SELF             -> ADD_STATE
  x=224 CAPPED+REFUTED+SELF                                     -> RAISE_BUDGET
  x=225 BUILT+CAPPED+REFUTED+SELF                               -> RAISE_BUDGET
  x=226 AMB+CAPPED+REFUTED+SELF                                 -> ADD_STATE
  x=227 BUILT+AMB+CAPPED+REFUTED+SELF                           -> ADD_STATE
  x=228 UNREAD+CAPPED+REFUTED+SELF                              -> ADD_MATERIAL
  x=229 BUILT+UNREAD+CAPPED+REFUTED+SELF                        -> ADD_MATERIAL
  x=230 AMB+UNREAD+CAPPED+REFUTED+SELF                          -> ADD_STATE
  x=231 BUILT+AMB+UNREAD+CAPPED+REFUTED+SELF                    -> RAISE_BUDGET
  x=232 NOTWIN+CAPPED+REFUTED+SELF                              -> AUTHOR_SUCCESSOR
  x=233 BUILT+NOTWIN+CAPPED+REFUTED+SELF                        -> RESHAPE
  x=234 AMB+NOTWIN+CAPPED+REFUTED+SELF                          -> ADD_STATE
  x=235 BUILT+AMB+NOTWIN+CAPPED+REFUTED+SELF                    -> ADD_STATE
  x=236 UNREAD+NOTWIN+CAPPED+REFUTED+SELF                       -> ADD_MATERIAL
  x=237 BUILT+UNREAD+NOTWIN+CAPPED+REFUTED+SELF                 -> ADD_MATERIAL
  x=238 AMB+UNREAD+NOTWIN+CAPPED+REFUTED+SELF                   -> ADD_STATE
  x=239 BUILT+AMB+UNREAD+NOTWIN+CAPPED+REFUTED+SELF             -> ADD_STATE
  x=240 HIDDEN+CAPPED+REFUTED+SELF                              -> CHANGE_GRANULARITY
  x=241 BUILT+HIDDEN+CAPPED+REFUTED+SELF                        -> CHANGE_GRANULARITY
  x=242 AMB+HIDDEN+CAPPED+REFUTED+SELF                          -> ADD_STATE
  x=243 BUILT+AMB+HIDDEN+CAPPED+REFUTED+SELF                    -> ADD_STATE
  x=244 UNREAD+HIDDEN+CAPPED+REFUTED+SELF                       -> ADD_MATERIAL
  x=245 BUILT+UNREAD+HIDDEN+CAPPED+REFUTED+SELF                 -> ADD_MATERIAL
  x=246 AMB+UNREAD+HIDDEN+CAPPED+REFUTED+SELF                   -> ADD_STATE
  x=247 BUILT+AMB+UNREAD+HIDDEN+CAPPED+REFUTED+SELF             -> RAISE_BUDGET
  x=248 NOTWIN+HIDDEN+CAPPED+REFUTED+SELF                       -> AUTHOR_SUCCESSOR
  x=249 BUILT+NOTWIN+HIDDEN+CAPPED+REFUTED+SELF                 -> RESHAPE
  x=250 AMB+NOTWIN+HIDDEN+CAPPED+REFUTED+SELF                   -> ADD_STATE
  x=251 BUILT+AMB+NOTWIN+HIDDEN+CAPPED+REFUTED+SELF             -> ADD_STATE
  x=252 UNREAD+NOTWIN+HIDDEN+CAPPED+REFUTED+SELF                -> ADD_MATERIAL
  x=253 BUILT+UNREAD+NOTWIN+HIDDEN+CAPPED+REFUTED+SELF          -> ADD_MATERIAL
  x=254 AMB+UNREAD+NOTWIN+HIDDEN+CAPPED+REFUTED+SELF            -> ADD_STATE
  x=255 BUILT+AMB+UNREAD+NOTWIN+HIDDEN+CAPPED+REFUTED+SELF      -> ADD_STATE
