..................................................................F..... [ 32%]
........................................................................ [ 65%]
........................................................................ [ 97%]
.....                                                                    [100%]
=================================== FAILURES ===================================
__________________ test_multiline_logic_fix_from_one_example ___________________

tmp_path = PosixPath('/private/var/folders/4q/6wgnhcc575n88s9hzdv_c7m80000gn/T/pytest-of-kanchetidevieswar/pytest-1/test_multiline_logic_fix_from_0')
clean_registry = None

    def test_multiline_logic_fix_from_one_example(tmp_path, clean_registry):
        # A taught class may rewrite its ONE defective line into a corrected
        # BLOCK — new control flow, not a token flip. Taught from one worked
        # example (a zero-guard incident) and generalising to a second member
        # with different names, zero new examples. Live-proven 2026-08-31;
        # pinned here so the multi-line claim is CI-enforced.
        def zero_guard(line, o):
            m = re.match(r"^(\s*)return (\w+) / (\w+)$", line)
            if not m:
                return [line]
            ind, a, b = m.groups()
            return [f"{ind}if {b} == 0:\n{ind}    return 0\n{ind}return {a} / {b}"]
    
        register(4, "missing-zero-guard",
                 "a bare x / y return with no guard for y == 0",
                 re.compile(r"return \w+ / \w+"), zero_guard)
        (tmp_path / "mod.py").write_text(
            "def safe_div(a, b):\n    return a / b\n\n"
            "def rate(events, seconds):\n    return events / seconds\n")
        (tmp_path / "test_mod.py").write_text(
            "from mod import safe_div, rate\n\ndef test_div():\n"
            "    assert safe_div(6, 2) == 3\n    assert safe_div(5, 0) == 0\n")
        oracle = Oracle(str(tmp_path), python=sys.executable)
        from fluidfix import guard_once
        r1 = guard_once(oracle, MechanicalObserver())
        assert r1.status == "repaired"
        body = (tmp_path / "mod.py").read_text()
        assert "    if b == 0:\n        return 0\n    return a / b" in body
    
        # second member of the class, same dictionary, no new example
        (tmp_path / "test_mod.py").write_text(
            "from mod import safe_div, rate\n\ndef test_div():\n"
            "    assert safe_div(5, 0) == 0\n\ndef test_rate():\n"
            "    assert rate(10, 0) == 0\n")
        r2 = guard_once(oracle, MechanicalObserver())
>       assert r2.status == "repaired"
E       AssertionError: assert 'refused' == 'repaired'
E         
E         - repaired
E         + refused

tests/test_context_transforms.py:133: AssertionError
=========================== short test summary info ============================
FAILED tests/test_context_transforms.py::test_multiline_logic_fix_from_one_example
1 failed, 220 passed in 662.18s (0:11:02)
