== guard result ==
  status=repaired file=mod.py seconds=6.3
== rank_observations calls ==
  call 0: rel=mod.py retried kwarg=None n_obs=9
    incoming order: [2, 3, 4, 6, 8, 10, 13, 14, 15]
    line  2: byte=00101100 priority=2  [NAMED+SIGNALED+CHEAP]
    line  3: byte=00101100 priority=2  [NAMED+SIGNALED+CHEAP]
    line  4: byte=00101100 priority=2  [NAMED+SIGNALED+CHEAP]
    line  6: byte=00101100 priority=2  [NAMED+SIGNALED+CHEAP]
    line  8: byte=00101100 priority=2  [NAMED+SIGNALED+CHEAP]
    line 10: byte=00101100 priority=2  [NAMED+SIGNALED+CHEAP]
    line 13: byte=00101100 priority=2  [NAMED+SIGNALED+CHEAP]
    line 14: byte=00101100 priority=2  [NAMED+SIGNALED+CHEAP]
    line 15: byte=00101100 priority=2  [NAMED+SIGNALED+CHEAP]
    law order:      [2, 3, 4, 6, 8, 10, 13, 14, 15]
    tie classes (priority -> members): {2: 9}
== suite runs spent (rejected candidates) ==
  rejected total: 19 (+0 unlogged)
  rejected on tied-but-wrong lines: 18 on lines ['10', '14', '15', '2', '3', '4', '6', '8']
  rejected on the defect line 13:  1
  repaired: True  reason: engine law: BUILT -> SHIP
